******************************************************************************
            TI ARM Clang Linker PC v4.0.3                      
******************************************************************************
>> Linked Sat Aug  2 00:32:14 2025

OUTPUT FILE NAME:   <empty_LP_MSPM0G3507_nortos_ticlang.out>
ENTRY POINT SYMBOL: "_c_int00_noargs"  address: 00001449


MEMORY CONFIGURATION

         name            origin    length      used     unused   attr    fill
----------------------  --------  ---------  --------  --------  ----  --------
  FLASH                 00000000   00020000  00001aa8  0001e558  R  X
  SRAM                  20200000   00008000  000003c3  00007c3d  RW X
  BCR_CONFIG            41c00000   000000ff  00000000  000000ff  R   
  BSL_CONFIG            41c00100   00000080  00000000  00000080  R   


SEGMENT ALLOCATION MAP

run origin  load origin   length   init length attrs members
----------  ----------- ---------- ----------- ----- -------
00000000    00000000    00001aa8   00001aa8    r-x
  00000000    00000000    000000c0   000000c0    r-- .intvecs
  000000c0    000000c0    00001930   00001930    r-x .text
  000019f0    000019f0    00000088   00000088    r-- .rodata
  00001a78    00001a78    00000030   00000030    r-- .cinit
20200000    20200000    000001c3   00000000    rw-
  20200000    20200000    000001b8   00000000    rw- .bss
  202001b8    202001b8    0000000b   00000000    rw- .data
20207e00    20207e00    00000200   00000000    rw-
  20207e00    20207e00    00000200   00000000    rw- .stack


SECTION ALLOCATION MAP

 output                                  attributes/
section   page    origin      length       input sections
--------  ----  ----------  ----------   ----------------
.intvecs   0    00000000    000000c0     
                  00000000    000000c0     startup_mspm0g350x_ticlang.o (.intvecs)

.text      0    000000c0    00001930     
                  000000c0    00000294     grey_sensor.o (.text.Light_GoStraight_control)
                  00000354    000001c8     ti_msp_dl_config.o (.text.SYSCFG_DL_GPIO_init)
                  0000051c    00000178     encoder.o (.text.GROUP1_IRQHandler)
                  00000694    00000128     motor.o (.text.Motor_SetSpeed)
                  000007bc    00000108     grey_sensor.o (.text.Get_Light_TTL)
                  000008c4    00000104     driverlib.a : dl_timer.o (.text.DL_Timer_initFourCCPWMMode)
                  000009c8    000000e8                 : dl_timer.o (.text.DL_Timer_initTimerMode)
                  00000ab0    000000e4     control.o (.text.control)
                  00000b94    000000dc     driverlib.a : dl_sysctl_mspm0g1x0x_g3x0x.o (.text.DL_SYSCTL_configSYSPLL)
                  00000c70    000000dc     uart.o (.text.UART1_IRQHandler)
                  00000d4c    000000c0     empty.o (.text.main)
                  00000e0c    000000a0     ti_msp_dl_config.o (.text.SYSCFG_DL_initPower)
                  00000eac    00000090     ti_msp_dl_config.o (.text.SYSCFG_DL_PWM_ENCODER_init)
                  00000f3c    00000084     ti_msp_dl_config.o (.text.__NVIC_SetPriority)
                  00000fc0    0000007c     libc.a : copy_decompress_lzss.c.obj (.text:decompress:lzss)
                  0000103c    0000004c     ti_msp_dl_config.o (.text.DL_UART_setBaudRateDivisor)
                  00001088    00000048     driverlib.a : dl_uart.o (.text.DL_UART_init)
                  000010d0    00000048     ti_msp_dl_config.o (.text.SYSCFG_DL_SYSCTL_init)
                  00001118    00000048     ti_msp_dl_config.o (.text.SYSCFG_DL_UART_TJC_init)
                  00001160    00000048     ti_msp_dl_config.o (.text.SYSCFG_DL_init)
                  000011a8    00000044     driverlib.a : dl_sysctl_mspm0g1x0x_g3x0x.o (.text.DL_SYSCTL_switchMCLKfromSYSOSCtoHSCLK)
                  000011ec    00000040     ti_msp_dl_config.o (.text.SYSCFG_DL_UART_CV_init)
                  0000122c    00000040     ti_msp_dl_config.o (.text.SYSCFG_DL_UART_STM_init)
                  0000126c    00000040     libclang_rt.builtins.a : aeabi_uidivmod.S.obj (.text.__aeabi_uidivmod)
                  000012ac    0000003c     ti_msp_dl_config.o (.text.DL_Timer_setCounterControl)
                  000012e8    0000003c     ti_msp_dl_config.o (.text.SYSCFG_DL_TIMER_LOGIC_init)
                  00001324    0000003c     libc.a : autoinit.c.obj (.text:__TI_auto_init_nobinit_nopinit)
                  00001360    00000034     ti_msp_dl_config.o (.text.DL_GPIO_initDigitalInputFeatures)
                  00001394    00000034     ti_msp_dl_config.o (.text.SYSCFG_DL_TIMER_BUTTON_init)
                  000013c8    0000002c     empty.o (.text.__NVIC_ClearPendingIRQ)
                  000013f4    0000002c     empty.o (.text.__NVIC_EnableIRQ)
                  00001420    00000028     ti_msp_dl_config.o (.text.DL_Common_updateReg)
                  00001448    00000028     libc.a : boot_cortex_m.c.obj (.text:_c_int00_noargs)
                  00001470    00000020     ti_msp_dl_config.o (.text.DL_GPIO_initPeripheralInputFunction)
                  00001490    00000020     ti_msp_dl_config.o (.text.DL_SYSCTL_setFlashWaitState)
                  000014b0    00000020     control_logic.o (.text.TIMA1_IRQHandler)
                  000014d0    0000001e     ti_msp_dl_config.o (.text.DL_UART_setOversampling)
                  000014ee    00000002     libclang_rt.builtins.a : aeabi_div0.c.obj (.text.__aeabi_idiv0)
                  000014f0    0000001c     encoder.o (.text.DL_GPIO_clearInterruptStatus)
                  0000150c    0000001c     ti_msp_dl_config.o (.text.DL_GPIO_clearInterruptStatus)
                  00001528    0000001c     ti_msp_dl_config.o (.text.DL_GPIO_enableInterrupt)
                  00001544    0000001c     ti_msp_dl_config.o (.text.DL_GPIO_initPeripheralOutputFunction)
                  00001560    0000001c     ti_msp_dl_config.o (.text.DL_GPIO_setLowerPinsPolarity)
                  0000157c    0000001c     ti_msp_dl_config.o (.text.DL_SYSCTL_setSYSOSCFreq)
                  00001598    0000001c     ti_msp_dl_config.o (.text.DL_SYSCTL_setULPCLKDivider)
                  000015b4    0000001c     empty.o (.text.DL_Timer_enableInterrupt)
                  000015d0    0000001c     ti_msp_dl_config.o (.text.DL_Timer_enableInterrupt)
                  000015ec    0000001c     driverlib.a : dl_timer.o (.text.DL_Timer_setCaptCompUpdateMethod)
                  00001608    0000001c                 : dl_timer.o (.text.DL_Timer_setClockConfig)
                  00001624    0000001c     ti_msp_dl_config.o (.text.DL_UART_enableInterrupt)
                  00001640    00000018     ti_msp_dl_config.o (.text.DL_GPIO_enableOutput)
                  00001658    00000018     ti_msp_dl_config.o (.text.DL_GPIO_enablePower)
                  00001670    00000018     encoder.o (.text.DL_GPIO_getEnabledInterruptStatus)
                  00001688    00000018     ti_msp_dl_config.o (.text.DL_GPIO_initDigitalOutput)
                  000016a0    00000018     ti_msp_dl_config.o (.text.DL_GPIO_reset)
                  000016b8    00000018     empty.o (.text.DL_GPIO_setPins)
                  000016d0    00000018     encoder.o (.text.DL_GPIO_setPins)
                  000016e8    00000018     motor.o (.text.DL_GPIO_setPins)
                  00001700    00000018     ti_msp_dl_config.o (.text.DL_GPIO_setUpperPinsPolarity)
                  00001718    00000018     ti_msp_dl_config.o (.text.DL_SYSCTL_setBORThreshold)
                  00001730    00000018     control_logic.o (.text.DL_Timer_clearInterruptStatus)
                  00001748    00000018     ti_msp_dl_config.o (.text.DL_Timer_enablePower)
                  00001760    00000018     ti_msp_dl_config.o (.text.DL_Timer_reset)
                  00001778    00000018     driverlib.a : dl_timer.o (.text.DL_Timer_setCaptureCompareOutCtl)
                  00001790    00000018     motor.o (.text.DL_Timer_startCounter)
                  000017a8    00000018     motor.o (.text.DL_Timer_stopCounter)
                  000017c0    00000018     ti_msp_dl_config.o (.text.DL_UART_enablePower)
                  000017d8    00000018     ti_msp_dl_config.o (.text.DL_UART_reset)
                  000017f0    00000016     grey_sensor.o (.text.DL_GPIO_readPins)
                  00001806    00000016     ti_msp_dl_config.o (.text.DL_UART_enable)
                  0000181c    00000016     libc.a : copy_zero_init.c.obj (.text:decompress:ZI:__TI_zero_init_nomemset)
                  00001832    00000014     empty.o (.text.DL_GPIO_clearPins)
                  00001846    00000014     encoder.o (.text.DL_GPIO_clearPins)
                  0000185a    00000014     motor.o (.text.DL_GPIO_clearPins)
                  0000186e    00000014     ti_msp_dl_config.o (.text.DL_GPIO_clearPins)
                  00001882    00000002     --HOLE-- [fill = 0]
                  00001884    00000014     ti_msp_dl_config.o (.text.DL_SYSCTL_disableSYSPLL)
                  00001898    00000014     ti_msp_dl_config.o (.text.DL_Timer_enableClock)
                  000018ac    00000014     ti_msp_dl_config.o (.text.DL_Timer_setCCPDirection)
                  000018c0    00000014     uart.o (.text.DL_UART_receiveData)
                  000018d4    00000012     control_logic.o (.text.DL_Timer_getPendingInterrupt)
                  000018e6    00000012     uart.o (.text.DL_UART_getPendingInterrupt)
                  000018f8    00000012     driverlib.a : dl_uart.o (.text.DL_UART_setClockConfig)
                  0000190a    00000012     libc.a : memcpy16.S.obj (.text:TI_memcpy_small)
                  0000191c    00000012            : copy_decompress_none.c.obj (.text:decompress:none)
                  0000192e    00000002     --HOLE-- [fill = 0]
                  00001930    00000010     ti_msp_dl_config.o (.text.DL_SYSCTL_disableHFXT)
                  00001940    00000010     driverlib.a : dl_timer.o (.text.DL_Timer_setCaptureCompareValue)
                  00001950    00000010     motor.o (.text.Motor_Disable)
                  00001960    0000000a     driverlib.a : dl_common.o (.text.DL_Common_delayCycles)
                  0000196a    00000002     --HOLE-- [fill = 0]
                  0000196c    00000008     libclang_rt.builtins.a : aeabi_memcpy.S.obj (.text.__aeabi_memcpy)
                  00001974    00000006     libc.a : exit.c.obj (.text:abort)
                  0000197a    00000004     control_logic.o (.text.ADC0_IRQHandler)
                  0000197e    00000004     control_logic.o (.text.ADC1_IRQHandler)
                  00001982    00000004     control_logic.o (.text.AES_IRQHandler)
                  00001986    00000004     control_logic.o (.text.CANFD0_IRQHandler)
                  0000198a    00000004     control_logic.o (.text.DAC0_IRQHandler)
                  0000198e    00000004     control_logic.o (.text.DMA_IRQHandler)
                  00001992    00000004     startup_mspm0g350x_ticlang.o (.text.Default_Handler)
                  00001996    00000004     control_logic.o (.text.GROUP0_IRQHandler)
                  0000199a    00000004     libsysbm.a : hostexit.c.obj (.text.HOSTexit)
                  0000199e    00000004     control_logic.o (.text.HardFault_Handler)
                  000019a2    00000004     control_logic.o (.text.I2C0_IRQHandler)
                  000019a6    00000004     control_logic.o (.text.I2C1_IRQHandler)
                  000019aa    00000004     control_logic.o (.text.NMI_Handler)
                  000019ae    00000004     control_logic.o (.text.PendSV_Handler)
                  000019b2    00000004     control_logic.o (.text.RTC_IRQHandler)
                  000019b6    00000004     startup_mspm0g350x_ticlang.o (.text.Reset_Handler)
                  000019ba    00000004     control_logic.o (.text.SPI0_IRQHandler)
                  000019be    00000004     control_logic.o (.text.SPI1_IRQHandler)
                  000019c2    00000004     control_logic.o (.text.SVC_Handler)
                  000019c6    00000004     control_logic.o (.text.SysTick_Handler)
                  000019ca    00000004     control_logic.o (.text.TIMG12_IRQHandler)
                  000019ce    00000004     control_logic.o (.text.TIMG6_IRQHandler)
                  000019d2    00000004     control_logic.o (.text.TIMG7_IRQHandler)
                  000019d6    00000004     control_logic.o (.text.TIMG8_IRQHandler)
                  000019da    00000004     control_logic.o (.text.UART0_IRQHandler)
                  000019de    00000004     control_logic.o (.text.UART2_IRQHandler)
                  000019e2    00000004     control_logic.o (.text.UART3_IRQHandler)
                  000019e6    00000004     libc.a : pre_init.c.obj (.text._system_pre_init)
                  000019ea    00000006     --HOLE-- [fill = 0]

.cinit     0    00001a78    00000030     
                  00001a78    0000000c     (__TI_handler_table)
                  00001a84    0000000a     (.cinit..data.load) [load image, compression = lzss]
                  00001a8e    00000002     --HOLE-- [fill = 0]
                  00001a90    00000008     (.cinit..bss.load) [load image, compression = zero_init]
                  00001a98    00000010     (__TI_cinit_table)

.rodata    0    000019f0    00000088     
                  000019f0    00000028     ti_msp_dl_config.o (.rodata.gSYSPLLConfig)
                  00001a18    00000014     ti_msp_dl_config.o (.rodata.gTIMER_BUTTONTimerConfig)
                  00001a2c    00000014     ti_msp_dl_config.o (.rodata.gTIMER_LOGICTimerConfig)
                  00001a40    0000000a     ti_msp_dl_config.o (.rodata.gUART_CVConfig)
                  00001a4a    0000000a     ti_msp_dl_config.o (.rodata.gUART_STMConfig)
                  00001a54    0000000a     ti_msp_dl_config.o (.rodata.gUART_TJCConfig)
                  00001a5e    00000002     ti_msp_dl_config.o (.rodata.gUART_CVClockConfig)
                  00001a60    00000008     ti_msp_dl_config.o (.rodata.gPWM_ENCODERConfig)
                  00001a68    00000003     ti_msp_dl_config.o (.rodata.gPWM_ENCODERClockConfig)
                  00001a6b    00000003     ti_msp_dl_config.o (.rodata.gTIMER_BUTTONClockConfig)
                  00001a6e    00000003     ti_msp_dl_config.o (.rodata.gTIMER_LOGICClockConfig)
                  00001a71    00000002     ti_msp_dl_config.o (.rodata.gUART_STMClockConfig)
                  00001a73    00000002     ti_msp_dl_config.o (.rodata.gUART_TJCClockConfig)
                  00001a75    00000003     --HOLE-- [fill = 0]

.init_array 
*          0    00000000    00000000     UNINITIALIZED

.binit     0    00000000    00000000     

.bss       0    20200000    000001b8     UNINITIALIZED
                  20200000    000000bc     (.common:gPWM_ENCODERBackup)
                  202000bc    000000bc     (.common:gTIMER_LOGICBackup)
                  20200178    00000030     (.common:gUART_STMBackup)
                  202001a8    00000004     (.common:gpio_interrupt_key)
                  202001ac    00000002     motor.o (.bss.Motor_SetSpeed.speed1_out)
                  202001ae    00000002     motor.o (.bss.Motor_SetSpeed.speed2_out)
                  202001b0    00000001     (.common:L1_Val)
                  202001b1    00000001     (.common:L2_Val)
                  202001b2    00000001     (.common:L3_Val)
                  202001b3    00000001     (.common:M_Val)
                  202001b4    00000001     (.common:R1_Val)
                  202001b5    00000001     (.common:R2_Val)
                  202001b6    00000001     (.common:R3_Val)
                  202001b7    00000001     (.common:sensor_state)

.data      0    202001b8    0000000b     UNINITIALIZED
                  202001b8    00000004     grey_sensor.o (.data.Line_Num)
                  202001bc    00000001     control.o (.data.corner_count)
                  202001bd    00000001     control.o (.data.cur_circle)
                  202001be    00000001     control.o (.data.current_state)
                  202001bf    00000001     uart.o (.data.receive_state)
                  202001c0    00000001     uart.o (.data.received_number)
                  202001c1    00000001     encoder.o (.data.start_flag)
                  202001c2    00000001     encoder.o (.data.tar_circle)

.stack     0    20207e00    00000200     UNINITIALIZED
                  20207e00    00000004     libc.a : boot_cortex_m.c.obj (.stack)
                  20207e04    000001fc     --HOLE--

__llvm_prf_cnts 
*          0    20200000    00000000     UNINITIALIZED

__llvm_prf_bits 
*          0    20200000    00000000     UNINITIALIZED

MODULE SUMMARY

       Module                         code   ro data   rw data
       ------                         ----   -------   -------
    .\
       ti_msp_dl_config.o             2252   133       424    
       empty.o                        352    0         0      
       startup_mspm0g350x_ticlang.o   8      192       0      
    +--+------------------------------+------+---------+---------+
       Total:                         2612   325       424    
                                                              
    .\User\
       grey_sensor.o                  946    0         12     
       encoder.o                      472    0         6      
       motor.o                        404    0         4      
       uart.o                         258    0         2      
       control.o                      228    0         3      
       control_logic.o                170    0         0      
    +--+------------------------------+------+---------+---------+
       Total:                         2478   0         27     
                                                              
    C:/ti/mspm0_sdk_2_05_01_00/source/ti/driverlib/lib/ticlang/m0p/mspm0g1x0x_g3x0x/driverlib.a
       dl_timer.o                     588    0         0      
       dl_sysctl_mspm0g1x0x_g3x0x.o   288    0         0      
       dl_uart.o                      90     0         0      
       dl_common.o                    10     0         0      
    +--+------------------------------+------+---------+---------+
       Total:                         976    0         0      
                                                              
    C:\ti\ccs2020\ccs\tools\compiler\ti-cgt-armllvm_4.0.3.LTS\lib\armv6m-ti-none-eabi/c/libc.a
       copy_decompress_lzss.c.obj     124    0         0      
       autoinit.c.obj                 60     0         0      
       boot_cortex_m.c.obj            40     0         0      
       copy_zero_init.c.obj           22     0         0      
       copy_decompress_none.c.obj     18     0         0      
       memcpy16.S.obj                 18     0         0      
       exit.c.obj                     6      0         0      
       pre_init.c.obj                 4      0         0      
    +--+------------------------------+------+---------+---------+
       Total:                         292    0         0      
                                                              
    C:\ti\ccs2020\ccs\tools\compiler\ti-cgt-armllvm_4.0.3.LTS\lib\armv6m-ti-none-eabi/c/libsysbm.a
       hostexit.c.obj                 4      0         0      
    +--+------------------------------+------+---------+---------+
       Total:                         4      0         0      
                                                              
    C:\ti\ccs2020\ccs\tools\compiler\ti-cgt-armllvm_4.0.3.LTS\lib\armv6m-ti-none-eabi/libclang_rt.builtins.a
       aeabi_uidivmod.S.obj           64     0         0      
       aeabi_memcpy.S.obj             8      0         0      
       aeabi_div0.c.obj               2      0         0      
    +--+------------------------------+------+---------+---------+
       Total:                         74     0         0      
                                                              
       Stack:                         0      0         512    
       Linker Generated:              0      46        0      
    +--+------------------------------+------+---------+---------+
       Grand Total:                   6436   371       963    


LINKER GENERATED COPY TABLES

__TI_cinit_table @ 00001a98 records: 2, size/record: 8, table size: 16
	.data: load addr=00001a84, load size=0000000a bytes, run addr=202001b8, run size=0000000b bytes, compression=lzss
	.bss: load addr=00001a90, load size=00000008 bytes, run addr=20200000, run size=000001b8 bytes, compression=zero_init


LINKER GENERATED HANDLER TABLE

__TI_handler_table @ 00001a78 records: 3, size/record: 4, table size: 12
	index: 0, handler: __TI_decompress_lzss
	index: 1, handler: __TI_decompress_none
	index: 2, handler: __TI_zero_init


GLOBAL SYMBOLS: SORTED ALPHABETICALLY BY Name 

address   name                                 
-------   ----                                 
0000197b  ADC0_IRQHandler                      
0000197f  ADC1_IRQHandler                      
00001983  AES_IRQHandler                       
0000199a  C$$EXIT                              
00001987  CANFD0_IRQHandler                    
0000198b  DAC0_IRQHandler                      
00001961  DL_Common_delayCycles                
00000b95  DL_SYSCTL_configSYSPLL               
000011a9  DL_SYSCTL_switchMCLKfromSYSOSCtoHSCLK
000008c5  DL_Timer_initFourCCPWMMode           
000009c9  DL_Timer_initTimerMode               
000015ed  DL_Timer_setCaptCompUpdateMethod     
00001779  DL_Timer_setCaptureCompareOutCtl     
00001941  DL_Timer_setCaptureCompareValue      
00001609  DL_Timer_setClockConfig              
00001089  DL_UART_init                         
000018f9  DL_UART_setClockConfig               
0000198f  DMA_IRQHandler                       
00001993  Default_Handler                      
00001997  GROUP0_IRQHandler                    
0000051d  GROUP1_IRQHandler                    
000007bd  Get_Light_TTL                        
0000199b  HOSTexit                             
0000199f  HardFault_Handler                    
000019a3  I2C0_IRQHandler                      
000019a7  I2C1_IRQHandler                      
202001b0  L1_Val                               
202001b1  L2_Val                               
202001b2  L3_Val                               
000000c1  Light_GoStraight_control             
202001b8  Line_Num                             
202001b3  M_Val                                
00001951  Motor_Disable                        
00000695  Motor_SetSpeed                       
000019ab  NMI_Handler                          
000019af  PendSV_Handler                       
202001b4  R1_Val                               
202001b5  R2_Val                               
202001b6  R3_Val                               
000019b3  RTC_IRQHandler                       
000019b7  Reset_Handler                        
000019bb  SPI0_IRQHandler                      
000019bf  SPI1_IRQHandler                      
000019c3  SVC_Handler                          
00000355  SYSCFG_DL_GPIO_init                  
00000ead  SYSCFG_DL_PWM_ENCODER_init           
000010d1  SYSCFG_DL_SYSCTL_init                
00001395  SYSCFG_DL_TIMER_BUTTON_init          
000012e9  SYSCFG_DL_TIMER_LOGIC_init           
000011ed  SYSCFG_DL_UART_CV_init               
0000122d  SYSCFG_DL_UART_STM_init              
00001119  SYSCFG_DL_UART_TJC_init              
00001161  SYSCFG_DL_init                       
00000e0d  SYSCFG_DL_initPower                  
000019c7  SysTick_Handler                      
00001993  TIMA0_IRQHandler                     
000014b1  TIMA1_IRQHandler                     
00001993  TIMG0_IRQHandler                     
000019cb  TIMG12_IRQHandler                    
000019cf  TIMG6_IRQHandler                     
000019d3  TIMG7_IRQHandler                     
000019d7  TIMG8_IRQHandler                     
0000190b  TI_memcpy_small                      
000019db  UART0_IRQHandler                     
00000c71  UART1_IRQHandler                     
000019df  UART2_IRQHandler                     
000019e3  UART3_IRQHandler                     
20208000  __STACK_END                          
00000200  __STACK_SIZE                         
00000000  __TI_ATRegion0_region_sz             
00000000  __TI_ATRegion0_src_addr              
00000000  __TI_ATRegion0_trg_addr              
00000000  __TI_ATRegion1_region_sz             
00000000  __TI_ATRegion1_src_addr              
00000000  __TI_ATRegion1_trg_addr              
00000000  __TI_ATRegion2_region_sz             
00000000  __TI_ATRegion2_src_addr              
00000000  __TI_ATRegion2_trg_addr              
00001a98  __TI_CINIT_Base                      
00001aa8  __TI_CINIT_Limit                     
00001aa8  __TI_CINIT_Warm                      
00001a78  __TI_Handler_Table_Base              
00001a84  __TI_Handler_Table_Limit             
00001325  __TI_auto_init_nobinit_nopinit       
00000fc1  __TI_decompress_lzss                 
0000191d  __TI_decompress_none                 
ffffffff  __TI_pprof_out_hndl                  
ffffffff  __TI_prof_data_size                  
ffffffff  __TI_prof_data_start                 
00000000  __TI_static_base__                   
0000181d  __TI_zero_init_nomemset              
000014ef  __aeabi_idiv0                        
0000196d  __aeabi_memcpy                       
0000196d  __aeabi_memcpy4                      
0000196d  __aeabi_memcpy8                      
0000126d  __aeabi_uidiv                        
0000126d  __aeabi_uidivmod                     
ffffffff  __binit__                            
UNDEFED   __mpu_init                           
20207e00  __stack                              
20200000  __start___llvm_prf_bits              
20200000  __start___llvm_prf_cnts              
20200000  __stop___llvm_prf_bits               
20200000  __stop___llvm_prf_cnts               
00001449  _c_int00_noargs                      
UNDEFED   _system_post_cinit                   
000019e7  _system_pre_init                     
00001975  abort                                
ffffffff  binit                                
00000ab1  control                              
202001bc  corner_count                         
202001bd  cur_circle                           
202001be  current_state                        
20200000  gPWM_ENCODERBackup                   
202000bc  gTIMER_LOGICBackup                   
20200178  gUART_STMBackup                      
202001a8  gpio_interrupt_key                   
00000000  interruptVectors                     
00000d4d  main                                 
202001b7  sensor_state                         
202001c1  start_flag                           
202001c2  tar_circle                           


GLOBAL SYMBOLS: SORTED BY Symbol Address 

address   name                                 
-------   ----                                 
00000000  __TI_ATRegion0_region_sz             
00000000  __TI_ATRegion0_src_addr              
00000000  __TI_ATRegion0_trg_addr              
00000000  __TI_ATRegion1_region_sz             
00000000  __TI_ATRegion1_src_addr              
00000000  __TI_ATRegion1_trg_addr              
00000000  __TI_ATRegion2_region_sz             
00000000  __TI_ATRegion2_src_addr              
00000000  __TI_ATRegion2_trg_addr              
00000000  __TI_static_base__                   
00000000  interruptVectors                     
000000c1  Light_GoStraight_control             
00000200  __STACK_SIZE                         
00000355  SYSCFG_DL_GPIO_init                  
0000051d  GROUP1_IRQHandler                    
00000695  Motor_SetSpeed                       
000007bd  Get_Light_TTL                        
000008c5  DL_Timer_initFourCCPWMMode           
000009c9  DL_Timer_initTimerMode               
00000ab1  control                              
00000b95  DL_SYSCTL_configSYSPLL               
00000c71  UART1_IRQHandler                     
00000d4d  main                                 
00000e0d  SYSCFG_DL_initPower                  
00000ead  SYSCFG_DL_PWM_ENCODER_init           
00000fc1  __TI_decompress_lzss                 
00001089  DL_UART_init                         
000010d1  SYSCFG_DL_SYSCTL_init                
00001119  SYSCFG_DL_UART_TJC_init              
00001161  SYSCFG_DL_init                       
000011a9  DL_SYSCTL_switchMCLKfromSYSOSCtoHSCLK
000011ed  SYSCFG_DL_UART_CV_init               
0000122d  SYSCFG_DL_UART_STM_init              
0000126d  __aeabi_uidiv                        
0000126d  __aeabi_uidivmod                     
000012e9  SYSCFG_DL_TIMER_LOGIC_init           
00001325  __TI_auto_init_nobinit_nopinit       
00001395  SYSCFG_DL_TIMER_BUTTON_init          
00001449  _c_int00_noargs                      
000014b1  TIMA1_IRQHandler                     
000014ef  __aeabi_idiv0                        
000015ed  DL_Timer_setCaptCompUpdateMethod     
00001609  DL_Timer_setClockConfig              
00001779  DL_Timer_setCaptureCompareOutCtl     
0000181d  __TI_zero_init_nomemset              
000018f9  DL_UART_setClockConfig               
0000190b  TI_memcpy_small                      
0000191d  __TI_decompress_none                 
00001941  DL_Timer_setCaptureCompareValue      
00001951  Motor_Disable                        
00001961  DL_Common_delayCycles                
0000196d  __aeabi_memcpy                       
0000196d  __aeabi_memcpy4                      
0000196d  __aeabi_memcpy8                      
00001975  abort                                
0000197b  ADC0_IRQHandler                      
0000197f  ADC1_IRQHandler                      
00001983  AES_IRQHandler                       
00001987  CANFD0_IRQHandler                    
0000198b  DAC0_IRQHandler                      
0000198f  DMA_IRQHandler                       
00001993  Default_Handler                      
00001993  TIMA0_IRQHandler                     
00001993  TIMG0_IRQHandler                     
00001997  GROUP0_IRQHandler                    
0000199a  C$$EXIT                              
0000199b  HOSTexit                             
0000199f  HardFault_Handler                    
000019a3  I2C0_IRQHandler                      
000019a7  I2C1_IRQHandler                      
000019ab  NMI_Handler                          
000019af  PendSV_Handler                       
000019b3  RTC_IRQHandler                       
000019b7  Reset_Handler                        
000019bb  SPI0_IRQHandler                      
000019bf  SPI1_IRQHandler                      
000019c3  SVC_Handler                          
000019c7  SysTick_Handler                      
000019cb  TIMG12_IRQHandler                    
000019cf  TIMG6_IRQHandler                     
000019d3  TIMG7_IRQHandler                     
000019d7  TIMG8_IRQHandler                     
000019db  UART0_IRQHandler                     
000019df  UART2_IRQHandler                     
000019e3  UART3_IRQHandler                     
000019e7  _system_pre_init                     
00001a78  __TI_Handler_Table_Base              
00001a84  __TI_Handler_Table_Limit             
00001a98  __TI_CINIT_Base                      
00001aa8  __TI_CINIT_Limit                     
00001aa8  __TI_CINIT_Warm                      
20200000  __start___llvm_prf_bits              
20200000  __start___llvm_prf_cnts              
20200000  __stop___llvm_prf_bits               
20200000  __stop___llvm_prf_cnts               
20200000  gPWM_ENCODERBackup                   
202000bc  gTIMER_LOGICBackup                   
20200178  gUART_STMBackup                      
202001a8  gpio_interrupt_key                   
202001b0  L1_Val                               
202001b1  L2_Val                               
202001b2  L3_Val                               
202001b3  M_Val                                
202001b4  R1_Val                               
202001b5  R2_Val                               
202001b6  R3_Val                               
202001b7  sensor_state                         
202001b8  Line_Num                             
202001bc  corner_count                         
202001bd  cur_circle                           
202001be  current_state                        
202001c1  start_flag                           
202001c2  tar_circle                           
20207e00  __stack                              
20208000  __STACK_END                          
ffffffff  __TI_pprof_out_hndl                  
ffffffff  __TI_prof_data_size                  
ffffffff  __TI_prof_data_start                 
ffffffff  __binit__                            
ffffffff  binit                                
UNDEFED   __mpu_init                           
UNDEFED   _system_post_cinit                   

[122 symbols]
