******************************************************************************
            TI ARM Clang Linker PC v4.0.3                      
******************************************************************************
>> Linked Fri Aug  1 12:08:41 2025

OUTPUT FILE NAME:   <empty_LP_MSPM0G3507_nortos_ticlang.out>
ENTRY POINT SYMBOL: "_c_int00_noargs"  address: 00001411


MEMORY CONFIGURATION

         name            origin    length      used     unused   attr    fill
----------------------  --------  ---------  --------  --------  ----  --------
  FLASH                 00000000   00020000  00001a70  0001e590  R  X
  SRAM                  20200000   00008000  000003c4  00007c3c  RW X
  BCR_CONFIG            41c00000   000000ff  00000000  000000ff  R   
  BSL_CONFIG            41c00100   00000080  00000000  00000080  R   


SEGMENT ALLOCATION MAP

run origin  load origin   length   init length attrs members
----------  ----------- ---------- ----------- ----- -------
00000000    00000000    00001a70   00001a70    r-x
  00000000    00000000    000000c0   000000c0    r-- .intvecs
  000000c0    000000c0    000018f8   000018f8    r-x .text
  000019b8    000019b8    00000088   00000088    r-- .rodata
  00001a40    00001a40    00000030   00000030    r-- .cinit
20200000    20200000    000001c6   00000000    rw-
  20200000    20200000    000001ba   00000000    rw- .bss
  202001bc    202001bc    0000000a   00000000    rw- .data
20207e00    20207e00    00000200   00000000    rw-
  20207e00    20207e00    00000200   00000000    rw- .stack


SECTION ALLOCATION MAP

 output                                  attributes/
section   page    origin      length       input sections
--------  ----  ----------  ----------   ----------------
.intvecs   0    00000000    000000c0     
                  00000000    000000c0     startup_mspm0g350x_ticlang.o (.intvecs)

.text      0    000000c0    000018f8     
                  000000c0    00000268     grey_sensor.o (.text.Light_GoStraight_control)
                  00000328    000001c8     ti_msp_dl_config.o (.text.SYSCFG_DL_GPIO_init)
                  000004f0    00000170     encoder.o (.text.GROUP1_IRQHandler)
                  00000660    00000128     motor.o (.text.Motor_SetSpeed)
                  00000788    00000108     grey_sensor.o (.text.Get_Light_TTL)
                  00000890    00000104     driverlib.a : dl_timer.o (.text.DL_Timer_initFourCCPWMMode)
                  00000994    000000fc     control.o (.text.control)
                  00000a90    000000e8     driverlib.a : dl_timer.o (.text.DL_Timer_initTimerMode)
                  00000b78    000000dc                 : dl_sysctl_mspm0g1x0x_g3x0x.o (.text.DL_SYSCTL_configSYSPLL)
                  00000c54    000000dc     uart.o (.text.UART1_IRQHandler)
                  00000d30    000000a4     empty.o (.text.main)
                  00000dd4    000000a0     ti_msp_dl_config.o (.text.SYSCFG_DL_initPower)
                  00000e74    00000090     ti_msp_dl_config.o (.text.SYSCFG_DL_PWM_ENCODER_init)
                  00000f04    00000084     ti_msp_dl_config.o (.text.__NVIC_SetPriority)
                  00000f88    0000007c     libc.a : copy_decompress_lzss.c.obj (.text:decompress:lzss)
                  00001004    0000004c     ti_msp_dl_config.o (.text.DL_UART_setBaudRateDivisor)
                  00001050    00000048     driverlib.a : dl_uart.o (.text.DL_UART_init)
                  00001098    00000048     ti_msp_dl_config.o (.text.SYSCFG_DL_SYSCTL_init)
                  000010e0    00000048     ti_msp_dl_config.o (.text.SYSCFG_DL_UART_TJC_init)
                  00001128    00000048     ti_msp_dl_config.o (.text.SYSCFG_DL_init)
                  00001170    00000044     driverlib.a : dl_sysctl_mspm0g1x0x_g3x0x.o (.text.DL_SYSCTL_switchMCLKfromSYSOSCtoHSCLK)
                  000011b4    00000040     ti_msp_dl_config.o (.text.SYSCFG_DL_UART_CV_init)
                  000011f4    00000040     ti_msp_dl_config.o (.text.SYSCFG_DL_UART_STM_init)
                  00001234    00000040     libclang_rt.builtins.a : aeabi_uidivmod.S.obj (.text.__aeabi_uidivmod)
                  00001274    0000003c     ti_msp_dl_config.o (.text.DL_Timer_setCounterControl)
                  000012b0    0000003c     ti_msp_dl_config.o (.text.SYSCFG_DL_TIMER_LOGIC_init)
                  000012ec    0000003c     libc.a : autoinit.c.obj (.text:__TI_auto_init_nobinit_nopinit)
                  00001328    00000034     ti_msp_dl_config.o (.text.DL_GPIO_initDigitalInputFeatures)
                  0000135c    00000034     ti_msp_dl_config.o (.text.SYSCFG_DL_TIMER_BUTTON_init)
                  00001390    0000002c     empty.o (.text.__NVIC_ClearPendingIRQ)
                  000013bc    0000002c     empty.o (.text.__NVIC_EnableIRQ)
                  000013e8    00000028     ti_msp_dl_config.o (.text.DL_Common_updateReg)
                  00001410    00000028     libc.a : boot_cortex_m.c.obj (.text:_c_int00_noargs)
                  00001438    00000024     control_logic.o (.text.TIMA1_IRQHandler)
                  0000145c    00000020     ti_msp_dl_config.o (.text.DL_GPIO_initPeripheralInputFunction)
                  0000147c    00000020     ti_msp_dl_config.o (.text.DL_SYSCTL_setFlashWaitState)
                  0000149c    0000001e     ti_msp_dl_config.o (.text.DL_UART_setOversampling)
                  000014ba    00000002     libclang_rt.builtins.a : aeabi_div0.c.obj (.text.__aeabi_idiv0)
                  000014bc    0000001c     encoder.o (.text.DL_GPIO_clearInterruptStatus)
                  000014d8    0000001c     ti_msp_dl_config.o (.text.DL_GPIO_clearInterruptStatus)
                  000014f4    0000001c     ti_msp_dl_config.o (.text.DL_GPIO_enableInterrupt)
                  00001510    0000001c     ti_msp_dl_config.o (.text.DL_GPIO_initPeripheralOutputFunction)
                  0000152c    0000001c     ti_msp_dl_config.o (.text.DL_GPIO_setLowerPinsPolarity)
                  00001548    0000001c     ti_msp_dl_config.o (.text.DL_SYSCTL_setSYSOSCFreq)
                  00001564    0000001c     ti_msp_dl_config.o (.text.DL_SYSCTL_setULPCLKDivider)
                  00001580    0000001c     empty.o (.text.DL_Timer_enableInterrupt)
                  0000159c    0000001c     ti_msp_dl_config.o (.text.DL_Timer_enableInterrupt)
                  000015b8    0000001c     driverlib.a : dl_timer.o (.text.DL_Timer_setCaptCompUpdateMethod)
                  000015d4    0000001c                 : dl_timer.o (.text.DL_Timer_setClockConfig)
                  000015f0    0000001c     ti_msp_dl_config.o (.text.DL_UART_enableInterrupt)
                  0000160c    00000018     ti_msp_dl_config.o (.text.DL_GPIO_enableOutput)
                  00001624    00000018     ti_msp_dl_config.o (.text.DL_GPIO_enablePower)
                  0000163c    00000018     encoder.o (.text.DL_GPIO_getEnabledInterruptStatus)
                  00001654    00000018     ti_msp_dl_config.o (.text.DL_GPIO_initDigitalOutput)
                  0000166c    00000018     ti_msp_dl_config.o (.text.DL_GPIO_reset)
                  00001684    00000018     empty.o (.text.DL_GPIO_setPins)
                  0000169c    00000018     encoder.o (.text.DL_GPIO_setPins)
                  000016b4    00000018     motor.o (.text.DL_GPIO_setPins)
                  000016cc    00000018     ti_msp_dl_config.o (.text.DL_GPIO_setUpperPinsPolarity)
                  000016e4    00000018     ti_msp_dl_config.o (.text.DL_SYSCTL_setBORThreshold)
                  000016fc    00000018     control_logic.o (.text.DL_Timer_clearInterruptStatus)
                  00001714    00000018     ti_msp_dl_config.o (.text.DL_Timer_enablePower)
                  0000172c    00000018     ti_msp_dl_config.o (.text.DL_Timer_reset)
                  00001744    00000018     driverlib.a : dl_timer.o (.text.DL_Timer_setCaptureCompareOutCtl)
                  0000175c    00000018     motor.o (.text.DL_Timer_startCounter)
                  00001774    00000018     motor.o (.text.DL_Timer_stopCounter)
                  0000178c    00000018     ti_msp_dl_config.o (.text.DL_UART_enablePower)
                  000017a4    00000018     ti_msp_dl_config.o (.text.DL_UART_reset)
                  000017bc    00000016     grey_sensor.o (.text.DL_GPIO_readPins)
                  000017d2    00000016     ti_msp_dl_config.o (.text.DL_UART_enable)
                  000017e8    00000016     libc.a : copy_zero_init.c.obj (.text:decompress:ZI:__TI_zero_init_nomemset)
                  000017fe    00000014     empty.o (.text.DL_GPIO_clearPins)
                  00001812    00000014     encoder.o (.text.DL_GPIO_clearPins)
                  00001826    00000014     motor.o (.text.DL_GPIO_clearPins)
                  0000183a    00000014     ti_msp_dl_config.o (.text.DL_GPIO_clearPins)
                  0000184e    00000002     --HOLE-- [fill = 0]
                  00001850    00000014     ti_msp_dl_config.o (.text.DL_SYSCTL_disableSYSPLL)
                  00001864    00000014     ti_msp_dl_config.o (.text.DL_Timer_enableClock)
                  00001878    00000014     ti_msp_dl_config.o (.text.DL_Timer_setCCPDirection)
                  0000188c    00000014     uart.o (.text.DL_UART_receiveData)
                  000018a0    00000012     control_logic.o (.text.DL_Timer_getPendingInterrupt)
                  000018b2    00000012     uart.o (.text.DL_UART_getPendingInterrupt)
                  000018c4    00000012     driverlib.a : dl_uart.o (.text.DL_UART_setClockConfig)
                  000018d6    00000012     libc.a : memcpy16.S.obj (.text:TI_memcpy_small)
                  000018e8    00000012            : copy_decompress_none.c.obj (.text:decompress:none)
                  000018fa    00000002     --HOLE-- [fill = 0]
                  000018fc    00000010     ti_msp_dl_config.o (.text.DL_SYSCTL_disableHFXT)
                  0000190c    00000010     driverlib.a : dl_timer.o (.text.DL_Timer_setCaptureCompareValue)
                  0000191c    00000010     motor.o (.text.Motor_Disable)
                  0000192c    0000000a     driverlib.a : dl_common.o (.text.DL_Common_delayCycles)
                  00001936    00000002     --HOLE-- [fill = 0]
                  00001938    00000008     libclang_rt.builtins.a : aeabi_memcpy.S.obj (.text.__aeabi_memcpy)
                  00001940    00000006     libc.a : exit.c.obj (.text:abort)
                  00001946    00000004     control_logic.o (.text.ADC0_IRQHandler)
                  0000194a    00000004     control_logic.o (.text.ADC1_IRQHandler)
                  0000194e    00000004     control_logic.o (.text.AES_IRQHandler)
                  00001952    00000004     control_logic.o (.text.CANFD0_IRQHandler)
                  00001956    00000004     control_logic.o (.text.DAC0_IRQHandler)
                  0000195a    00000004     control_logic.o (.text.DMA_IRQHandler)
                  0000195e    00000004     startup_mspm0g350x_ticlang.o (.text.Default_Handler)
                  00001962    00000004     control_logic.o (.text.GROUP0_IRQHandler)
                  00001966    00000004     libsysbm.a : hostexit.c.obj (.text.HOSTexit)
                  0000196a    00000004     control_logic.o (.text.HardFault_Handler)
                  0000196e    00000004     control_logic.o (.text.I2C0_IRQHandler)
                  00001972    00000004     control_logic.o (.text.I2C1_IRQHandler)
                  00001976    00000004     control_logic.o (.text.NMI_Handler)
                  0000197a    00000004     control_logic.o (.text.PendSV_Handler)
                  0000197e    00000004     control_logic.o (.text.RTC_IRQHandler)
                  00001982    00000004     startup_mspm0g350x_ticlang.o (.text.Reset_Handler)
                  00001986    00000004     control_logic.o (.text.SPI0_IRQHandler)
                  0000198a    00000004     control_logic.o (.text.SPI1_IRQHandler)
                  0000198e    00000004     control_logic.o (.text.SVC_Handler)
                  00001992    00000004     control_logic.o (.text.SysTick_Handler)
                  00001996    00000004     control_logic.o (.text.TIMG12_IRQHandler)
                  0000199a    00000004     control_logic.o (.text.TIMG6_IRQHandler)
                  0000199e    00000004     control_logic.o (.text.TIMG7_IRQHandler)
                  000019a2    00000004     control_logic.o (.text.TIMG8_IRQHandler)
                  000019a6    00000004     control_logic.o (.text.UART0_IRQHandler)
                  000019aa    00000004     control_logic.o (.text.UART2_IRQHandler)
                  000019ae    00000004     control_logic.o (.text.UART3_IRQHandler)
                  000019b2    00000004     libc.a : pre_init.c.obj (.text._system_pre_init)
                  000019b6    00000002     --HOLE-- [fill = 0]

.cinit     0    00001a40    00000030     
                  00001a40    0000000c     (__TI_handler_table)
                  00001a4c    00000008     (.cinit..bss.load) [load image, compression = zero_init]
                  00001a54    00000007     (.cinit..data.load) [load image, compression = lzss]
                  00001a5b    00000001     --HOLE-- [fill = 0]
                  00001a5c    00000010     (__TI_cinit_table)
                  00001a6c    00000004     --HOLE-- [fill = 0]

.rodata    0    000019b8    00000088     
                  000019b8    00000028     ti_msp_dl_config.o (.rodata.gSYSPLLConfig)
                  000019e0    00000014     ti_msp_dl_config.o (.rodata.gTIMER_BUTTONTimerConfig)
                  000019f4    00000014     ti_msp_dl_config.o (.rodata.gTIMER_LOGICTimerConfig)
                  00001a08    0000000a     ti_msp_dl_config.o (.rodata.gUART_CVConfig)
                  00001a12    0000000a     ti_msp_dl_config.o (.rodata.gUART_STMConfig)
                  00001a1c    0000000a     ti_msp_dl_config.o (.rodata.gUART_TJCConfig)
                  00001a26    00000002     ti_msp_dl_config.o (.rodata.gUART_CVClockConfig)
                  00001a28    00000008     ti_msp_dl_config.o (.rodata.gPWM_ENCODERConfig)
                  00001a30    00000003     ti_msp_dl_config.o (.rodata.gPWM_ENCODERClockConfig)
                  00001a33    00000003     ti_msp_dl_config.o (.rodata.gTIMER_BUTTONClockConfig)
                  00001a36    00000003     ti_msp_dl_config.o (.rodata.gTIMER_LOGICClockConfig)
                  00001a39    00000002     ti_msp_dl_config.o (.rodata.gUART_STMClockConfig)
                  00001a3b    00000002     ti_msp_dl_config.o (.rodata.gUART_TJCClockConfig)
                  00001a3d    00000003     --HOLE-- [fill = 0]

.init_array 
*          0    00000000    00000000     UNINITIALIZED

.binit     0    00000000    00000000     

.bss       0    20200000    000001ba     UNINITIALIZED
                  20200000    000000bc     (.common:gPWM_ENCODERBackup)
                  202000bc    000000bc     (.common:gTIMER_LOGICBackup)
                  20200178    00000030     (.common:gUART_STMBackup)
                  202001a8    00000004     (.common:gpio_interrupt_key)
                  202001ac    00000002     motor.o (.bss.Motor_SetSpeed.speed1_out)
                  202001ae    00000002     motor.o (.bss.Motor_SetSpeed.speed2_out)
                  202001b0    00000002     (.common:wait_time)
                  202001b2    00000001     (.common:L1_Val)
                  202001b3    00000001     (.common:L2_Val)
                  202001b4    00000001     (.common:L3_Val)
                  202001b5    00000001     (.common:M_Val)
                  202001b6    00000001     (.common:R1_Val)
                  202001b7    00000001     (.common:R2_Val)
                  202001b8    00000001     (.common:R3_Val)
                  202001b9    00000001     (.common:sensor_state)

.data      0    202001bc    0000000a     UNINITIALIZED
                  202001bc    00000004     grey_sensor.o (.data.Line_Num)
                  202001c0    00000001     control.o (.data.corner_count)
                  202001c1    00000001     control.o (.data.cur_circle)
                  202001c2    00000001     control.o (.data.current_state)
                  202001c3    00000001     uart.o (.data.receive_state)
                  202001c4    00000001     uart.o (.data.received_number)
                  202001c5    00000001     encoder.o (.data.tar_circle)

.stack     0    20207e00    00000200     UNINITIALIZED
                  20207e00    00000004     libc.a : boot_cortex_m.c.obj (.stack)
                  20207e04    000001fc     --HOLE--

__llvm_prf_cnts 
*          0    20200000    00000000     UNINITIALIZED

__llvm_prf_bits 
*          0    20200000    00000000     UNINITIALIZED

MODULE SUMMARY

       Module                         code   ro data   rw data
       ------                         ----   -------   -------
    .\
       ti_msp_dl_config.o             2252   133       424    
       empty.o                        324    0         0      
       startup_mspm0g350x_ticlang.o   8      192       0      
    +--+------------------------------+------+---------+---------+
       Total:                         2584   325       424    
                                                              
    .\User\
       grey_sensor.o                  902    0         12     
       encoder.o                      464    0         5      
       motor.o                        404    0         4      
       uart.o                         258    0         2      
       control.o                      252    0         5      
       control_logic.o                174    0         0      
    +--+------------------------------+------+---------+---------+
       Total:                         2454   0         28     
                                                              
    C:/ti/mspm0_sdk_2_05_01_00/source/ti/driverlib/lib/ticlang/m0p/mspm0g1x0x_g3x0x/driverlib.a
       dl_timer.o                     588    0         0      
       dl_sysctl_mspm0g1x0x_g3x0x.o   288    0         0      
       dl_uart.o                      90     0         0      
       dl_common.o                    10     0         0      
    +--+------------------------------+------+---------+---------+
       Total:                         976    0         0      
                                                              
    C:\ti\ccs2020\ccs\tools\compiler\ti-cgt-armllvm_4.0.3.LTS\lib\armv6m-ti-none-eabi/c/libc.a
       copy_decompress_lzss.c.obj     124    0         0      
       autoinit.c.obj                 60     0         0      
       boot_cortex_m.c.obj            40     0         0      
       copy_zero_init.c.obj           22     0         0      
       copy_decompress_none.c.obj     18     0         0      
       memcpy16.S.obj                 18     0         0      
       exit.c.obj                     6      0         0      
       pre_init.c.obj                 4      0         0      
    +--+------------------------------+------+---------+---------+
       Total:                         292    0         0      
                                                              
    C:\ti\ccs2020\ccs\tools\compiler\ti-cgt-armllvm_4.0.3.LTS\lib\armv6m-ti-none-eabi/c/libsysbm.a
       hostexit.c.obj                 4      0         0      
    +--+------------------------------+------+---------+---------+
       Total:                         4      0         0      
                                                              
    C:\ti\ccs2020\ccs\tools\compiler\ti-cgt-armllvm_4.0.3.LTS\lib\armv6m-ti-none-eabi/libclang_rt.builtins.a
       aeabi_uidivmod.S.obj           64     0         0      
       aeabi_memcpy.S.obj             8      0         0      
       aeabi_div0.c.obj               2      0         0      
    +--+------------------------------+------+---------+---------+
       Total:                         74     0         0      
                                                              
       Stack:                         0      0         512    
       Linker Generated:              0      43        0      
    +--+------------------------------+------+---------+---------+
       Grand Total:                   6384   368       964    


LINKER GENERATED COPY TABLES

__TI_cinit_table @ 00001a5c records: 2, size/record: 8, table size: 16
	.bss: load addr=00001a4c, load size=00000008 bytes, run addr=20200000, run size=000001ba bytes, compression=zero_init
	.data: load addr=00001a54, load size=00000007 bytes, run addr=202001bc, run size=0000000a bytes, compression=lzss


LINKER GENERATED HANDLER TABLE

__TI_handler_table @ 00001a40 records: 3, size/record: 4, table size: 12
	index: 0, handler: __TI_decompress_lzss
	index: 1, handler: __TI_decompress_none
	index: 2, handler: __TI_zero_init


GLOBAL SYMBOLS: SORTED ALPHABETICALLY BY Name 

address   name                                 
-------   ----                                 
00001947  ADC0_IRQHandler                      
0000194b  ADC1_IRQHandler                      
0000194f  AES_IRQHandler                       
00001966  C$$EXIT                              
00001953  CANFD0_IRQHandler                    
00001957  DAC0_IRQHandler                      
0000192d  DL_Common_delayCycles                
00000b79  DL_SYSCTL_configSYSPLL               
00001171  DL_SYSCTL_switchMCLKfromSYSOSCtoHSCLK
00000891  DL_Timer_initFourCCPWMMode           
00000a91  DL_Timer_initTimerMode               
000015b9  DL_Timer_setCaptCompUpdateMethod     
00001745  DL_Timer_setCaptureCompareOutCtl     
0000190d  DL_Timer_setCaptureCompareValue      
000015d5  DL_Timer_setClockConfig              
00001051  DL_UART_init                         
000018c5  DL_UART_setClockConfig               
0000195b  DMA_IRQHandler                       
0000195f  Default_Handler                      
00001963  GROUP0_IRQHandler                    
000004f1  GROUP1_IRQHandler                    
00000789  Get_Light_TTL                        
00001967  HOSTexit                             
0000196b  HardFault_Handler                    
0000196f  I2C0_IRQHandler                      
00001973  I2C1_IRQHandler                      
202001b2  L1_Val                               
202001b3  L2_Val                               
202001b4  L3_Val                               
000000c1  Light_GoStraight_control             
202001bc  Line_Num                             
202001b5  M_Val                                
0000191d  Motor_Disable                        
00000661  Motor_SetSpeed                       
00001977  NMI_Handler                          
0000197b  PendSV_Handler                       
202001b6  R1_Val                               
202001b7  R2_Val                               
202001b8  R3_Val                               
0000197f  RTC_IRQHandler                       
00001983  Reset_Handler                        
00001987  SPI0_IRQHandler                      
0000198b  SPI1_IRQHandler                      
0000198f  SVC_Handler                          
00000329  SYSCFG_DL_GPIO_init                  
00000e75  SYSCFG_DL_PWM_ENCODER_init           
00001099  SYSCFG_DL_SYSCTL_init                
0000135d  SYSCFG_DL_TIMER_BUTTON_init          
000012b1  SYSCFG_DL_TIMER_LOGIC_init           
000011b5  SYSCFG_DL_UART_CV_init               
000011f5  SYSCFG_DL_UART_STM_init              
000010e1  SYSCFG_DL_UART_TJC_init              
00001129  SYSCFG_DL_init                       
00000dd5  SYSCFG_DL_initPower                  
00001993  SysTick_Handler                      
0000195f  TIMA0_IRQHandler                     
00001439  TIMA1_IRQHandler                     
0000195f  TIMG0_IRQHandler                     
00001997  TIMG12_IRQHandler                    
0000199b  TIMG6_IRQHandler                     
0000199f  TIMG7_IRQHandler                     
000019a3  TIMG8_IRQHandler                     
000018d7  TI_memcpy_small                      
000019a7  UART0_IRQHandler                     
00000c55  UART1_IRQHandler                     
000019ab  UART2_IRQHandler                     
000019af  UART3_IRQHandler                     
20208000  __STACK_END                          
00000200  __STACK_SIZE                         
00000000  __TI_ATRegion0_region_sz             
00000000  __TI_ATRegion0_src_addr              
00000000  __TI_ATRegion0_trg_addr              
00000000  __TI_ATRegion1_region_sz             
00000000  __TI_ATRegion1_src_addr              
00000000  __TI_ATRegion1_trg_addr              
00000000  __TI_ATRegion2_region_sz             
00000000  __TI_ATRegion2_src_addr              
00000000  __TI_ATRegion2_trg_addr              
00001a5c  __TI_CINIT_Base                      
00001a6c  __TI_CINIT_Limit                     
00001a6c  __TI_CINIT_Warm                      
00001a40  __TI_Handler_Table_Base              
00001a4c  __TI_Handler_Table_Limit             
000012ed  __TI_auto_init_nobinit_nopinit       
00000f89  __TI_decompress_lzss                 
000018e9  __TI_decompress_none                 
ffffffff  __TI_pprof_out_hndl                  
ffffffff  __TI_prof_data_size                  
ffffffff  __TI_prof_data_start                 
00000000  __TI_static_base__                   
000017e9  __TI_zero_init_nomemset              
000014bb  __aeabi_idiv0                        
00001939  __aeabi_memcpy                       
00001939  __aeabi_memcpy4                      
00001939  __aeabi_memcpy8                      
00001235  __aeabi_uidiv                        
00001235  __aeabi_uidivmod                     
ffffffff  __binit__                            
UNDEFED   __mpu_init                           
20207e00  __stack                              
20200000  __start___llvm_prf_bits              
20200000  __start___llvm_prf_cnts              
20200000  __stop___llvm_prf_bits               
20200000  __stop___llvm_prf_cnts               
00001411  _c_int00_noargs                      
UNDEFED   _system_post_cinit                   
000019b3  _system_pre_init                     
00001941  abort                                
ffffffff  binit                                
00000995  control                              
202001c0  corner_count                         
202001c1  cur_circle                           
202001c2  current_state                        
20200000  gPWM_ENCODERBackup                   
202000bc  gTIMER_LOGICBackup                   
20200178  gUART_STMBackup                      
202001a8  gpio_interrupt_key                   
00000000  interruptVectors                     
00000d31  main                                 
202001b9  sensor_state                         
202001c5  tar_circle                           
202001b0  wait_time                            


GLOBAL SYMBOLS: SORTED BY Symbol Address 

address   name                                 
-------   ----                                 
00000000  __TI_ATRegion0_region_sz             
00000000  __TI_ATRegion0_src_addr              
00000000  __TI_ATRegion0_trg_addr              
00000000  __TI_ATRegion1_region_sz             
00000000  __TI_ATRegion1_src_addr              
00000000  __TI_ATRegion1_trg_addr              
00000000  __TI_ATRegion2_region_sz             
00000000  __TI_ATRegion2_src_addr              
00000000  __TI_ATRegion2_trg_addr              
00000000  __TI_static_base__                   
00000000  interruptVectors                     
000000c1  Light_GoStraight_control             
00000200  __STACK_SIZE                         
00000329  SYSCFG_DL_GPIO_init                  
000004f1  GROUP1_IRQHandler                    
00000661  Motor_SetSpeed                       
00000789  Get_Light_TTL                        
00000891  DL_Timer_initFourCCPWMMode           
00000995  control                              
00000a91  DL_Timer_initTimerMode               
00000b79  DL_SYSCTL_configSYSPLL               
00000c55  UART1_IRQHandler                     
00000d31  main                                 
00000dd5  SYSCFG_DL_initPower                  
00000e75  SYSCFG_DL_PWM_ENCODER_init           
00000f89  __TI_decompress_lzss                 
00001051  DL_UART_init                         
00001099  SYSCFG_DL_SYSCTL_init                
000010e1  SYSCFG_DL_UART_TJC_init              
00001129  SYSCFG_DL_init                       
00001171  DL_SYSCTL_switchMCLKfromSYSOSCtoHSCLK
000011b5  SYSCFG_DL_UART_CV_init               
000011f5  SYSCFG_DL_UART_STM_init              
00001235  __aeabi_uidiv                        
00001235  __aeabi_uidivmod                     
000012b1  SYSCFG_DL_TIMER_LOGIC_init           
000012ed  __TI_auto_init_nobinit_nopinit       
0000135d  SYSCFG_DL_TIMER_BUTTON_init          
00001411  _c_int00_noargs                      
00001439  TIMA1_IRQHandler                     
000014bb  __aeabi_idiv0                        
000015b9  DL_Timer_setCaptCompUpdateMethod     
000015d5  DL_Timer_setClockConfig              
00001745  DL_Timer_setCaptureCompareOutCtl     
000017e9  __TI_zero_init_nomemset              
000018c5  DL_UART_setClockConfig               
000018d7  TI_memcpy_small                      
000018e9  __TI_decompress_none                 
0000190d  DL_Timer_setCaptureCompareValue      
0000191d  Motor_Disable                        
0000192d  DL_Common_delayCycles                
00001939  __aeabi_memcpy                       
00001939  __aeabi_memcpy4                      
00001939  __aeabi_memcpy8                      
00001941  abort                                
00001947  ADC0_IRQHandler                      
0000194b  ADC1_IRQHandler                      
0000194f  AES_IRQHandler                       
00001953  CANFD0_IRQHandler                    
00001957  DAC0_IRQHandler                      
0000195b  DMA_IRQHandler                       
0000195f  Default_Handler                      
0000195f  TIMA0_IRQHandler                     
0000195f  TIMG0_IRQHandler                     
00001963  GROUP0_IRQHandler                    
00001966  C$$EXIT                              
00001967  HOSTexit                             
0000196b  HardFault_Handler                    
0000196f  I2C0_IRQHandler                      
00001973  I2C1_IRQHandler                      
00001977  NMI_Handler                          
0000197b  PendSV_Handler                       
0000197f  RTC_IRQHandler                       
00001983  Reset_Handler                        
00001987  SPI0_IRQHandler                      
0000198b  SPI1_IRQHandler                      
0000198f  SVC_Handler                          
00001993  SysTick_Handler                      
00001997  TIMG12_IRQHandler                    
0000199b  TIMG6_IRQHandler                     
0000199f  TIMG7_IRQHandler                     
000019a3  TIMG8_IRQHandler                     
000019a7  UART0_IRQHandler                     
000019ab  UART2_IRQHandler                     
000019af  UART3_IRQHandler                     
000019b3  _system_pre_init                     
00001a40  __TI_Handler_Table_Base              
00001a4c  __TI_Handler_Table_Limit             
00001a5c  __TI_CINIT_Base                      
00001a6c  __TI_CINIT_Limit                     
00001a6c  __TI_CINIT_Warm                      
20200000  __start___llvm_prf_bits              
20200000  __start___llvm_prf_cnts              
20200000  __stop___llvm_prf_bits               
20200000  __stop___llvm_prf_cnts               
20200000  gPWM_ENCODERBackup                   
202000bc  gTIMER_LOGICBackup                   
20200178  gUART_STMBackup                      
202001a8  gpio_interrupt_key                   
202001b0  wait_time                            
202001b2  L1_Val                               
202001b3  L2_Val                               
202001b4  L3_Val                               
202001b5  M_Val                                
202001b6  R1_Val                               
202001b7  R2_Val                               
202001b8  R3_Val                               
202001b9  sensor_state                         
202001bc  Line_Num                             
202001c0  corner_count                         
202001c1  cur_circle                           
202001c2  current_state                        
202001c5  tar_circle                           
20207e00  __stack                              
20208000  __STACK_END                          
ffffffff  __TI_pprof_out_hndl                  
ffffffff  __TI_prof_data_size                  
ffffffff  __TI_prof_data_start                 
ffffffff  __binit__                            
ffffffff  binit                                
UNDEFED   __mpu_init                           
UNDEFED   _system_post_cinit                   

[122 symbols]
