******************************************************************************
            TI ARM Clang Linker PC v4.0.3                      
******************************************************************************
>> Linked Thu Jul 31 10:32:22 2025

OUTPUT FILE NAME:   <empty_LP_MSPM0G3507_nortos_ticlang.out>
ENTRY POINT SYMBOL: "_c_int00_noargs"  address: 000011d5


MEMORY CONFIGURATION

         name            origin    length      used     unused   attr    fill
----------------------  --------  ---------  --------  --------  ----  --------
  FLASH                 00000000   00020000  000017d8  0001e828  R  X
  SRAM                  20200000   00008000  000003ed  00007c13  RW X
  BCR_CONFIG            41c00000   000000ff  00000000  000000ff  R   
  BSL_CONFIG            41c00100   00000080  00000000  00000080  R   


SEGMENT ALLOCATION MAP

run origin  load origin   length   init length attrs members
----------  ----------- ---------- ----------- ----- -------
00000000    00000000    000017d8   000017d8    r-x
  00000000    00000000    000000c0   000000c0    r-- .intvecs
  000000c0    000000c0    00001690   00001690    r-x .text
  00001750    00001750    00000058   00000058    r-- .rodata
  000017a8    000017a8    00000030   00000030    r-- .cinit
20200000    20200000    000001ed   00000000    rw-
  20200000    20200000    000001e0   00000000    rw- .bss
  202001e0    202001e0    0000000d   00000000    rw- .data
20207e00    20207e00    00000200   00000000    rw-
  20207e00    20207e00    00000200   00000000    rw- .stack


SECTION ALLOCATION MAP

 output                                  attributes/
section   page    origin      length       input sections
--------  ----  ----------  ----------   ----------------
.intvecs   0    00000000    000000c0     
                  00000000    000000c0     startup_mspm0g350x_ticlang.o (.intvecs)

.text      0    000000c0    00001690     
                  000000c0    000001bc     uart.o (.text.UART1_IRQHandler)
                  0000027c    00000178     grey_sensor.o (.text.Light_GoStraight_control)
                  000003f4    00000164     ti_msp_dl_config.o (.text.SYSCFG_DL_GPIO_init)
                  00000558    00000128     encoder.o (.text.GROUP1_IRQHandler)
                  00000680    0000011c     control.o (.text.control)
                  0000079c    00000104     driverlib.a : dl_timer.o (.text.DL_Timer_initFourCCPWMMode)
                  000008a0    00000104     grey_sensor.o (.text.Get_Light_TTL)
                  000009a4    000000e8     driverlib.a : dl_timer.o (.text.DL_Timer_initTimerMode)
                  00000a8c    000000dc                 : dl_sysctl_mspm0g1x0x_g3x0x.o (.text.DL_SYSCTL_configSYSPLL)
                  00000b68    000000b0     empty.o (.text.main)
                  00000c18    00000094     motor.o (.text.Motor_SetSpeed)
                  00000cac    00000090     ti_msp_dl_config.o (.text.SYSCFG_DL_PWM_ENCODER_init)
                  00000d3c    00000084     ti_msp_dl_config.o (.text.__NVIC_SetPriority)
                  00000dc0    0000007c     libc.a : copy_decompress_lzss.c.obj (.text:decompress:lzss)
                  00000e3c    00000068     ti_msp_dl_config.o (.text.SYSCFG_DL_initPower)
                  00000ea4    0000004c     ti_msp_dl_config.o (.text.DL_UART_setBaudRateDivisor)
                  00000ef0    00000048     driverlib.a : dl_uart.o (.text.DL_UART_init)
                  00000f38    00000048     ti_msp_dl_config.o (.text.SYSCFG_DL_SYSCTL_init)
                  00000f80    00000048     ti_msp_dl_config.o (.text.SYSCFG_DL_UART_OPENCV_init)
                  00000fc8    00000044     driverlib.a : dl_sysctl_mspm0g1x0x_g3x0x.o (.text.DL_SYSCTL_switchMCLKfromSYSOSCtoHSCLK)
                  0000100c    0000003c     ti_msp_dl_config.o (.text.DL_Timer_setCounterControl)
                  00001048    0000003c     ti_msp_dl_config.o (.text.SYSCFG_DL_TIMER_LOGIC_init)
                  00001084    0000003c     libc.a : autoinit.c.obj (.text:__TI_auto_init_nobinit_nopinit)
                  000010c0    00000034     ti_msp_dl_config.o (.text.DL_GPIO_initDigitalInputFeatures)
                  000010f4    00000030     ti_msp_dl_config.o (.text.DL_GPIO_initDigitalOutputFeatures)
                  00001124    00000030     ti_msp_dl_config.o (.text.SYSCFG_DL_init)
                  00001154    0000002c     empty.o (.text.__NVIC_ClearPendingIRQ)
                  00001180    0000002c     empty.o (.text.__NVIC_EnableIRQ)
                  000011ac    00000028     ti_msp_dl_config.o (.text.DL_Common_updateReg)
                  000011d4    00000028     libc.a : boot_cortex_m.c.obj (.text:_c_int00_noargs)
                  000011fc    00000024     control_logic.o (.text.TIMA1_IRQHandler)
                  00001220    00000022     pid.o (.text.set_p_i_d)
                  00001242    00000002     --HOLE-- [fill = 0]
                  00001244    00000020     ti_msp_dl_config.o (.text.DL_GPIO_initPeripheralInputFunction)
                  00001264    00000020     ti_msp_dl_config.o (.text.DL_SYSCTL_setFlashWaitState)
                  00001284    0000001e     ti_msp_dl_config.o (.text.DL_UART_setOversampling)
                  000012a2    00000002     --HOLE-- [fill = 0]
                  000012a4    0000001c     encoder.o (.text.DL_GPIO_clearInterruptStatus)
                  000012c0    0000001c     ti_msp_dl_config.o (.text.DL_GPIO_clearInterruptStatus)
                  000012dc    0000001c     ti_msp_dl_config.o (.text.DL_GPIO_enableInterrupt)
                  000012f8    0000001c     ti_msp_dl_config.o (.text.DL_GPIO_initPeripheralOutputFunction)
                  00001314    0000001c     ti_msp_dl_config.o (.text.DL_GPIO_setLowerPinsPolarity)
                  00001330    0000001c     ti_msp_dl_config.o (.text.DL_SYSCTL_setSYSOSCFreq)
                  0000134c    0000001c     ti_msp_dl_config.o (.text.DL_SYSCTL_setULPCLKDivider)
                  00001368    0000001c     empty.o (.text.DL_Timer_enableInterrupt)
                  00001384    0000001c     ti_msp_dl_config.o (.text.DL_Timer_enableInterrupt)
                  000013a0    0000001c     driverlib.a : dl_timer.o (.text.DL_Timer_setCaptCompUpdateMethod)
                  000013bc    0000001c                 : dl_timer.o (.text.DL_Timer_setClockConfig)
                  000013d8    0000001c     ti_msp_dl_config.o (.text.DL_UART_enableInterrupt)
                  000013f4    00000018     ti_msp_dl_config.o (.text.DL_GPIO_enableOutput)
                  0000140c    00000018     ti_msp_dl_config.o (.text.DL_GPIO_enablePower)
                  00001424    00000018     encoder.o (.text.DL_GPIO_getEnabledInterruptStatus)
                  0000143c    00000018     ti_msp_dl_config.o (.text.DL_GPIO_initDigitalOutput)
                  00001454    00000018     ti_msp_dl_config.o (.text.DL_GPIO_reset)
                  0000146c    00000018     empty.o (.text.DL_GPIO_setPins)
                  00001484    00000018     ti_msp_dl_config.o (.text.DL_GPIO_setUpperPinsPolarity)
                  0000149c    00000018     ti_msp_dl_config.o (.text.DL_SYSCTL_setBORThreshold)
                  000014b4    00000018     control_logic.o (.text.DL_Timer_clearInterruptStatus)
                  000014cc    00000018     ti_msp_dl_config.o (.text.DL_Timer_enablePower)
                  000014e4    00000018     ti_msp_dl_config.o (.text.DL_Timer_reset)
                  000014fc    00000018     driverlib.a : dl_timer.o (.text.DL_Timer_setCaptureCompareOutCtl)
                  00001514    00000018     motor.o (.text.DL_Timer_startCounter)
                  0000152c    00000018     motor.o (.text.DL_Timer_stopCounter)
                  00001544    00000018     ti_msp_dl_config.o (.text.DL_UART_enablePower)
                  0000155c    00000018     ti_msp_dl_config.o (.text.DL_UART_reset)
                  00001574    00000016     encoder.o (.text.DL_GPIO_readPins)
                  0000158a    00000016     grey_sensor.o (.text.DL_GPIO_readPins)
                  000015a0    00000016     ti_msp_dl_config.o (.text.DL_UART_enable)
                  000015b6    00000016     libc.a : copy_zero_init.c.obj (.text:decompress:ZI:__TI_zero_init_nomemset)
                  000015cc    00000014     empty.o (.text.DL_GPIO_clearPins)
                  000015e0    00000014     ti_msp_dl_config.o (.text.DL_GPIO_clearPins)
                  000015f4    00000014     ti_msp_dl_config.o (.text.DL_SYSCTL_disableSYSPLL)
                  00001608    00000014     ti_msp_dl_config.o (.text.DL_Timer_enableClock)
                  0000161c    00000014     ti_msp_dl_config.o (.text.DL_Timer_setCCPDirection)
                  00001630    00000014     uart.o (.text.DL_UART_receiveData)
                  00001644    00000012     control_logic.o (.text.DL_Timer_getPendingInterrupt)
                  00001656    00000012     uart.o (.text.DL_UART_getPendingInterrupt)
                  00001668    00000012     driverlib.a : dl_uart.o (.text.DL_UART_setClockConfig)
                  0000167a    00000012     libc.a : memcpy16.S.obj (.text:TI_memcpy_small)
                  0000168c    00000012            : copy_decompress_none.c.obj (.text:decompress:none)
                  0000169e    00000002     --HOLE-- [fill = 0]
                  000016a0    00000010     ti_msp_dl_config.o (.text.DL_SYSCTL_disableHFXT)
                  000016b0    00000010     driverlib.a : dl_timer.o (.text.DL_Timer_setCaptureCompareValue)
                  000016c0    0000000a                 : dl_common.o (.text.DL_Common_delayCycles)
                  000016ca    00000002     --HOLE-- [fill = 0]
                  000016cc    00000008     libclang_rt.builtins.a : aeabi_memcpy.S.obj (.text.__aeabi_memcpy)
                  000016d4    00000006     libc.a : exit.c.obj (.text:abort)
                  000016da    00000004     control_logic.o (.text.ADC0_IRQHandler)
                  000016de    00000004     control_logic.o (.text.ADC1_IRQHandler)
                  000016e2    00000004     control_logic.o (.text.AES_IRQHandler)
                  000016e6    00000004     control_logic.o (.text.CANFD0_IRQHandler)
                  000016ea    00000004     control_logic.o (.text.DAC0_IRQHandler)
                  000016ee    00000004     control_logic.o (.text.DMA_IRQHandler)
                  000016f2    00000004     startup_mspm0g350x_ticlang.o (.text.Default_Handler)
                  000016f6    00000004     control_logic.o (.text.GROUP0_IRQHandler)
                  000016fa    00000004     libsysbm.a : hostexit.c.obj (.text.HOSTexit)
                  000016fe    00000004     control_logic.o (.text.HardFault_Handler)
                  00001702    00000004     control_logic.o (.text.I2C0_IRQHandler)
                  00001706    00000004     control_logic.o (.text.I2C1_IRQHandler)
                  0000170a    00000004     control_logic.o (.text.NMI_Handler)
                  0000170e    00000004     control_logic.o (.text.PendSV_Handler)
                  00001712    00000004     control_logic.o (.text.RTC_IRQHandler)
                  00001716    00000004     startup_mspm0g350x_ticlang.o (.text.Reset_Handler)
                  0000171a    00000004     control_logic.o (.text.SPI0_IRQHandler)
                  0000171e    00000004     control_logic.o (.text.SPI1_IRQHandler)
                  00001722    00000004     control_logic.o (.text.SVC_Handler)
                  00001726    00000004     control_logic.o (.text.SysTick_Handler)
                  0000172a    00000004     control_logic.o (.text.TIMG0_IRQHandler)
                  0000172e    00000004     control_logic.o (.text.TIMG12_IRQHandler)
                  00001732    00000004     control_logic.o (.text.TIMG6_IRQHandler)
                  00001736    00000004     control_logic.o (.text.TIMG7_IRQHandler)
                  0000173a    00000004     control_logic.o (.text.TIMG8_IRQHandler)
                  0000173e    00000004     control_logic.o (.text.UART0_IRQHandler)
                  00001742    00000004     control_logic.o (.text.UART2_IRQHandler)
                  00001746    00000004     control_logic.o (.text.UART3_IRQHandler)
                  0000174a    00000004     libc.a : pre_init.c.obj (.text._system_pre_init)
                  0000174e    00000002     --HOLE-- [fill = 0]

.cinit     0    000017a8    00000030     
                  000017a8    0000000c     (__TI_handler_table)
                  000017b4    00000008     (.cinit..bss.load) [load image, compression = zero_init]
                  000017bc    00000007     (.cinit..data.load) [load image, compression = lzss]
                  000017c3    00000001     --HOLE-- [fill = 0]
                  000017c4    00000010     (__TI_cinit_table)
                  000017d4    00000004     --HOLE-- [fill = 0]

.rodata    0    00001750    00000058     
                  00001750    00000028     ti_msp_dl_config.o (.rodata.gSYSPLLConfig)
                  00001778    00000014     ti_msp_dl_config.o (.rodata.gTIMER_LOGICTimerConfig)
                  0000178c    0000000a     ti_msp_dl_config.o (.rodata.gUART_OPENCVConfig)
                  00001796    00000002     ti_msp_dl_config.o (.rodata.gUART_OPENCVClockConfig)
                  00001798    00000008     ti_msp_dl_config.o (.rodata.gPWM_ENCODERConfig)
                  000017a0    00000003     ti_msp_dl_config.o (.rodata.gPWM_ENCODERClockConfig)
                  000017a3    00000003     ti_msp_dl_config.o (.rodata.gTIMER_LOGICClockConfig)
                  000017a6    00000002     --HOLE-- [fill = 0]

.init_array 
*          0    00000000    00000000     UNINITIALIZED

.binit     0    00000000    00000000     

.bss       0    20200000    000001e0     UNINITIALIZED
                  20200000    000000bc     (.common:gPWM_ENCODERBackup)
                  202000bc    000000bc     (.common:gTIMER_LOGICBackup)
                  20200178    00000020     (.common:pid_speedX)
                  20200198    00000020     (.common:pid_speedY)
                  202001b8    00000004     control.o (.bss.control.actual_speedX)
                  202001bc    00000004     control.o (.bss.control.actual_speedY)
                  202001c0    00000004     (.common:Get_Encoder_countA)
                  202001c4    00000004     (.common:Get_Encoder_countB)
                  202001c8    00000004     (.common:Line_Num)
                  202001cc    00000004     (.common:gpio_interrup1)
                  202001d0    00000004     (.common:gpio_interrup2)
                  202001d4    00000002     motor.o (.bss.Motor_SetSpeed.speed1_out)
                  202001d6    00000002     motor.o (.bss.Motor_SetSpeed.speed2_out)
                  202001d8    00000001     (.common:L1_Val)
                  202001d9    00000001     (.common:L2_Val)
                  202001da    00000001     (.common:L3_Val)
                  202001db    00000001     (.common:M_Val)
                  202001dc    00000001     (.common:R1_Val)
                  202001dd    00000001     (.common:R2_Val)
                  202001de    00000001     (.common:R3_Val)
                  202001df    00000001     (.common:sensor_state)

.data      0    202001e0    0000000d     UNINITIALIZED
                  202001e0    00000002     uart.o (.data.cx)
                  202001e2    00000002     uart.o (.data.cy)
                  202001e4    00000002     uart.o (.data.rx_x)
                  202001e6    00000002     uart.o (.data.rx_y)
                  202001e8    00000001     control.o (.data.current_state)
                  202001e9    00000001     uart.o (.data.receive_state)
                  202001ea    00000001     uart.o (.data.rx_num)
                  202001eb    00000001     uart.o (.data.x_negative)
                  202001ec    00000001     uart.o (.data.y_negative)

.stack     0    20207e00    00000200     UNINITIALIZED
                  20207e00    00000004     libc.a : boot_cortex_m.c.obj (.stack)
                  20207e04    000001fc     --HOLE--

__llvm_prf_cnts 
*          0    20200000    00000000     UNINITIALIZED

__llvm_prf_bits 
*          0    20200000    00000000     UNINITIALIZED

MODULE SUMMARY

       Module                         code   ro data   rw data
       ------                         ----   -------   -------
    .\
       ti_msp_dl_config.o             1940   86        376    
       empty.o                        336    0         0      
       startup_mspm0g350x_ticlang.o   8      192       0      
    +--+------------------------------+------+---------+---------+
       Total:                         2284   278       376    
                                                              
    .\User\
       grey_sensor.o                  658    0         12     
       uart.o                         482    0         12     
       encoder.o                      370    0         16     
       control.o                      284    0         9      
       motor.o                        196    0         4      
       control_logic.o                178    0         0      
       pid.o                          34     0         64     
    +--+------------------------------+------+---------+---------+
       Total:                         2202   0         117    
                                                              
    C:/ti/mspm0_sdk_2_05_01_00/source/ti/driverlib/lib/ticlang/m0p/mspm0g1x0x_g3x0x/driverlib.a
       dl_timer.o                     588    0         0      
       dl_sysctl_mspm0g1x0x_g3x0x.o   288    0         0      
       dl_uart.o                      90     0         0      
       dl_common.o                    10     0         0      
    +--+------------------------------+------+---------+---------+
       Total:                         976    0         0      
                                                              
    C:\ti\ccs2020\ccs\tools\compiler\ti-cgt-armllvm_4.0.3.LTS\lib\armv6m-ti-none-eabi/c/libc.a
       copy_decompress_lzss.c.obj     124    0         0      
       autoinit.c.obj                 60     0         0      
       boot_cortex_m.c.obj            40     0         0      
       copy_zero_init.c.obj           22     0         0      
       copy_decompress_none.c.obj     18     0         0      
       memcpy16.S.obj                 18     0         0      
       exit.c.obj                     6      0         0      
       pre_init.c.obj                 4      0         0      
    +--+------------------------------+------+---------+---------+
       Total:                         292    0         0      
                                                              
    C:\ti\ccs2020\ccs\tools\compiler\ti-cgt-armllvm_4.0.3.LTS\lib\armv6m-ti-none-eabi/c/libsysbm.a
       hostexit.c.obj                 4      0         0      
    +--+------------------------------+------+---------+---------+
       Total:                         4      0         0      
                                                              
    C:\ti\ccs2020\ccs\tools\compiler\ti-cgt-armllvm_4.0.3.LTS\lib\armv6m-ti-none-eabi/libclang_rt.builtins.a
       aeabi_memcpy.S.obj             8      0         0      
    +--+------------------------------+------+---------+---------+
       Total:                         8      0         0      
                                                              
       Stack:                         0      0         512    
       Linker Generated:              0      43        0      
    +--+------------------------------+------+---------+---------+
       Grand Total:                   5766   321       1005   


LINKER GENERATED COPY TABLES

__TI_cinit_table @ 000017c4 records: 2, size/record: 8, table size: 16
	.bss: load addr=000017b4, load size=00000008 bytes, run addr=20200000, run size=000001e0 bytes, compression=zero_init
	.data: load addr=000017bc, load size=00000007 bytes, run addr=202001e0, run size=0000000d bytes, compression=lzss


LINKER GENERATED HANDLER TABLE

__TI_handler_table @ 000017a8 records: 3, size/record: 4, table size: 12
	index: 0, handler: __TI_decompress_lzss
	index: 1, handler: __TI_decompress_none
	index: 2, handler: __TI_zero_init


GLOBAL SYMBOLS: SORTED ALPHABETICALLY BY Name 

address   name                                 
-------   ----                                 
000016db  ADC0_IRQHandler                      
000016df  ADC1_IRQHandler                      
000016e3  AES_IRQHandler                       
000016fa  C$$EXIT                              
000016e7  CANFD0_IRQHandler                    
000016eb  DAC0_IRQHandler                      
000016c1  DL_Common_delayCycles                
00000a8d  DL_SYSCTL_configSYSPLL               
00000fc9  DL_SYSCTL_switchMCLKfromSYSOSCtoHSCLK
0000079d  DL_Timer_initFourCCPWMMode           
000009a5  DL_Timer_initTimerMode               
000013a1  DL_Timer_setCaptCompUpdateMethod     
000014fd  DL_Timer_setCaptureCompareOutCtl     
000016b1  DL_Timer_setCaptureCompareValue      
000013bd  DL_Timer_setClockConfig              
00000ef1  DL_UART_init                         
00001669  DL_UART_setClockConfig               
000016ef  DMA_IRQHandler                       
000016f3  Default_Handler                      
000016f7  GROUP0_IRQHandler                    
00000559  GROUP1_IRQHandler                    
202001c0  Get_Encoder_countA                   
202001c4  Get_Encoder_countB                   
000008a1  Get_Light_TTL                        
000016fb  HOSTexit                             
000016ff  HardFault_Handler                    
00001703  I2C0_IRQHandler                      
00001707  I2C1_IRQHandler                      
202001d8  L1_Val                               
202001d9  L2_Val                               
202001da  L3_Val                               
0000027d  Light_GoStraight_control             
202001c8  Line_Num                             
202001db  M_Val                                
00000c19  Motor_SetSpeed                       
0000170b  NMI_Handler                          
0000170f  PendSV_Handler                       
202001dc  R1_Val                               
202001dd  R2_Val                               
202001de  R3_Val                               
00001713  RTC_IRQHandler                       
00001717  Reset_Handler                        
0000171b  SPI0_IRQHandler                      
0000171f  SPI1_IRQHandler                      
00001723  SVC_Handler                          
000003f5  SYSCFG_DL_GPIO_init                  
00000cad  SYSCFG_DL_PWM_ENCODER_init           
00000f39  SYSCFG_DL_SYSCTL_init                
00001049  SYSCFG_DL_TIMER_LOGIC_init           
00000f81  SYSCFG_DL_UART_OPENCV_init           
00001125  SYSCFG_DL_init                       
00000e3d  SYSCFG_DL_initPower                  
00001727  SysTick_Handler                      
000016f3  TIMA0_IRQHandler                     
000011fd  TIMA1_IRQHandler                     
0000172b  TIMG0_IRQHandler                     
0000172f  TIMG12_IRQHandler                    
00001733  TIMG6_IRQHandler                     
00001737  TIMG7_IRQHandler                     
0000173b  TIMG8_IRQHandler                     
0000167b  TI_memcpy_small                      
0000173f  UART0_IRQHandler                     
000000c1  UART1_IRQHandler                     
00001743  UART2_IRQHandler                     
00001747  UART3_IRQHandler                     
20208000  __STACK_END                          
00000200  __STACK_SIZE                         
00000000  __TI_ATRegion0_region_sz             
00000000  __TI_ATRegion0_src_addr              
00000000  __TI_ATRegion0_trg_addr              
00000000  __TI_ATRegion1_region_sz             
00000000  __TI_ATRegion1_src_addr              
00000000  __TI_ATRegion1_trg_addr              
00000000  __TI_ATRegion2_region_sz             
00000000  __TI_ATRegion2_src_addr              
00000000  __TI_ATRegion2_trg_addr              
000017c4  __TI_CINIT_Base                      
000017d4  __TI_CINIT_Limit                     
000017d4  __TI_CINIT_Warm                      
000017a8  __TI_Handler_Table_Base              
000017b4  __TI_Handler_Table_Limit             
00001085  __TI_auto_init_nobinit_nopinit       
00000dc1  __TI_decompress_lzss                 
0000168d  __TI_decompress_none                 
ffffffff  __TI_pprof_out_hndl                  
ffffffff  __TI_prof_data_size                  
ffffffff  __TI_prof_data_start                 
00000000  __TI_static_base__                   
000015b7  __TI_zero_init_nomemset              
000016cd  __aeabi_memcpy                       
000016cd  __aeabi_memcpy4                      
000016cd  __aeabi_memcpy8                      
ffffffff  __binit__                            
UNDEFED   __mpu_init                           
20207e00  __stack                              
20200000  __start___llvm_prf_bits              
20200000  __start___llvm_prf_cnts              
20200000  __stop___llvm_prf_bits               
20200000  __stop___llvm_prf_cnts               
000011d5  _c_int00_noargs                      
UNDEFED   _system_post_cinit                   
0000174b  _system_pre_init                     
000016d5  abort                                
ffffffff  binit                                
00000681  control                              
202001e8  current_state                        
202001e0  cx                                   
202001e2  cy                                   
20200000  gPWM_ENCODERBackup                   
202000bc  gTIMER_LOGICBackup                   
202001cc  gpio_interrup1                       
202001d0  gpio_interrup2                       
00000000  interruptVectors                     
00000b69  main                                 
20200178  pid_speedX                           
20200198  pid_speedY                           
202001df  sensor_state                         
00001221  set_p_i_d                            


GLOBAL SYMBOLS: SORTED BY Symbol Address 

address   name                                 
-------   ----                                 
00000000  __TI_ATRegion0_region_sz             
00000000  __TI_ATRegion0_src_addr              
00000000  __TI_ATRegion0_trg_addr              
00000000  __TI_ATRegion1_region_sz             
00000000  __TI_ATRegion1_src_addr              
00000000  __TI_ATRegion1_trg_addr              
00000000  __TI_ATRegion2_region_sz             
00000000  __TI_ATRegion2_src_addr              
00000000  __TI_ATRegion2_trg_addr              
00000000  __TI_static_base__                   
00000000  interruptVectors                     
000000c1  UART1_IRQHandler                     
00000200  __STACK_SIZE                         
0000027d  Light_GoStraight_control             
000003f5  SYSCFG_DL_GPIO_init                  
00000559  GROUP1_IRQHandler                    
00000681  control                              
0000079d  DL_Timer_initFourCCPWMMode           
000008a1  Get_Light_TTL                        
000009a5  DL_Timer_initTimerMode               
00000a8d  DL_SYSCTL_configSYSPLL               
00000b69  main                                 
00000c19  Motor_SetSpeed                       
00000cad  SYSCFG_DL_PWM_ENCODER_init           
00000dc1  __TI_decompress_lzss                 
00000e3d  SYSCFG_DL_initPower                  
00000ef1  DL_UART_init                         
00000f39  SYSCFG_DL_SYSCTL_init                
00000f81  SYSCFG_DL_UART_OPENCV_init           
00000fc9  DL_SYSCTL_switchMCLKfromSYSOSCtoHSCLK
00001049  SYSCFG_DL_TIMER_LOGIC_init           
00001085  __TI_auto_init_nobinit_nopinit       
00001125  SYSCFG_DL_init                       
000011d5  _c_int00_noargs                      
000011fd  TIMA1_IRQHandler                     
00001221  set_p_i_d                            
000013a1  DL_Timer_setCaptCompUpdateMethod     
000013bd  DL_Timer_setClockConfig              
000014fd  DL_Timer_setCaptureCompareOutCtl     
000015b7  __TI_zero_init_nomemset              
00001669  DL_UART_setClockConfig               
0000167b  TI_memcpy_small                      
0000168d  __TI_decompress_none                 
000016b1  DL_Timer_setCaptureCompareValue      
000016c1  DL_Common_delayCycles                
000016cd  __aeabi_memcpy                       
000016cd  __aeabi_memcpy4                      
000016cd  __aeabi_memcpy8                      
000016d5  abort                                
000016db  ADC0_IRQHandler                      
000016df  ADC1_IRQHandler                      
000016e3  AES_IRQHandler                       
000016e7  CANFD0_IRQHandler                    
000016eb  DAC0_IRQHandler                      
000016ef  DMA_IRQHandler                       
000016f3  Default_Handler                      
000016f3  TIMA0_IRQHandler                     
000016f7  GROUP0_IRQHandler                    
000016fa  C$$EXIT                              
000016fb  HOSTexit                             
000016ff  HardFault_Handler                    
00001703  I2C0_IRQHandler                      
00001707  I2C1_IRQHandler                      
0000170b  NMI_Handler                          
0000170f  PendSV_Handler                       
00001713  RTC_IRQHandler                       
00001717  Reset_Handler                        
0000171b  SPI0_IRQHandler                      
0000171f  SPI1_IRQHandler                      
00001723  SVC_Handler                          
00001727  SysTick_Handler                      
0000172b  TIMG0_IRQHandler                     
0000172f  TIMG12_IRQHandler                    
00001733  TIMG6_IRQHandler                     
00001737  TIMG7_IRQHandler                     
0000173b  TIMG8_IRQHandler                     
0000173f  UART0_IRQHandler                     
00001743  UART2_IRQHandler                     
00001747  UART3_IRQHandler                     
0000174b  _system_pre_init                     
000017a8  __TI_Handler_Table_Base              
000017b4  __TI_Handler_Table_Limit             
000017c4  __TI_CINIT_Base                      
000017d4  __TI_CINIT_Limit                     
000017d4  __TI_CINIT_Warm                      
20200000  __start___llvm_prf_bits              
20200000  __start___llvm_prf_cnts              
20200000  __stop___llvm_prf_bits               
20200000  __stop___llvm_prf_cnts               
20200000  gPWM_ENCODERBackup                   
202000bc  gTIMER_LOGICBackup                   
20200178  pid_speedX                           
20200198  pid_speedY                           
202001c0  Get_Encoder_countA                   
202001c4  Get_Encoder_countB                   
202001c8  Line_Num                             
202001cc  gpio_interrup1                       
202001d0  gpio_interrup2                       
202001d8  L1_Val                               
202001d9  L2_Val                               
202001da  L3_Val                               
202001db  M_Val                                
202001dc  R1_Val                               
202001dd  R2_Val                               
202001de  R3_Val                               
202001df  sensor_state                         
202001e0  cx                                   
202001e2  cy                                   
202001e8  current_state                        
20207e00  __stack                              
20208000  __STACK_END                          
ffffffff  __TI_pprof_out_hndl                  
ffffffff  __TI_prof_data_size                  
ffffffff  __TI_prof_data_start                 
ffffffff  __binit__                            
ffffffff  binit                                
UNDEFED   __mpu_init                           
UNDEFED   _system_post_cinit                   

[118 symbols]
