******************************************************************************
            TI ARM Clang Linker PC v4.0.3                      
******************************************************************************
>> Linked Wed Jul 30 22:55:35 2025

OUTPUT FILE NAME:   <empty_LP_MSPM0G3507_nortos_ticlang.out>
ENTRY POINT SYMBOL: "_c_int00_noargs"  address: 00000dc5


MEMORY CONFIGURATION

         name            origin    length      used     unused   attr    fill
----------------------  --------  ---------  --------  --------  ----  --------
  FLASH                 00000000   00020000  00001390  0001ec70  R  X
  SRAM                  20200000   00008000  000003b4  00007c4c  RW X
  BCR_CONFIG            41c00000   000000ff  00000000  000000ff  R   
  BSL_CONFIG            41c00100   00000080  00000000  00000080  R   


SEGMENT ALLOCATION MAP

run origin  load origin   length   init length attrs members
----------  ----------- ---------- ----------- ----- -------
00000000    00000000    00001390   00001390    r-x
  00000000    00000000    000000c0   000000c0    r-- .intvecs
  000000c0    000000c0    00001248   00001248    r-x .text
  00001308    00001308    00000058   00000058    r-- .rodata
  00001360    00001360    00000030   00000030    r-- .cinit
20200000    20200000    000001b4   00000000    rw-
  20200000    20200000    000001a0   00000000    rw- .bss
  202001a0    202001a0    00000014   00000000    rw- .data
20207e00    20207e00    00000200   00000000    rw-
  20207e00    20207e00    00000200   00000000    rw- .stack


SECTION ALLOCATION MAP

 output                                  attributes/
section   page    origin      length       input sections
--------  ----  ----------  ----------   ----------------
.intvecs   0    00000000    000000c0     
                  00000000    000000c0     startup_mspm0g350x_ticlang.o (.intvecs)

.text      0    000000c0    00001248     
                  000000c0    000001bc     uart.o (.text.UART1_IRQHandler)
                  0000027c    00000164     ti_msp_dl_config.o (.text.SYSCFG_DL_GPIO_init)
                  000003e0    00000104     driverlib.a : dl_timer.o (.text.DL_Timer_initFourCCPWMMode)
                  000004e4    000000e8                 : dl_timer.o (.text.DL_Timer_initTimerMode)
                  000005cc    000000dc                 : dl_sysctl_mspm0g1x0x_g3x0x.o (.text.DL_SYSCTL_configSYSPLL)
                  000006a8    000000dc     encoder.o (.text.GROUP1_IRQHandler)
                  00000784    00000094     motor.o (.text.Motor_SetSpeed)
                  00000818    00000090     ti_msp_dl_config.o (.text.SYSCFG_DL_PWM_ENCODER_init)
                  000008a8    00000084     ti_msp_dl_config.o (.text.__NVIC_SetPriority)
                  0000092c    00000084     empty.o (.text.main)
                  000009b0    0000007c     libc.a : copy_decompress_lzss.c.obj (.text:decompress:lzss)
                  00000a2c    00000068     ti_msp_dl_config.o (.text.SYSCFG_DL_initPower)
                  00000a94    0000004c     ti_msp_dl_config.o (.text.DL_UART_setBaudRateDivisor)
                  00000ae0    00000048     driverlib.a : dl_uart.o (.text.DL_UART_init)
                  00000b28    00000048     ti_msp_dl_config.o (.text.SYSCFG_DL_SYSCTL_init)
                  00000b70    00000048     ti_msp_dl_config.o (.text.SYSCFG_DL_UART_OPENCV_init)
                  00000bb8    00000044     driverlib.a : dl_sysctl_mspm0g1x0x_g3x0x.o (.text.DL_SYSCTL_switchMCLKfromSYSOSCtoHSCLK)
                  00000bfc    0000003c     ti_msp_dl_config.o (.text.DL_Timer_setCounterControl)
                  00000c38    0000003c     ti_msp_dl_config.o (.text.SYSCFG_DL_TIMER_LOGIC_init)
                  00000c74    0000003c     libc.a : autoinit.c.obj (.text:__TI_auto_init_nobinit_nopinit)
                  00000cb0    00000034     ti_msp_dl_config.o (.text.DL_GPIO_initDigitalInputFeatures)
                  00000ce4    00000030     ti_msp_dl_config.o (.text.DL_GPIO_initDigitalOutputFeatures)
                  00000d14    00000030     ti_msp_dl_config.o (.text.SYSCFG_DL_init)
                  00000d44    0000002c     empty.o (.text.__NVIC_ClearPendingIRQ)
                  00000d70    0000002c     empty.o (.text.__NVIC_EnableIRQ)
                  00000d9c    00000028     ti_msp_dl_config.o (.text.DL_Common_updateReg)
                  00000dc4    00000028     libc.a : boot_cortex_m.c.obj (.text:_c_int00_noargs)
                  00000dec    00000020     ti_msp_dl_config.o (.text.DL_GPIO_initPeripheralInputFunction)
                  00000e0c    00000020     ti_msp_dl_config.o (.text.DL_SYSCTL_setFlashWaitState)
                  00000e2c    00000020     control_logic.o (.text.TIMA1_IRQHandler)
                  00000e4c    0000001e     ti_msp_dl_config.o (.text.DL_UART_setOversampling)
                  00000e6a    00000002     --HOLE-- [fill = 0]
                  00000e6c    0000001c     encoder.o (.text.DL_GPIO_clearInterruptStatus)
                  00000e88    0000001c     ti_msp_dl_config.o (.text.DL_GPIO_clearInterruptStatus)
                  00000ea4    0000001c     ti_msp_dl_config.o (.text.DL_GPIO_enableInterrupt)
                  00000ec0    0000001c     ti_msp_dl_config.o (.text.DL_GPIO_initPeripheralOutputFunction)
                  00000edc    0000001c     ti_msp_dl_config.o (.text.DL_GPIO_setLowerPinsPolarity)
                  00000ef8    0000001c     ti_msp_dl_config.o (.text.DL_SYSCTL_setSYSOSCFreq)
                  00000f14    0000001c     ti_msp_dl_config.o (.text.DL_SYSCTL_setULPCLKDivider)
                  00000f30    0000001c     empty.o (.text.DL_Timer_enableInterrupt)
                  00000f4c    0000001c     ti_msp_dl_config.o (.text.DL_Timer_enableInterrupt)
                  00000f68    0000001c     driverlib.a : dl_timer.o (.text.DL_Timer_setCaptCompUpdateMethod)
                  00000f84    0000001c                 : dl_timer.o (.text.DL_Timer_setClockConfig)
                  00000fa0    0000001c     ti_msp_dl_config.o (.text.DL_UART_enableInterrupt)
                  00000fbc    00000018     ti_msp_dl_config.o (.text.DL_GPIO_enableOutput)
                  00000fd4    00000018     ti_msp_dl_config.o (.text.DL_GPIO_enablePower)
                  00000fec    00000018     encoder.o (.text.DL_GPIO_getEnabledInterruptStatus)
                  00001004    00000018     ti_msp_dl_config.o (.text.DL_GPIO_initDigitalOutput)
                  0000101c    00000018     ti_msp_dl_config.o (.text.DL_GPIO_reset)
                  00001034    00000018     empty.o (.text.DL_GPIO_setPins)
                  0000104c    00000018     ti_msp_dl_config.o (.text.DL_GPIO_setUpperPinsPolarity)
                  00001064    00000018     ti_msp_dl_config.o (.text.DL_SYSCTL_setBORThreshold)
                  0000107c    00000018     control_logic.o (.text.DL_Timer_clearInterruptStatus)
                  00001094    00000018     ti_msp_dl_config.o (.text.DL_Timer_enablePower)
                  000010ac    00000018     ti_msp_dl_config.o (.text.DL_Timer_reset)
                  000010c4    00000018     driverlib.a : dl_timer.o (.text.DL_Timer_setCaptureCompareOutCtl)
                  000010dc    00000018     motor.o (.text.DL_Timer_startCounter)
                  000010f4    00000018     motor.o (.text.DL_Timer_stopCounter)
                  0000110c    00000018     ti_msp_dl_config.o (.text.DL_UART_enablePower)
                  00001124    00000018     ti_msp_dl_config.o (.text.DL_UART_reset)
                  0000113c    00000016     encoder.o (.text.DL_GPIO_readPins)
                  00001152    00000016     ti_msp_dl_config.o (.text.DL_UART_enable)
                  00001168    00000016     libc.a : copy_zero_init.c.obj (.text:decompress:ZI:__TI_zero_init_nomemset)
                  0000117e    00000014     empty.o (.text.DL_GPIO_clearPins)
                  00001192    00000014     ti_msp_dl_config.o (.text.DL_GPIO_clearPins)
                  000011a6    00000002     --HOLE-- [fill = 0]
                  000011a8    00000014     ti_msp_dl_config.o (.text.DL_SYSCTL_disableSYSPLL)
                  000011bc    00000014     ti_msp_dl_config.o (.text.DL_Timer_enableClock)
                  000011d0    00000014     ti_msp_dl_config.o (.text.DL_Timer_setCCPDirection)
                  000011e4    00000014     uart.o (.text.DL_UART_receiveData)
                  000011f8    00000012     control_logic.o (.text.DL_Timer_getPendingInterrupt)
                  0000120a    00000012     uart.o (.text.DL_UART_getPendingInterrupt)
                  0000121c    00000012     driverlib.a : dl_uart.o (.text.DL_UART_setClockConfig)
                  0000122e    00000012     libc.a : memcpy16.S.obj (.text:TI_memcpy_small)
                  00001240    00000012            : copy_decompress_none.c.obj (.text:decompress:none)
                  00001252    00000002     --HOLE-- [fill = 0]
                  00001254    00000010     ti_msp_dl_config.o (.text.DL_SYSCTL_disableHFXT)
                  00001264    00000010     driverlib.a : dl_timer.o (.text.DL_Timer_setCaptureCompareValue)
                  00001274    0000000a                 : dl_common.o (.text.DL_Common_delayCycles)
                  0000127e    00000002     --HOLE-- [fill = 0]
                  00001280    00000008     libclang_rt.builtins.a : aeabi_memcpy.S.obj (.text.__aeabi_memcpy)
                  00001288    00000006     libc.a : exit.c.obj (.text:abort)
                  0000128e    00000004     control_logic.o (.text.ADC0_IRQHandler)
                  00001292    00000004     control_logic.o (.text.ADC1_IRQHandler)
                  00001296    00000004     control_logic.o (.text.AES_IRQHandler)
                  0000129a    00000004     control_logic.o (.text.CANFD0_IRQHandler)
                  0000129e    00000004     control_logic.o (.text.DAC0_IRQHandler)
                  000012a2    00000004     control_logic.o (.text.DMA_IRQHandler)
                  000012a6    00000004     startup_mspm0g350x_ticlang.o (.text.Default_Handler)
                  000012aa    00000004     control_logic.o (.text.GROUP0_IRQHandler)
                  000012ae    00000004     libsysbm.a : hostexit.c.obj (.text.HOSTexit)
                  000012b2    00000004     control_logic.o (.text.HardFault_Handler)
                  000012b6    00000004     control_logic.o (.text.I2C0_IRQHandler)
                  000012ba    00000004     control_logic.o (.text.I2C1_IRQHandler)
                  000012be    00000004     control_logic.o (.text.NMI_Handler)
                  000012c2    00000004     control_logic.o (.text.PendSV_Handler)
                  000012c6    00000004     control_logic.o (.text.RTC_IRQHandler)
                  000012ca    00000004     startup_mspm0g350x_ticlang.o (.text.Reset_Handler)
                  000012ce    00000004     control_logic.o (.text.SPI0_IRQHandler)
                  000012d2    00000004     control_logic.o (.text.SPI1_IRQHandler)
                  000012d6    00000004     control_logic.o (.text.SVC_Handler)
                  000012da    00000004     control_logic.o (.text.SysTick_Handler)
                  000012de    00000004     control_logic.o (.text.TIMG0_IRQHandler)
                  000012e2    00000004     control_logic.o (.text.TIMG12_IRQHandler)
                  000012e6    00000004     control_logic.o (.text.TIMG6_IRQHandler)
                  000012ea    00000004     control_logic.o (.text.TIMG7_IRQHandler)
                  000012ee    00000004     control_logic.o (.text.TIMG8_IRQHandler)
                  000012f2    00000004     control_logic.o (.text.UART0_IRQHandler)
                  000012f6    00000004     control_logic.o (.text.UART2_IRQHandler)
                  000012fa    00000004     control_logic.o (.text.UART3_IRQHandler)
                  000012fe    00000004     libc.a : pre_init.c.obj (.text._system_pre_init)
                  00001302    00000006     --HOLE-- [fill = 0]

.cinit     0    00001360    00000030     
                  00001360    0000000c     (__TI_handler_table)
                  0000136c    00000008     (.cinit..bss.load) [load image, compression = zero_init]
                  00001374    00000008     (.cinit..data.load) [load image, compression = lzss]
                  0000137c    00000010     (__TI_cinit_table)
                  0000138c    00000004     --HOLE-- [fill = 0]

.rodata    0    00001308    00000058     
                  00001308    00000028     ti_msp_dl_config.o (.rodata.gSYSPLLConfig)
                  00001330    00000014     ti_msp_dl_config.o (.rodata.gTIMER_LOGICTimerConfig)
                  00001344    0000000a     ti_msp_dl_config.o (.rodata.gUART_OPENCVConfig)
                  0000134e    00000002     ti_msp_dl_config.o (.rodata.gUART_OPENCVClockConfig)
                  00001350    00000008     ti_msp_dl_config.o (.rodata.gPWM_ENCODERConfig)
                  00001358    00000003     ti_msp_dl_config.o (.rodata.gPWM_ENCODERClockConfig)
                  0000135b    00000003     ti_msp_dl_config.o (.rodata.gTIMER_LOGICClockConfig)
                  0000135e    00000002     --HOLE-- [fill = 0]

.init_array 
*          0    00000000    00000000     UNINITIALIZED

.binit     0    00000000    00000000     

.bss       0    20200000    000001a0     UNINITIALIZED
                  20200000    000000bc     (.common:gPWM_ENCODERBackup)
                  202000bc    000000bc     (.common:gTIMER_LOGICBackup)
                  20200178    00000010     encoder.o (.bss.left_motor_encoder)
                  20200188    00000010     encoder.o (.bss.right_motor_encoder)
                  20200198    00000004     encoder.o (.bss.gpio_interrup)
                  2020019c    00000002     motor.o (.bss.Motor_SetSpeed.speed1_out)
                  2020019e    00000002     motor.o (.bss.Motor_SetSpeed.speed2_out)

.data      0    202001a0    00000014     UNINITIALIZED
                  202001a0    00000004     encoder.o (.data.x_pulse)
                  202001a4    00000004     encoder.o (.data.y_pulse)
                  202001a8    00000002     uart.o (.data.cx)
                  202001aa    00000002     uart.o (.data.cy)
                  202001ac    00000002     uart.o (.data.rx_x)
                  202001ae    00000002     uart.o (.data.rx_y)
                  202001b0    00000001     uart.o (.data.receive_state)
                  202001b1    00000001     uart.o (.data.rx_num)
                  202001b2    00000001     uart.o (.data.x_negative)
                  202001b3    00000001     uart.o (.data.y_negative)

.stack     0    20207e00    00000200     UNINITIALIZED
                  20207e00    00000004     libc.a : boot_cortex_m.c.obj (.stack)
                  20207e04    000001fc     --HOLE--

__llvm_prf_cnts 
*          0    20200000    00000000     UNINITIALIZED

__llvm_prf_bits 
*          0    20200000    00000000     UNINITIALIZED

MODULE SUMMARY

       Module                         code   ro data   rw data
       ------                         ----   -------   -------
    .\
       ti_msp_dl_config.o             1940   86        376    
       empty.o                        292    0         0      
       startup_mspm0g350x_ticlang.o   8      192       0      
    +--+------------------------------+------+---------+---------+
       Total:                         2240   278       376    
                                                              
    .\User\
       uart.o                         482    0         12     
       encoder.o                      294    0         44     
       motor.o                        196    0         4      
       control_logic.o                174    0         0      
    +--+------------------------------+------+---------+---------+
       Total:                         1146   0         60     
                                                              
    C:/ti/mspm0_sdk_2_05_01_00/source/ti/driverlib/lib/ticlang/m0p/mspm0g1x0x_g3x0x/driverlib.a
       dl_timer.o                     588    0         0      
       dl_sysctl_mspm0g1x0x_g3x0x.o   288    0         0      
       dl_uart.o                      90     0         0      
       dl_common.o                    10     0         0      
    +--+------------------------------+------+---------+---------+
       Total:                         976    0         0      
                                                              
    C:\ti\ccs2020\ccs\tools\compiler\ti-cgt-armllvm_4.0.3.LTS\lib\armv6m-ti-none-eabi/c/libc.a
       copy_decompress_lzss.c.obj     124    0         0      
       autoinit.c.obj                 60     0         0      
       boot_cortex_m.c.obj            40     0         0      
       copy_zero_init.c.obj           22     0         0      
       copy_decompress_none.c.obj     18     0         0      
       memcpy16.S.obj                 18     0         0      
       exit.c.obj                     6      0         0      
       pre_init.c.obj                 4      0         0      
    +--+------------------------------+------+---------+---------+
       Total:                         292    0         0      
                                                              
    C:\ti\ccs2020\ccs\tools\compiler\ti-cgt-armllvm_4.0.3.LTS\lib\armv6m-ti-none-eabi/c/libsysbm.a
       hostexit.c.obj                 4      0         0      
    +--+------------------------------+------+---------+---------+
       Total:                         4      0         0      
                                                              
    C:\ti\ccs2020\ccs\tools\compiler\ti-cgt-armllvm_4.0.3.LTS\lib\armv6m-ti-none-eabi/libclang_rt.builtins.a
       aeabi_memcpy.S.obj             8      0         0      
    +--+------------------------------+------+---------+---------+
       Total:                         8      0         0      
                                                              
       Stack:                         0      0         512    
       Linker Generated:              0      44        0      
    +--+------------------------------+------+---------+---------+
       Grand Total:                   4666   322       948    


LINKER GENERATED COPY TABLES

__TI_cinit_table @ 0000137c records: 2, size/record: 8, table size: 16
	.bss: load addr=0000136c, load size=00000008 bytes, run addr=20200000, run size=000001a0 bytes, compression=zero_init
	.data: load addr=00001374, load size=00000008 bytes, run addr=202001a0, run size=00000014 bytes, compression=lzss


LINKER GENERATED HANDLER TABLE

__TI_handler_table @ 00001360 records: 3, size/record: 4, table size: 12
	index: 0, handler: __TI_decompress_lzss
	index: 1, handler: __TI_decompress_none
	index: 2, handler: __TI_zero_init


GLOBAL SYMBOLS: SORTED ALPHABETICALLY BY Name 

address   name                                 
-------   ----                                 
0000128f  ADC0_IRQHandler                      
00001293  ADC1_IRQHandler                      
00001297  AES_IRQHandler                       
000012ae  C$$EXIT                              
0000129b  CANFD0_IRQHandler                    
0000129f  DAC0_IRQHandler                      
00001275  DL_Common_delayCycles                
000005cd  DL_SYSCTL_configSYSPLL               
00000bb9  DL_SYSCTL_switchMCLKfromSYSOSCtoHSCLK
000003e1  DL_Timer_initFourCCPWMMode           
000004e5  DL_Timer_initTimerMode               
00000f69  DL_Timer_setCaptCompUpdateMethod     
000010c5  DL_Timer_setCaptureCompareOutCtl     
00001265  DL_Timer_setCaptureCompareValue      
00000f85  DL_Timer_setClockConfig              
00000ae1  DL_UART_init                         
0000121d  DL_UART_setClockConfig               
000012a3  DMA_IRQHandler                       
000012a7  Default_Handler                      
000012ab  GROUP0_IRQHandler                    
000006a9  GROUP1_IRQHandler                    
000012af  HOSTexit                             
000012b3  HardFault_Handler                    
000012b7  I2C0_IRQHandler                      
000012bb  I2C1_IRQHandler                      
00000785  Motor_SetSpeed                       
000012bf  NMI_Handler                          
000012c3  PendSV_Handler                       
000012c7  RTC_IRQHandler                       
000012cb  Reset_Handler                        
000012cf  SPI0_IRQHandler                      
000012d3  SPI1_IRQHandler                      
000012d7  SVC_Handler                          
0000027d  SYSCFG_DL_GPIO_init                  
00000819  SYSCFG_DL_PWM_ENCODER_init           
00000b29  SYSCFG_DL_SYSCTL_init                
00000c39  SYSCFG_DL_TIMER_LOGIC_init           
00000b71  SYSCFG_DL_UART_OPENCV_init           
00000d15  SYSCFG_DL_init                       
00000a2d  SYSCFG_DL_initPower                  
000012db  SysTick_Handler                      
000012a7  TIMA0_IRQHandler                     
00000e2d  TIMA1_IRQHandler                     
000012df  TIMG0_IRQHandler                     
000012e3  TIMG12_IRQHandler                    
000012e7  TIMG6_IRQHandler                     
000012eb  TIMG7_IRQHandler                     
000012ef  TIMG8_IRQHandler                     
0000122f  TI_memcpy_small                      
000012f3  UART0_IRQHandler                     
000000c1  UART1_IRQHandler                     
000012f7  UART2_IRQHandler                     
000012fb  UART3_IRQHandler                     
20208000  __STACK_END                          
00000200  __STACK_SIZE                         
00000000  __TI_ATRegion0_region_sz             
00000000  __TI_ATRegion0_src_addr              
00000000  __TI_ATRegion0_trg_addr              
00000000  __TI_ATRegion1_region_sz             
00000000  __TI_ATRegion1_src_addr              
00000000  __TI_ATRegion1_trg_addr              
00000000  __TI_ATRegion2_region_sz             
00000000  __TI_ATRegion2_src_addr              
00000000  __TI_ATRegion2_trg_addr              
0000137c  __TI_CINIT_Base                      
0000138c  __TI_CINIT_Limit                     
0000138c  __TI_CINIT_Warm                      
00001360  __TI_Handler_Table_Base              
0000136c  __TI_Handler_Table_Limit             
00000c75  __TI_auto_init_nobinit_nopinit       
000009b1  __TI_decompress_lzss                 
00001241  __TI_decompress_none                 
ffffffff  __TI_pprof_out_hndl                  
ffffffff  __TI_prof_data_size                  
ffffffff  __TI_prof_data_start                 
00000000  __TI_static_base__                   
00001169  __TI_zero_init_nomemset              
00001281  __aeabi_memcpy                       
00001281  __aeabi_memcpy4                      
00001281  __aeabi_memcpy8                      
ffffffff  __binit__                            
UNDEFED   __mpu_init                           
20207e00  __stack                              
20200000  __start___llvm_prf_bits              
20200000  __start___llvm_prf_cnts              
20200000  __stop___llvm_prf_bits               
20200000  __stop___llvm_prf_cnts               
00000dc5  _c_int00_noargs                      
UNDEFED   _system_post_cinit                   
000012ff  _system_pre_init                     
00001289  abort                                
ffffffff  binit                                
202001a8  cx                                   
202001aa  cy                                   
20200000  gPWM_ENCODERBackup                   
202000bc  gTIMER_LOGICBackup                   
00000000  interruptVectors                     
0000092d  main                                 
202001a0  x_pulse                              
202001a4  y_pulse                              


GLOBAL SYMBOLS: SORTED BY Symbol Address 

address   name                                 
-------   ----                                 
00000000  __TI_ATRegion0_region_sz             
00000000  __TI_ATRegion0_src_addr              
00000000  __TI_ATRegion0_trg_addr              
00000000  __TI_ATRegion1_region_sz             
00000000  __TI_ATRegion1_src_addr              
00000000  __TI_ATRegion1_trg_addr              
00000000  __TI_ATRegion2_region_sz             
00000000  __TI_ATRegion2_src_addr              
00000000  __TI_ATRegion2_trg_addr              
00000000  __TI_static_base__                   
00000000  interruptVectors                     
000000c1  UART1_IRQHandler                     
00000200  __STACK_SIZE                         
0000027d  SYSCFG_DL_GPIO_init                  
000003e1  DL_Timer_initFourCCPWMMode           
000004e5  DL_Timer_initTimerMode               
000005cd  DL_SYSCTL_configSYSPLL               
000006a9  GROUP1_IRQHandler                    
00000785  Motor_SetSpeed                       
00000819  SYSCFG_DL_PWM_ENCODER_init           
0000092d  main                                 
000009b1  __TI_decompress_lzss                 
00000a2d  SYSCFG_DL_initPower                  
00000ae1  DL_UART_init                         
00000b29  SYSCFG_DL_SYSCTL_init                
00000b71  SYSCFG_DL_UART_OPENCV_init           
00000bb9  DL_SYSCTL_switchMCLKfromSYSOSCtoHSCLK
00000c39  SYSCFG_DL_TIMER_LOGIC_init           
00000c75  __TI_auto_init_nobinit_nopinit       
00000d15  SYSCFG_DL_init                       
00000dc5  _c_int00_noargs                      
00000e2d  TIMA1_IRQHandler                     
00000f69  DL_Timer_setCaptCompUpdateMethod     
00000f85  DL_Timer_setClockConfig              
000010c5  DL_Timer_setCaptureCompareOutCtl     
00001169  __TI_zero_init_nomemset              
0000121d  DL_UART_setClockConfig               
0000122f  TI_memcpy_small                      
00001241  __TI_decompress_none                 
00001265  DL_Timer_setCaptureCompareValue      
00001275  DL_Common_delayCycles                
00001281  __aeabi_memcpy                       
00001281  __aeabi_memcpy4                      
00001281  __aeabi_memcpy8                      
00001289  abort                                
0000128f  ADC0_IRQHandler                      
00001293  ADC1_IRQHandler                      
00001297  AES_IRQHandler                       
0000129b  CANFD0_IRQHandler                    
0000129f  DAC0_IRQHandler                      
000012a3  DMA_IRQHandler                       
000012a7  Default_Handler                      
000012a7  TIMA0_IRQHandler                     
000012ab  GROUP0_IRQHandler                    
000012ae  C$$EXIT                              
000012af  HOSTexit                             
000012b3  HardFault_Handler                    
000012b7  I2C0_IRQHandler                      
000012bb  I2C1_IRQHandler                      
000012bf  NMI_Handler                          
000012c3  PendSV_Handler                       
000012c7  RTC_IRQHandler                       
000012cb  Reset_Handler                        
000012cf  SPI0_IRQHandler                      
000012d3  SPI1_IRQHandler                      
000012d7  SVC_Handler                          
000012db  SysTick_Handler                      
000012df  TIMG0_IRQHandler                     
000012e3  TIMG12_IRQHandler                    
000012e7  TIMG6_IRQHandler                     
000012eb  TIMG7_IRQHandler                     
000012ef  TIMG8_IRQHandler                     
000012f3  UART0_IRQHandler                     
000012f7  UART2_IRQHandler                     
000012fb  UART3_IRQHandler                     
000012ff  _system_pre_init                     
00001360  __TI_Handler_Table_Base              
0000136c  __TI_Handler_Table_Limit             
0000137c  __TI_CINIT_Base                      
0000138c  __TI_CINIT_Limit                     
0000138c  __TI_CINIT_Warm                      
20200000  __start___llvm_prf_bits              
20200000  __start___llvm_prf_cnts              
20200000  __stop___llvm_prf_bits               
20200000  __stop___llvm_prf_cnts               
20200000  gPWM_ENCODERBackup                   
202000bc  gTIMER_LOGICBackup                   
202001a0  x_pulse                              
202001a4  y_pulse                              
202001a8  cx                                   
202001aa  cy                                   
20207e00  __stack                              
20208000  __STACK_END                          
ffffffff  __TI_pprof_out_hndl                  
ffffffff  __TI_prof_data_size                  
ffffffff  __TI_prof_data_start                 
ffffffff  __binit__                            
ffffffff  binit                                
UNDEFED   __mpu_init                           
UNDEFED   _system_post_cinit                   

[100 symbols]
