******************************************************************************
            TI ARM Clang Linker PC v4.0.3                      
******************************************************************************
>> Linked Thu Jul 31 10:09:12 2025

OUTPUT FILE NAME:   <empty_LP_MSPM0G3507_nortos_ticlang.out>
ENTRY POINT SYMBOL: "_c_int00_noargs"  address: 00000e39


MEMORY CONFIGURATION

         name            origin    length      used     unused   attr    fill
----------------------  --------  ---------  --------  --------  ----  --------
  FLASH                 00000000   00020000  00001428  0001ebd8  R  X
  SRAM                  20200000   00008000  000003d8  00007c28  RW X
  BCR_CONFIG            41c00000   000000ff  00000000  000000ff  R   
  BSL_CONFIG            41c00100   00000080  00000000  00000080  R   


SEGMENT ALLOCATION MAP

run origin  load origin   length   init length attrs members
----------  ----------- ---------- ----------- ----- -------
00000000    00000000    00001428   00001428    r-x
  00000000    00000000    000000c0   000000c0    r-- .intvecs
  000000c0    000000c0    000012e0   000012e0    r-x .text
  000013a0    000013a0    00000058   00000058    r-- .rodata
  000013f8    000013f8    00000030   00000030    r-- .cinit
20200000    20200000    000001d8   00000000    rw-
  20200000    20200000    000001cc   00000000    rw- .bss
  202001cc    202001cc    0000000c   00000000    rw- .data
20207e00    20207e00    00000200   00000000    rw-
  20207e00    20207e00    00000200   00000000    rw- .stack


SECTION ALLOCATION MAP

 output                                  attributes/
section   page    origin      length       input sections
--------  ----  ----------  ----------   ----------------
.intvecs   0    00000000    000000c0     
                  00000000    000000c0     startup_mspm0g350x_ticlang.o (.intvecs)

.text      0    000000c0    000012e0     
                  000000c0    000001bc     uart.o (.text.UART1_IRQHandler)
                  0000027c    00000164     ti_msp_dl_config.o (.text.SYSCFG_DL_GPIO_init)
                  000003e0    00000128     encoder.o (.text.GROUP1_IRQHandler)
                  00000508    00000104     driverlib.a : dl_timer.o (.text.DL_Timer_initFourCCPWMMode)
                  0000060c    000000e8                 : dl_timer.o (.text.DL_Timer_initTimerMode)
                  000006f4    000000dc                 : dl_sysctl_mspm0g1x0x_g3x0x.o (.text.DL_SYSCTL_configSYSPLL)
                  000007d0    000000ac     empty.o (.text.main)
                  0000087c    00000094     motor.o (.text.Motor_SetSpeed)
                  00000910    00000090     ti_msp_dl_config.o (.text.SYSCFG_DL_PWM_ENCODER_init)
                  000009a0    00000084     ti_msp_dl_config.o (.text.__NVIC_SetPriority)
                  00000a24    0000007c     libc.a : copy_decompress_lzss.c.obj (.text:decompress:lzss)
                  00000aa0    00000068     ti_msp_dl_config.o (.text.SYSCFG_DL_initPower)
                  00000b08    0000004c     ti_msp_dl_config.o (.text.DL_UART_setBaudRateDivisor)
                  00000b54    00000048     driverlib.a : dl_uart.o (.text.DL_UART_init)
                  00000b9c    00000048     ti_msp_dl_config.o (.text.SYSCFG_DL_SYSCTL_init)
                  00000be4    00000048     ti_msp_dl_config.o (.text.SYSCFG_DL_UART_OPENCV_init)
                  00000c2c    00000044     driverlib.a : dl_sysctl_mspm0g1x0x_g3x0x.o (.text.DL_SYSCTL_switchMCLKfromSYSOSCtoHSCLK)
                  00000c70    0000003c     ti_msp_dl_config.o (.text.DL_Timer_setCounterControl)
                  00000cac    0000003c     ti_msp_dl_config.o (.text.SYSCFG_DL_TIMER_LOGIC_init)
                  00000ce8    0000003c     libc.a : autoinit.c.obj (.text:__TI_auto_init_nobinit_nopinit)
                  00000d24    00000034     ti_msp_dl_config.o (.text.DL_GPIO_initDigitalInputFeatures)
                  00000d58    00000030     ti_msp_dl_config.o (.text.DL_GPIO_initDigitalOutputFeatures)
                  00000d88    00000030     ti_msp_dl_config.o (.text.SYSCFG_DL_init)
                  00000db8    0000002c     empty.o (.text.__NVIC_ClearPendingIRQ)
                  00000de4    0000002c     empty.o (.text.__NVIC_EnableIRQ)
                  00000e10    00000028     ti_msp_dl_config.o (.text.DL_Common_updateReg)
                  00000e38    00000028     libc.a : boot_cortex_m.c.obj (.text:_c_int00_noargs)
                  00000e60    00000022     pid.o (.text.set_p_i_d)
                  00000e82    00000002     --HOLE-- [fill = 0]
                  00000e84    00000020     ti_msp_dl_config.o (.text.DL_GPIO_initPeripheralInputFunction)
                  00000ea4    00000020     ti_msp_dl_config.o (.text.DL_SYSCTL_setFlashWaitState)
                  00000ec4    00000020     control_logic.o (.text.TIMA1_IRQHandler)
                  00000ee4    0000001e     ti_msp_dl_config.o (.text.DL_UART_setOversampling)
                  00000f02    00000002     --HOLE-- [fill = 0]
                  00000f04    0000001c     encoder.o (.text.DL_GPIO_clearInterruptStatus)
                  00000f20    0000001c     ti_msp_dl_config.o (.text.DL_GPIO_clearInterruptStatus)
                  00000f3c    0000001c     ti_msp_dl_config.o (.text.DL_GPIO_enableInterrupt)
                  00000f58    0000001c     ti_msp_dl_config.o (.text.DL_GPIO_initPeripheralOutputFunction)
                  00000f74    0000001c     ti_msp_dl_config.o (.text.DL_GPIO_setLowerPinsPolarity)
                  00000f90    0000001c     ti_msp_dl_config.o (.text.DL_SYSCTL_setSYSOSCFreq)
                  00000fac    0000001c     ti_msp_dl_config.o (.text.DL_SYSCTL_setULPCLKDivider)
                  00000fc8    0000001c     empty.o (.text.DL_Timer_enableInterrupt)
                  00000fe4    0000001c     ti_msp_dl_config.o (.text.DL_Timer_enableInterrupt)
                  00001000    0000001c     driverlib.a : dl_timer.o (.text.DL_Timer_setCaptCompUpdateMethod)
                  0000101c    0000001c                 : dl_timer.o (.text.DL_Timer_setClockConfig)
                  00001038    0000001c     ti_msp_dl_config.o (.text.DL_UART_enableInterrupt)
                  00001054    00000018     ti_msp_dl_config.o (.text.DL_GPIO_enableOutput)
                  0000106c    00000018     ti_msp_dl_config.o (.text.DL_GPIO_enablePower)
                  00001084    00000018     encoder.o (.text.DL_GPIO_getEnabledInterruptStatus)
                  0000109c    00000018     ti_msp_dl_config.o (.text.DL_GPIO_initDigitalOutput)
                  000010b4    00000018     ti_msp_dl_config.o (.text.DL_GPIO_reset)
                  000010cc    00000018     empty.o (.text.DL_GPIO_setPins)
                  000010e4    00000018     ti_msp_dl_config.o (.text.DL_GPIO_setUpperPinsPolarity)
                  000010fc    00000018     ti_msp_dl_config.o (.text.DL_SYSCTL_setBORThreshold)
                  00001114    00000018     control_logic.o (.text.DL_Timer_clearInterruptStatus)
                  0000112c    00000018     ti_msp_dl_config.o (.text.DL_Timer_enablePower)
                  00001144    00000018     ti_msp_dl_config.o (.text.DL_Timer_reset)
                  0000115c    00000018     driverlib.a : dl_timer.o (.text.DL_Timer_setCaptureCompareOutCtl)
                  00001174    00000018     motor.o (.text.DL_Timer_startCounter)
                  0000118c    00000018     motor.o (.text.DL_Timer_stopCounter)
                  000011a4    00000018     ti_msp_dl_config.o (.text.DL_UART_enablePower)
                  000011bc    00000018     ti_msp_dl_config.o (.text.DL_UART_reset)
                  000011d4    00000016     encoder.o (.text.DL_GPIO_readPins)
                  000011ea    00000016     ti_msp_dl_config.o (.text.DL_UART_enable)
                  00001200    00000016     libc.a : copy_zero_init.c.obj (.text:decompress:ZI:__TI_zero_init_nomemset)
                  00001216    00000014     empty.o (.text.DL_GPIO_clearPins)
                  0000122a    00000014     ti_msp_dl_config.o (.text.DL_GPIO_clearPins)
                  0000123e    00000002     --HOLE-- [fill = 0]
                  00001240    00000014     ti_msp_dl_config.o (.text.DL_SYSCTL_disableSYSPLL)
                  00001254    00000014     ti_msp_dl_config.o (.text.DL_Timer_enableClock)
                  00001268    00000014     ti_msp_dl_config.o (.text.DL_Timer_setCCPDirection)
                  0000127c    00000014     uart.o (.text.DL_UART_receiveData)
                  00001290    00000012     control_logic.o (.text.DL_Timer_getPendingInterrupt)
                  000012a2    00000012     uart.o (.text.DL_UART_getPendingInterrupt)
                  000012b4    00000012     driverlib.a : dl_uart.o (.text.DL_UART_setClockConfig)
                  000012c6    00000012     libc.a : memcpy16.S.obj (.text:TI_memcpy_small)
                  000012d8    00000012            : copy_decompress_none.c.obj (.text:decompress:none)
                  000012ea    00000002     --HOLE-- [fill = 0]
                  000012ec    00000010     ti_msp_dl_config.o (.text.DL_SYSCTL_disableHFXT)
                  000012fc    00000010     driverlib.a : dl_timer.o (.text.DL_Timer_setCaptureCompareValue)
                  0000130c    0000000a                 : dl_common.o (.text.DL_Common_delayCycles)
                  00001316    00000002     --HOLE-- [fill = 0]
                  00001318    00000008     libclang_rt.builtins.a : aeabi_memcpy.S.obj (.text.__aeabi_memcpy)
                  00001320    00000006     libc.a : exit.c.obj (.text:abort)
                  00001326    00000004     control_logic.o (.text.ADC0_IRQHandler)
                  0000132a    00000004     control_logic.o (.text.ADC1_IRQHandler)
                  0000132e    00000004     control_logic.o (.text.AES_IRQHandler)
                  00001332    00000004     control_logic.o (.text.CANFD0_IRQHandler)
                  00001336    00000004     control_logic.o (.text.DAC0_IRQHandler)
                  0000133a    00000004     control_logic.o (.text.DMA_IRQHandler)
                  0000133e    00000004     startup_mspm0g350x_ticlang.o (.text.Default_Handler)
                  00001342    00000004     control_logic.o (.text.GROUP0_IRQHandler)
                  00001346    00000004     libsysbm.a : hostexit.c.obj (.text.HOSTexit)
                  0000134a    00000004     control_logic.o (.text.HardFault_Handler)
                  0000134e    00000004     control_logic.o (.text.I2C0_IRQHandler)
                  00001352    00000004     control_logic.o (.text.I2C1_IRQHandler)
                  00001356    00000004     control_logic.o (.text.NMI_Handler)
                  0000135a    00000004     control_logic.o (.text.PendSV_Handler)
                  0000135e    00000004     control_logic.o (.text.RTC_IRQHandler)
                  00001362    00000004     startup_mspm0g350x_ticlang.o (.text.Reset_Handler)
                  00001366    00000004     control_logic.o (.text.SPI0_IRQHandler)
                  0000136a    00000004     control_logic.o (.text.SPI1_IRQHandler)
                  0000136e    00000004     control_logic.o (.text.SVC_Handler)
                  00001372    00000004     control_logic.o (.text.SysTick_Handler)
                  00001376    00000004     control_logic.o (.text.TIMG0_IRQHandler)
                  0000137a    00000004     control_logic.o (.text.TIMG12_IRQHandler)
                  0000137e    00000004     control_logic.o (.text.TIMG6_IRQHandler)
                  00001382    00000004     control_logic.o (.text.TIMG7_IRQHandler)
                  00001386    00000004     control_logic.o (.text.TIMG8_IRQHandler)
                  0000138a    00000004     control_logic.o (.text.UART0_IRQHandler)
                  0000138e    00000004     control_logic.o (.text.UART2_IRQHandler)
                  00001392    00000004     control_logic.o (.text.UART3_IRQHandler)
                  00001396    00000004     libc.a : pre_init.c.obj (.text._system_pre_init)
                  0000139a    00000006     --HOLE-- [fill = 0]

.cinit     0    000013f8    00000030     
                  000013f8    0000000c     (__TI_handler_table)
                  00001404    00000008     (.cinit..bss.load) [load image, compression = zero_init]
                  0000140c    00000007     (.cinit..data.load) [load image, compression = lzss]
                  00001413    00000001     --HOLE-- [fill = 0]
                  00001414    00000010     (__TI_cinit_table)
                  00001424    00000004     --HOLE-- [fill = 0]

.rodata    0    000013a0    00000058     
                  000013a0    00000028     ti_msp_dl_config.o (.rodata.gSYSPLLConfig)
                  000013c8    00000014     ti_msp_dl_config.o (.rodata.gTIMER_LOGICTimerConfig)
                  000013dc    0000000a     ti_msp_dl_config.o (.rodata.gUART_OPENCVConfig)
                  000013e6    00000002     ti_msp_dl_config.o (.rodata.gUART_OPENCVClockConfig)
                  000013e8    00000008     ti_msp_dl_config.o (.rodata.gPWM_ENCODERConfig)
                  000013f0    00000003     ti_msp_dl_config.o (.rodata.gPWM_ENCODERClockConfig)
                  000013f3    00000003     ti_msp_dl_config.o (.rodata.gTIMER_LOGICClockConfig)
                  000013f6    00000002     --HOLE-- [fill = 0]

.init_array 
*          0    00000000    00000000     UNINITIALIZED

.binit     0    00000000    00000000     

.bss       0    20200000    000001cc     UNINITIALIZED
                  20200000    000000bc     (.common:gPWM_ENCODERBackup)
                  202000bc    000000bc     (.common:gTIMER_LOGICBackup)
                  20200178    00000020     (.common:pid_speedX)
                  20200198    00000020     (.common:pid_speedY)
                  202001b8    00000004     (.common:Get_Encoder_countA)
                  202001bc    00000004     (.common:Get_Encoder_countB)
                  202001c0    00000004     (.common:gpio_interrup1)
                  202001c4    00000004     (.common:gpio_interrup2)
                  202001c8    00000002     motor.o (.bss.Motor_SetSpeed.speed1_out)
                  202001ca    00000002     motor.o (.bss.Motor_SetSpeed.speed2_out)

.data      0    202001cc    0000000c     UNINITIALIZED
                  202001cc    00000002     uart.o (.data.cx)
                  202001ce    00000002     uart.o (.data.cy)
                  202001d0    00000002     uart.o (.data.rx_x)
                  202001d2    00000002     uart.o (.data.rx_y)
                  202001d4    00000001     uart.o (.data.receive_state)
                  202001d5    00000001     uart.o (.data.rx_num)
                  202001d6    00000001     uart.o (.data.x_negative)
                  202001d7    00000001     uart.o (.data.y_negative)

.stack     0    20207e00    00000200     UNINITIALIZED
                  20207e00    00000004     libc.a : boot_cortex_m.c.obj (.stack)
                  20207e04    000001fc     --HOLE--

__llvm_prf_cnts 
*          0    20200000    00000000     UNINITIALIZED

__llvm_prf_bits 
*          0    20200000    00000000     UNINITIALIZED

MODULE SUMMARY

       Module                         code   ro data   rw data
       ------                         ----   -------   -------
    .\
       ti_msp_dl_config.o             1940   86        376    
       empty.o                        332    0         0      
       startup_mspm0g350x_ticlang.o   8      192       0      
    +--+------------------------------+------+---------+---------+
       Total:                         2280   278       376    
                                                              
    .\User\
       uart.o                         482    0         12     
       encoder.o                      370    0         16     
       motor.o                        196    0         4      
       control_logic.o                174    0         0      
       pid.o                          34     0         64     
    +--+------------------------------+------+---------+---------+
       Total:                         1256   0         96     
                                                              
    C:/ti/mspm0_sdk_2_05_01_00/source/ti/driverlib/lib/ticlang/m0p/mspm0g1x0x_g3x0x/driverlib.a
       dl_timer.o                     588    0         0      
       dl_sysctl_mspm0g1x0x_g3x0x.o   288    0         0      
       dl_uart.o                      90     0         0      
       dl_common.o                    10     0         0      
    +--+------------------------------+------+---------+---------+
       Total:                         976    0         0      
                                                              
    C:\ti\ccs2020\ccs\tools\compiler\ti-cgt-armllvm_4.0.3.LTS\lib\armv6m-ti-none-eabi/c/libc.a
       copy_decompress_lzss.c.obj     124    0         0      
       autoinit.c.obj                 60     0         0      
       boot_cortex_m.c.obj            40     0         0      
       copy_zero_init.c.obj           22     0         0      
       copy_decompress_none.c.obj     18     0         0      
       memcpy16.S.obj                 18     0         0      
       exit.c.obj                     6      0         0      
       pre_init.c.obj                 4      0         0      
    +--+------------------------------+------+---------+---------+
       Total:                         292    0         0      
                                                              
    C:\ti\ccs2020\ccs\tools\compiler\ti-cgt-armllvm_4.0.3.LTS\lib\armv6m-ti-none-eabi/c/libsysbm.a
       hostexit.c.obj                 4      0         0      
    +--+------------------------------+------+---------+---------+
       Total:                         4      0         0      
                                                              
    C:\ti\ccs2020\ccs\tools\compiler\ti-cgt-armllvm_4.0.3.LTS\lib\armv6m-ti-none-eabi/libclang_rt.builtins.a
       aeabi_memcpy.S.obj             8      0         0      
    +--+------------------------------+------+---------+---------+
       Total:                         8      0         0      
                                                              
       Stack:                         0      0         512    
       Linker Generated:              0      43        0      
    +--+------------------------------+------+---------+---------+
       Grand Total:                   4816   321       984    


LINKER GENERATED COPY TABLES

__TI_cinit_table @ 00001414 records: 2, size/record: 8, table size: 16
	.bss: load addr=00001404, load size=00000008 bytes, run addr=20200000, run size=000001cc bytes, compression=zero_init
	.data: load addr=0000140c, load size=00000007 bytes, run addr=202001cc, run size=0000000c bytes, compression=lzss


LINKER GENERATED HANDLER TABLE

__TI_handler_table @ 000013f8 records: 3, size/record: 4, table size: 12
	index: 0, handler: __TI_decompress_lzss
	index: 1, handler: __TI_decompress_none
	index: 2, handler: __TI_zero_init


GLOBAL SYMBOLS: SORTED ALPHABETICALLY BY Name 

address   name                                 
-------   ----                                 
00001327  ADC0_IRQHandler                      
0000132b  ADC1_IRQHandler                      
0000132f  AES_IRQHandler                       
00001346  C$$EXIT                              
00001333  CANFD0_IRQHandler                    
00001337  DAC0_IRQHandler                      
0000130d  DL_Common_delayCycles                
000006f5  DL_SYSCTL_configSYSPLL               
00000c2d  DL_SYSCTL_switchMCLKfromSYSOSCtoHSCLK
00000509  DL_Timer_initFourCCPWMMode           
0000060d  DL_Timer_initTimerMode               
00001001  DL_Timer_setCaptCompUpdateMethod     
0000115d  DL_Timer_setCaptureCompareOutCtl     
000012fd  DL_Timer_setCaptureCompareValue      
0000101d  DL_Timer_setClockConfig              
00000b55  DL_UART_init                         
000012b5  DL_UART_setClockConfig               
0000133b  DMA_IRQHandler                       
0000133f  Default_Handler                      
00001343  GROUP0_IRQHandler                    
000003e1  GROUP1_IRQHandler                    
202001b8  Get_Encoder_countA                   
202001bc  Get_Encoder_countB                   
00001347  HOSTexit                             
0000134b  HardFault_Handler                    
0000134f  I2C0_IRQHandler                      
00001353  I2C1_IRQHandler                      
0000087d  Motor_SetSpeed                       
00001357  NMI_Handler                          
0000135b  PendSV_Handler                       
0000135f  RTC_IRQHandler                       
00001363  Reset_Handler                        
00001367  SPI0_IRQHandler                      
0000136b  SPI1_IRQHandler                      
0000136f  SVC_Handler                          
0000027d  SYSCFG_DL_GPIO_init                  
00000911  SYSCFG_DL_PWM_ENCODER_init           
00000b9d  SYSCFG_DL_SYSCTL_init                
00000cad  SYSCFG_DL_TIMER_LOGIC_init           
00000be5  SYSCFG_DL_UART_OPENCV_init           
00000d89  SYSCFG_DL_init                       
00000aa1  SYSCFG_DL_initPower                  
00001373  SysTick_Handler                      
0000133f  TIMA0_IRQHandler                     
00000ec5  TIMA1_IRQHandler                     
00001377  TIMG0_IRQHandler                     
0000137b  TIMG12_IRQHandler                    
0000137f  TIMG6_IRQHandler                     
00001383  TIMG7_IRQHandler                     
00001387  TIMG8_IRQHandler                     
000012c7  TI_memcpy_small                      
0000138b  UART0_IRQHandler                     
000000c1  UART1_IRQHandler                     
0000138f  UART2_IRQHandler                     
00001393  UART3_IRQHandler                     
20208000  __STACK_END                          
00000200  __STACK_SIZE                         
00000000  __TI_ATRegion0_region_sz             
00000000  __TI_ATRegion0_src_addr              
00000000  __TI_ATRegion0_trg_addr              
00000000  __TI_ATRegion1_region_sz             
00000000  __TI_ATRegion1_src_addr              
00000000  __TI_ATRegion1_trg_addr              
00000000  __TI_ATRegion2_region_sz             
00000000  __TI_ATRegion2_src_addr              
00000000  __TI_ATRegion2_trg_addr              
00001414  __TI_CINIT_Base                      
00001424  __TI_CINIT_Limit                     
00001424  __TI_CINIT_Warm                      
000013f8  __TI_Handler_Table_Base              
00001404  __TI_Handler_Table_Limit             
00000ce9  __TI_auto_init_nobinit_nopinit       
00000a25  __TI_decompress_lzss                 
000012d9  __TI_decompress_none                 
ffffffff  __TI_pprof_out_hndl                  
ffffffff  __TI_prof_data_size                  
ffffffff  __TI_prof_data_start                 
00000000  __TI_static_base__                   
00001201  __TI_zero_init_nomemset              
00001319  __aeabi_memcpy                       
00001319  __aeabi_memcpy4                      
00001319  __aeabi_memcpy8                      
ffffffff  __binit__                            
UNDEFED   __mpu_init                           
20207e00  __stack                              
20200000  __start___llvm_prf_bits              
20200000  __start___llvm_prf_cnts              
20200000  __stop___llvm_prf_bits               
20200000  __stop___llvm_prf_cnts               
00000e39  _c_int00_noargs                      
UNDEFED   _system_post_cinit                   
00001397  _system_pre_init                     
00001321  abort                                
ffffffff  binit                                
202001cc  cx                                   
202001ce  cy                                   
20200000  gPWM_ENCODERBackup                   
202000bc  gTIMER_LOGICBackup                   
202001c0  gpio_interrup1                       
202001c4  gpio_interrup2                       
00000000  interruptVectors                     
000007d1  main                                 
20200178  pid_speedX                           
20200198  pid_speedY                           
00000e61  set_p_i_d                            


GLOBAL SYMBOLS: SORTED BY Symbol Address 

address   name                                 
-------   ----                                 
00000000  __TI_ATRegion0_region_sz             
00000000  __TI_ATRegion0_src_addr              
00000000  __TI_ATRegion0_trg_addr              
00000000  __TI_ATRegion1_region_sz             
00000000  __TI_ATRegion1_src_addr              
00000000  __TI_ATRegion1_trg_addr              
00000000  __TI_ATRegion2_region_sz             
00000000  __TI_ATRegion2_src_addr              
00000000  __TI_ATRegion2_trg_addr              
00000000  __TI_static_base__                   
00000000  interruptVectors                     
000000c1  UART1_IRQHandler                     
00000200  __STACK_SIZE                         
0000027d  SYSCFG_DL_GPIO_init                  
000003e1  GROUP1_IRQHandler                    
00000509  DL_Timer_initFourCCPWMMode           
0000060d  DL_Timer_initTimerMode               
000006f5  DL_SYSCTL_configSYSPLL               
000007d1  main                                 
0000087d  Motor_SetSpeed                       
00000911  SYSCFG_DL_PWM_ENCODER_init           
00000a25  __TI_decompress_lzss                 
00000aa1  SYSCFG_DL_initPower                  
00000b55  DL_UART_init                         
00000b9d  SYSCFG_DL_SYSCTL_init                
00000be5  SYSCFG_DL_UART_OPENCV_init           
00000c2d  DL_SYSCTL_switchMCLKfromSYSOSCtoHSCLK
00000cad  SYSCFG_DL_TIMER_LOGIC_init           
00000ce9  __TI_auto_init_nobinit_nopinit       
00000d89  SYSCFG_DL_init                       
00000e39  _c_int00_noargs                      
00000e61  set_p_i_d                            
00000ec5  TIMA1_IRQHandler                     
00001001  DL_Timer_setCaptCompUpdateMethod     
0000101d  DL_Timer_setClockConfig              
0000115d  DL_Timer_setCaptureCompareOutCtl     
00001201  __TI_zero_init_nomemset              
000012b5  DL_UART_setClockConfig               
000012c7  TI_memcpy_small                      
000012d9  __TI_decompress_none                 
000012fd  DL_Timer_setCaptureCompareValue      
0000130d  DL_Common_delayCycles                
00001319  __aeabi_memcpy                       
00001319  __aeabi_memcpy4                      
00001319  __aeabi_memcpy8                      
00001321  abort                                
00001327  ADC0_IRQHandler                      
0000132b  ADC1_IRQHandler                      
0000132f  AES_IRQHandler                       
00001333  CANFD0_IRQHandler                    
00001337  DAC0_IRQHandler                      
0000133b  DMA_IRQHandler                       
0000133f  Default_Handler                      
0000133f  TIMA0_IRQHandler                     
00001343  GROUP0_IRQHandler                    
00001346  C$$EXIT                              
00001347  HOSTexit                             
0000134b  HardFault_Handler                    
0000134f  I2C0_IRQHandler                      
00001353  I2C1_IRQHandler                      
00001357  NMI_Handler                          
0000135b  PendSV_Handler                       
0000135f  RTC_IRQHandler                       
00001363  Reset_Handler                        
00001367  SPI0_IRQHandler                      
0000136b  SPI1_IRQHandler                      
0000136f  SVC_Handler                          
00001373  SysTick_Handler                      
00001377  TIMG0_IRQHandler                     
0000137b  TIMG12_IRQHandler                    
0000137f  TIMG6_IRQHandler                     
00001383  TIMG7_IRQHandler                     
00001387  TIMG8_IRQHandler                     
0000138b  UART0_IRQHandler                     
0000138f  UART2_IRQHandler                     
00001393  UART3_IRQHandler                     
00001397  _system_pre_init                     
000013f8  __TI_Handler_Table_Base              
00001404  __TI_Handler_Table_Limit             
00001414  __TI_CINIT_Base                      
00001424  __TI_CINIT_Limit                     
00001424  __TI_CINIT_Warm                      
20200000  __start___llvm_prf_bits              
20200000  __start___llvm_prf_cnts              
20200000  __stop___llvm_prf_bits               
20200000  __stop___llvm_prf_cnts               
20200000  gPWM_ENCODERBackup                   
202000bc  gTIMER_LOGICBackup                   
20200178  pid_speedX                           
20200198  pid_speedY                           
202001b8  Get_Encoder_countA                   
202001bc  Get_Encoder_countB                   
202001c0  gpio_interrup1                       
202001c4  gpio_interrup2                       
202001cc  cx                                   
202001ce  cy                                   
20207e00  __stack                              
20208000  __STACK_END                          
ffffffff  __TI_pprof_out_hndl                  
ffffffff  __TI_prof_data_size                  
ffffffff  __TI_prof_data_start                 
ffffffff  __binit__                            
ffffffff  binit                                
UNDEFED   __mpu_init                           
UNDEFED   _system_post_cinit                   

[105 symbols]
