<?xml version="1.0" encoding="ISO-8859-1" ?>
<link_info>
   <banner>TI ARM Clang Linker PC v4.0.3.LTS</banner>
   <copyright>Copyright (c) 1996-2018 Texas Instruments Incorporated</copyright>
   <command_line>C:\ti\ccs2020\ccs\tools\compiler\ti-cgt-armllvm_4.0.3.LTS\bin\tiarmlnk -IC:\ti\ccs2020\ccs\tools\compiler\ti-cgt-armllvm_4.0.3.LTS\lib -o empty_LP_MSPM0G3507_nortos_ticlang.out -mempty_LP_MSPM0G3507_nortos_ticlang.map -iC:/ti/mspm0_sdk_2_05_01_00/source -iC:/Users/23092/workspace_ccstheia/empty_LP_MSPM0G3507_nortos_ticlang -iC:/Users/23092/workspace_ccstheia/empty_LP_MSPM0G3507_nortos_ticlang/Debug/syscfg -iC:/ti/ccs2020/ccs/tools/compiler/ti-cgt-armllvm_4.0.3.LTS/lib --diag_wrap=off --display_error_number --warn_sections --xml_link_info=empty_LP_MSPM0G3507_nortos_ticlang_linkInfo.xml --rom_model ./empty.o ./ti_msp_dl_config.o ./startup_mspm0g350x_ticlang.o ./User/control.o ./User/control_logic.o ./User/encoder.o ./User/grey_sensor.o ./User/motor.o ./User/pid.o ./User/uart.o -l./device_linker.cmd -ldevice.cmd.genlibs -llibc.a --start-group -llibc++.a -llibc++abi.a -llibc.a -llibsys.a -llibsysbm.a -llibclang_rt.builtins.a -llibclang_rt.profile.a --end-group --cg_opt_level=0</command_line>
   <link_time>0x688bcee4</link_time>
   <link_errors>0x0</link_errors>
   <output_file>C:\Users\23092\workspace_ccstheia\empty_LP_MSPM0G3507_nortos_ticlang\Debug\empty_LP_MSPM0G3507_nortos_ticlang.out</output_file>
   <entry_point>
      <name>_c_int00_noargs</name>
      <address>0x1495</address>
   </entry_point>
   <input_file_list>
      <input_file id="fl-1">
         <path>C:\Users\23092\workspace_ccstheia\empty_LP_MSPM0G3507_nortos_ticlang\Debug\.\</path>
         <kind>object</kind>
         <file>empty.o</file>
         <name>empty.o</name>
      </input_file>
      <input_file id="fl-2">
         <path>C:\Users\23092\workspace_ccstheia\empty_LP_MSPM0G3507_nortos_ticlang\Debug\.\</path>
         <kind>object</kind>
         <file>ti_msp_dl_config.o</file>
         <name>ti_msp_dl_config.o</name>
      </input_file>
      <input_file id="fl-3">
         <path>C:\Users\23092\workspace_ccstheia\empty_LP_MSPM0G3507_nortos_ticlang\Debug\.\</path>
         <kind>object</kind>
         <file>startup_mspm0g350x_ticlang.o</file>
         <name>startup_mspm0g350x_ticlang.o</name>
      </input_file>
      <input_file id="fl-4">
         <path>C:\Users\23092\workspace_ccstheia\empty_LP_MSPM0G3507_nortos_ticlang\Debug\.\User\</path>
         <kind>object</kind>
         <file>control.o</file>
         <name>control.o</name>
      </input_file>
      <input_file id="fl-5">
         <path>C:\Users\23092\workspace_ccstheia\empty_LP_MSPM0G3507_nortos_ticlang\Debug\.\User\</path>
         <kind>object</kind>
         <file>control_logic.o</file>
         <name>control_logic.o</name>
      </input_file>
      <input_file id="fl-6">
         <path>C:\Users\23092\workspace_ccstheia\empty_LP_MSPM0G3507_nortos_ticlang\Debug\.\User\</path>
         <kind>object</kind>
         <file>encoder.o</file>
         <name>encoder.o</name>
      </input_file>
      <input_file id="fl-7">
         <path>C:\Users\23092\workspace_ccstheia\empty_LP_MSPM0G3507_nortos_ticlang\Debug\.\User\</path>
         <kind>object</kind>
         <file>grey_sensor.o</file>
         <name>grey_sensor.o</name>
      </input_file>
      <input_file id="fl-8">
         <path>C:\Users\23092\workspace_ccstheia\empty_LP_MSPM0G3507_nortos_ticlang\Debug\.\User\</path>
         <kind>object</kind>
         <file>motor.o</file>
         <name>motor.o</name>
      </input_file>
      <input_file id="fl-9">
         <path>C:\Users\23092\workspace_ccstheia\empty_LP_MSPM0G3507_nortos_ticlang\Debug\.\User\</path>
         <kind>object</kind>
         <file>pid.o</file>
         <name>pid.o</name>
      </input_file>
      <input_file id="fl-a">
         <path>C:\Users\23092\workspace_ccstheia\empty_LP_MSPM0G3507_nortos_ticlang\Debug\.\User\</path>
         <kind>object</kind>
         <file>uart.o</file>
         <name>uart.o</name>
      </input_file>
      <input_file id="fl-17">
         <path>C:\Users\23092\workspace_ccstheia\empty_LP_MSPM0G3507_nortos_ticlang\Debug\</path>
         <kind>object</kind>
         <file>&lt;internal&gt;</file>
         <name>&lt;internal&gt;</name>
      </input_file>
      <input_file id="fl-18">
         <path>C:\ti\mspm0_sdk_2_05_01_00\source\ti\driverlib\lib\ticlang\m0p\mspm0g1x0x_g3x0x\</path>
         <kind>archive</kind>
         <file>driverlib.a</file>
         <name>dl_common.o</name>
      </input_file>
      <input_file id="fl-19">
         <path>C:\ti\mspm0_sdk_2_05_01_00\source\ti\driverlib\lib\ticlang\m0p\mspm0g1x0x_g3x0x\</path>
         <kind>archive</kind>
         <file>driverlib.a</file>
         <name>dl_timer.o</name>
      </input_file>
      <input_file id="fl-1a">
         <path>C:\ti\mspm0_sdk_2_05_01_00\source\ti\driverlib\lib\ticlang\m0p\mspm0g1x0x_g3x0x\</path>
         <kind>archive</kind>
         <file>driverlib.a</file>
         <name>dl_uart.o</name>
      </input_file>
      <input_file id="fl-1b">
         <path>C:\ti\mspm0_sdk_2_05_01_00\source\ti\driverlib\lib\ticlang\m0p\mspm0g1x0x_g3x0x\</path>
         <kind>archive</kind>
         <file>driverlib.a</file>
         <name>dl_sysctl_mspm0g1x0x_g3x0x.o</name>
      </input_file>
      <input_file id="fl-32">
         <path>C:\ti\ccs2020\ccs\tools\compiler\ti-cgt-armllvm_4.0.3.LTS\lib\armv6m-ti-none-eabi\c\</path>
         <kind>archive</kind>
         <file>libc.a</file>
         <name>defs.c.obj</name>
      </input_file>
      <input_file id="fl-33">
         <path>C:\ti\ccs2020\ccs\tools\compiler\ti-cgt-armllvm_4.0.3.LTS\lib\armv6m-ti-none-eabi\c\</path>
         <kind>archive</kind>
         <file>libc.a</file>
         <name>strlen.c.obj</name>
      </input_file>
      <input_file id="fl-34">
         <path>C:\ti\ccs2020\ccs\tools\compiler\ti-cgt-armllvm_4.0.3.LTS\lib\armv6m-ti-none-eabi\c\</path>
         <kind>archive</kind>
         <file>libc.a</file>
         <name>boot_cortex_m.c.obj</name>
      </input_file>
      <input_file id="fl-35">
         <path>C:\ti\ccs2020\ccs\tools\compiler\ti-cgt-armllvm_4.0.3.LTS\lib\armv6m-ti-none-eabi\c\</path>
         <kind>archive</kind>
         <file>libc.a</file>
         <name>mathacl_init.c.obj</name>
      </input_file>
      <input_file id="fl-36">
         <path>C:\ti\ccs2020\ccs\tools\compiler\ti-cgt-armllvm_4.0.3.LTS\lib\armv6m-ti-none-eabi\c\</path>
         <kind>archive</kind>
         <file>libc.a</file>
         <name>autoinit.c.obj</name>
      </input_file>
      <input_file id="fl-37">
         <path>C:\ti\ccs2020\ccs\tools\compiler\ti-cgt-armllvm_4.0.3.LTS\lib\armv6m-ti-none-eabi\c\</path>
         <kind>archive</kind>
         <file>libc.a</file>
         <name>pre_init.c.obj</name>
      </input_file>
      <input_file id="fl-38">
         <path>C:\ti\ccs2020\ccs\tools\compiler\ti-cgt-armllvm_4.0.3.LTS\lib\armv6m-ti-none-eabi\c\</path>
         <kind>archive</kind>
         <file>libc.a</file>
         <name>cpy_tbl.c.obj</name>
      </input_file>
      <input_file id="fl-39">
         <path>C:\ti\ccs2020\ccs\tools\compiler\ti-cgt-armllvm_4.0.3.LTS\lib\armv6m-ti-none-eabi\c\</path>
         <kind>archive</kind>
         <file>libc.a</file>
         <name>copy_zero_init.c.obj</name>
      </input_file>
      <input_file id="fl-3a">
         <path>C:\ti\ccs2020\ccs\tools\compiler\ti-cgt-armllvm_4.0.3.LTS\lib\armv6m-ti-none-eabi\c\</path>
         <kind>archive</kind>
         <file>libc.a</file>
         <name>copy_decompress_none.c.obj</name>
      </input_file>
      <input_file id="fl-3b">
         <path>C:\ti\ccs2020\ccs\tools\compiler\ti-cgt-armllvm_4.0.3.LTS\lib\armv6m-ti-none-eabi\c\</path>
         <kind>archive</kind>
         <file>libc.a</file>
         <name>copy_decompress_lzss.c.obj</name>
      </input_file>
      <input_file id="fl-3c">
         <path>C:\ti\ccs2020\ccs\tools\compiler\ti-cgt-armllvm_4.0.3.LTS\lib\armv6m-ti-none-eabi\c\</path>
         <kind>archive</kind>
         <file>libc.a</file>
         <name>exit.c.obj</name>
      </input_file>
      <input_file id="fl-3d">
         <path>C:\ti\ccs2020\ccs\tools\compiler\ti-cgt-armllvm_4.0.3.LTS\lib\armv6m-ti-none-eabi\c\</path>
         <kind>archive</kind>
         <file>libc.a</file>
         <name>_lock.c.obj</name>
      </input_file>
      <input_file id="fl-3e">
         <path>C:\ti\ccs2020\ccs\tools\compiler\ti-cgt-armllvm_4.0.3.LTS\lib\armv6m-ti-none-eabi\c\</path>
         <kind>archive</kind>
         <file>libc.a</file>
         <name>args_main.c.obj</name>
      </input_file>
      <input_file id="fl-de">
         <path>C:\ti\ccs2020\ccs\tools\compiler\ti-cgt-armllvm_4.0.3.LTS\lib\armv6m-ti-none-eabi\c\</path>
         <kind>archive</kind>
         <file>libsysbm.a</file>
         <name>hostexit.c.obj</name>
      </input_file>
      <input_file id="fl-df">
         <path>C:\ti\ccs2020\ccs\tools\compiler\ti-cgt-armllvm_4.0.3.LTS\lib\armv6m-ti-none-eabi\</path>
         <kind>archive</kind>
         <file>libclang_rt.builtins.a</file>
         <name>addsf3.S.obj</name>
      </input_file>
      <input_file id="fl-e0">
         <path>C:\ti\ccs2020\ccs\tools\compiler\ti-cgt-armllvm_4.0.3.LTS\lib\armv6m-ti-none-eabi\</path>
         <kind>archive</kind>
         <file>libclang_rt.builtins.a</file>
         <name>mulsf3.S.obj</name>
      </input_file>
      <input_file id="fl-e1">
         <path>C:\ti\ccs2020\ccs\tools\compiler\ti-cgt-armllvm_4.0.3.LTS\lib\armv6m-ti-none-eabi\</path>
         <kind>archive</kind>
         <file>libclang_rt.builtins.a</file>
         <name>aeabi_fcmp.S.obj</name>
      </input_file>
      <input_file id="fl-e2">
         <path>C:\ti\ccs2020\ccs\tools\compiler\ti-cgt-armllvm_4.0.3.LTS\lib\armv6m-ti-none-eabi\</path>
         <kind>archive</kind>
         <file>libclang_rt.builtins.a</file>
         <name>aeabi_memcpy.S.obj</name>
      </input_file>
      <input_file id="fl-e3">
         <path>C:\ti\ccs2020\ccs\tools\compiler\ti-cgt-armllvm_4.0.3.LTS\lib\armv6m-ti-none-eabi\</path>
         <kind>archive</kind>
         <file>libclang_rt.builtins.a</file>
         <name>aeabi_memset.S.obj</name>
      </input_file>
      <input_file id="fl-e4">
         <path>C:\ti\ccs2020\ccs\tools\compiler\ti-cgt-armllvm_4.0.3.LTS\lib\armv6m-ti-none-eabi\</path>
         <kind>archive</kind>
         <file>libclang_rt.builtins.a</file>
         <name>aeabi_uidivmod.S.obj</name>
      </input_file>
      <input_file id="fl-e5">
         <path>C:\ti\ccs2020\ccs\tools\compiler\ti-cgt-armllvm_4.0.3.LTS\lib\armv6m-ti-none-eabi\</path>
         <kind>archive</kind>
         <file>libclang_rt.builtins.a</file>
         <name>comparesf2.S.obj</name>
      </input_file>
      <input_file id="fl-e6">
         <path>C:\ti\ccs2020\ccs\tools\compiler\ti-cgt-armllvm_4.0.3.LTS\lib\armv6m-ti-none-eabi\</path>
         <kind>archive</kind>
         <file>libclang_rt.builtins.a</file>
         <name>muldsi3.S.obj</name>
      </input_file>
      <input_file id="fl-e7">
         <path>C:\ti\ccs2020\ccs\tools\compiler\ti-cgt-armllvm_4.0.3.LTS\lib\armv6m-ti-none-eabi\</path>
         <kind>archive</kind>
         <file>libclang_rt.builtins.a</file>
         <name>aeabi_div0.c.obj</name>
      </input_file>
      <input_file id="fl-e8">
         <path>C:\ti\ccs2020\ccs\tools\compiler\ti-cgt-armllvm_4.0.3.LTS\lib\armv6m-ti-none-eabi\c\</path>
         <kind>archive</kind>
         <file>libc.a</file>
         <name>memcpy16.S.obj</name>
      </input_file>
      <input_file id="fl-e9">
         <path>C:\ti\ccs2020\ccs\tools\compiler\ti-cgt-armllvm_4.0.3.LTS\lib\armv6m-ti-none-eabi\c\</path>
         <kind>archive</kind>
         <file>libc.a</file>
         <name>memset16.S.obj</name>
      </input_file>
   </input_file_list>
   <object_component_list>
      <object_component id="oc-18">
         <name>.intvecs</name>
         <load_address>0x0</load_address>
         <readonly>true</readonly>
         <run_address>0x0</run_address>
         <size>0xc0</size>
         <alignment>0x4</alignment>
         <input_file_ref idref="fl-3"/>
      </object_component>
      <object_component id="oc-11b">
         <name>.text.Light_GoStraight_control</name>
         <load_address>0xc0</load_address>
         <readonly>true</readonly>
         <executable>true</executable>
         <run_address>0xc0</run_address>
         <size>0x2b0</size>
         <alignment>0x4</alignment>
         <input_file_ref idref="fl-7"/>
      </object_component>
      <object_component id="oc-fe">
         <name>.text.SYSCFG_DL_GPIO_init</name>
         <load_address>0x370</load_address>
         <readonly>true</readonly>
         <executable>true</executable>
         <run_address>0x370</run_address>
         <size>0x1dc</size>
         <alignment>0x4</alignment>
         <input_file_ref idref="fl-2"/>
      </object_component>
      <object_component id="oc-3d">
         <name>.text.GROUP1_IRQHandler</name>
         <load_address>0x54c</load_address>
         <readonly>true</readonly>
         <executable>true</executable>
         <run_address>0x54c</run_address>
         <size>0x1b8</size>
         <alignment>0x4</alignment>
         <input_file_ref idref="fl-6"/>
      </object_component>
      <object_component id="oc-c7">
         <name>.text.Motor_SetSpeed</name>
         <load_address>0x704</load_address>
         <readonly>true</readonly>
         <executable>true</executable>
         <run_address>0x704</run_address>
         <size>0x128</size>
         <alignment>0x4</alignment>
         <input_file_ref idref="fl-8"/>
      </object_component>
      <object_component id="oc-17a">
         <name>.text.Get_Light_TTL</name>
         <load_address>0x82c</load_address>
         <readonly>true</readonly>
         <executable>true</executable>
         <run_address>0x82c</run_address>
         <size>0x108</size>
         <alignment>0x4</alignment>
         <input_file_ref idref="fl-7"/>
      </object_component>
      <object_component id="oc-159">
         <name>.text.DL_Timer_initFourCCPWMMode</name>
         <load_address>0x934</load_address>
         <readonly>true</readonly>
         <executable>true</executable>
         <run_address>0x934</run_address>
         <size>0x104</size>
         <alignment>0x4</alignment>
         <input_file_ref idref="fl-19"/>
      </object_component>
      <object_component id="oc-161">
         <name>.text.DL_Timer_initTimerMode</name>
         <load_address>0xa38</load_address>
         <readonly>true</readonly>
         <executable>true</executable>
         <run_address>0xa38</run_address>
         <size>0xe8</size>
         <alignment>0x4</alignment>
         <input_file_ref idref="fl-19"/>
      </object_component>
      <object_component id="oc-14e">
         <name>.text.DL_SYSCTL_configSYSPLL</name>
         <load_address>0xb20</load_address>
         <readonly>true</readonly>
         <executable>true</executable>
         <run_address>0xb20</run_address>
         <size>0xdc</size>
         <alignment>0x4</alignment>
         <input_file_ref idref="fl-1b"/>
      </object_component>
      <object_component id="oc-4a">
         <name>.text.UART1_IRQHandler</name>
         <load_address>0xbfc</load_address>
         <readonly>true</readonly>
         <executable>true</executable>
         <run_address>0xbfc</run_address>
         <size>0xdc</size>
         <alignment>0x4</alignment>
         <input_file_ref idref="fl-a"/>
      </object_component>
      <object_component id="oc-a4">
         <name>.text.main</name>
         <load_address>0xcd8</load_address>
         <readonly>true</readonly>
         <executable>true</executable>
         <run_address>0xcd8</run_address>
         <size>0xd8</size>
         <alignment>0x4</alignment>
         <input_file_ref idref="fl-1"/>
      </object_component>
      <object_component id="oc-fd">
         <name>.text.SYSCFG_DL_initPower</name>
         <load_address>0xdb0</load_address>
         <readonly>true</readonly>
         <executable>true</executable>
         <run_address>0xdb0</run_address>
         <size>0xa0</size>
         <alignment>0x4</alignment>
         <input_file_ref idref="fl-2"/>
      </object_component>
      <object_component id="oc-100">
         <name>.text.SYSCFG_DL_PWM_ENCODER_init</name>
         <load_address>0xe50</load_address>
         <readonly>true</readonly>
         <executable>true</executable>
         <run_address>0xe50</run_address>
         <size>0x90</size>
         <alignment>0x4</alignment>
         <input_file_ref idref="fl-2"/>
      </object_component>
      <object_component id="oc-d1">
         <name>.text.control</name>
         <load_address>0xee0</load_address>
         <readonly>true</readonly>
         <executable>true</executable>
         <run_address>0xee0</run_address>
         <size>0x8c</size>
         <alignment>0x4</alignment>
         <input_file_ref idref="fl-4"/>
      </object_component>
      <object_component id="oc-156">
         <name>.text.__NVIC_SetPriority</name>
         <load_address>0xf6c</load_address>
         <readonly>true</readonly>
         <executable>true</executable>
         <run_address>0xf6c</run_address>
         <size>0x84</size>
         <alignment>0x4</alignment>
         <input_file_ref idref="fl-2"/>
      </object_component>
      <object_component id="oc-1c">
         <name>.text:decompress:lzss</name>
         <load_address>0xff0</load_address>
         <readonly>true</readonly>
         <executable>true</executable>
         <run_address>0xff0</run_address>
         <size>0x7c</size>
         <alignment>0x4</alignment>
         <input_file_ref idref="fl-3b"/>
      </object_component>
      <object_component id="oc-51">
         <name>.text.TIMG0_IRQHandler</name>
         <load_address>0x106c</load_address>
         <readonly>true</readonly>
         <executable>true</executable>
         <run_address>0x106c</run_address>
         <size>0x5c</size>
         <alignment>0x4</alignment>
         <input_file_ref idref="fl-5"/>
      </object_component>
      <object_component id="oc-16f">
         <name>.text.DL_UART_setBaudRateDivisor</name>
         <load_address>0x10c8</load_address>
         <readonly>true</readonly>
         <executable>true</executable>
         <run_address>0x10c8</run_address>
         <size>0x4c</size>
         <alignment>0x4</alignment>
         <input_file_ref idref="fl-2"/>
      </object_component>
      <object_component id="oc-16d">
         <name>.text.DL_UART_init</name>
         <load_address>0x1114</load_address>
         <readonly>true</readonly>
         <executable>true</executable>
         <run_address>0x1114</run_address>
         <size>0x48</size>
         <alignment>0x4</alignment>
         <input_file_ref idref="fl-1a"/>
      </object_component>
      <object_component id="oc-ff">
         <name>.text.SYSCFG_DL_SYSCTL_init</name>
         <load_address>0x115c</load_address>
         <readonly>true</readonly>
         <executable>true</executable>
         <run_address>0x115c</run_address>
         <size>0x48</size>
         <alignment>0x4</alignment>
         <input_file_ref idref="fl-2"/>
      </object_component>
      <object_component id="oc-103">
         <name>.text.SYSCFG_DL_UART_TJC_init</name>
         <load_address>0x11a4</load_address>
         <readonly>true</readonly>
         <executable>true</executable>
         <run_address>0x11a4</run_address>
         <size>0x48</size>
         <alignment>0x4</alignment>
         <input_file_ref idref="fl-2"/>
      </object_component>
      <object_component id="oc-bd">
         <name>.text.SYSCFG_DL_init</name>
         <load_address>0x11ec</load_address>
         <readonly>true</readonly>
         <executable>true</executable>
         <run_address>0x11ec</run_address>
         <size>0x48</size>
         <alignment>0x4</alignment>
         <input_file_ref idref="fl-2"/>
      </object_component>
      <object_component id="oc-155">
         <name>.text.DL_SYSCTL_switchMCLKfromSYSOSCtoHSCLK</name>
         <load_address>0x1234</load_address>
         <readonly>true</readonly>
         <executable>true</executable>
         <run_address>0x1234</run_address>
         <size>0x44</size>
         <alignment>0x4</alignment>
         <input_file_ref idref="fl-1b"/>
      </object_component>
      <object_component id="oc-105">
         <name>.text.SYSCFG_DL_UART_CV_init</name>
         <load_address>0x1278</load_address>
         <readonly>true</readonly>
         <executable>true</executable>
         <run_address>0x1278</run_address>
         <size>0x40</size>
         <alignment>0x4</alignment>
         <input_file_ref idref="fl-2"/>
      </object_component>
      <object_component id="oc-104">
         <name>.text.SYSCFG_DL_UART_STM_init</name>
         <load_address>0x12b8</load_address>
         <readonly>true</readonly>
         <executable>true</executable>
         <run_address>0x12b8</run_address>
         <size>0x40</size>
         <alignment>0x4</alignment>
         <input_file_ref idref="fl-2"/>
      </object_component>
      <object_component id="oc-15a">
         <name>.text.DL_Timer_setCounterControl</name>
         <load_address>0x12f8</load_address>
         <readonly>true</readonly>
         <executable>true</executable>
         <run_address>0x12f8</run_address>
         <size>0x3c</size>
         <alignment>0x4</alignment>
         <input_file_ref idref="fl-2"/>
      </object_component>
      <object_component id="oc-101">
         <name>.text.SYSCFG_DL_TIMER_LOGIC_init</name>
         <load_address>0x1334</load_address>
         <readonly>true</readonly>
         <executable>true</executable>
         <run_address>0x1334</run_address>
         <size>0x3c</size>
         <alignment>0x4</alignment>
         <input_file_ref idref="fl-2"/>
      </object_component>
      <object_component id="oc-e4">
         <name>.text:__TI_auto_init_nobinit_nopinit</name>
         <load_address>0x1370</load_address>
         <readonly>true</readonly>
         <executable>true</executable>
         <run_address>0x1370</run_address>
         <size>0x3c</size>
         <alignment>0x4</alignment>
         <input_file_ref idref="fl-36"/>
      </object_component>
      <object_component id="oc-143">
         <name>.text.DL_GPIO_initDigitalInputFeatures</name>
         <load_address>0x13ac</load_address>
         <readonly>true</readonly>
         <executable>true</executable>
         <run_address>0x13ac</run_address>
         <size>0x34</size>
         <alignment>0x4</alignment>
         <input_file_ref idref="fl-2"/>
      </object_component>
      <object_component id="oc-102">
         <name>.text.SYSCFG_DL_TIMER_BUTTON_init</name>
         <load_address>0x13e0</load_address>
         <readonly>true</readonly>
         <executable>true</executable>
         <run_address>0x13e0</run_address>
         <size>0x34</size>
         <alignment>0x4</alignment>
         <input_file_ref idref="fl-2"/>
      </object_component>
      <object_component id="oc-c2">
         <name>.text.__NVIC_ClearPendingIRQ</name>
         <load_address>0x1414</load_address>
         <readonly>true</readonly>
         <executable>true</executable>
         <run_address>0x1414</run_address>
         <size>0x2c</size>
         <alignment>0x4</alignment>
         <input_file_ref idref="fl-1"/>
      </object_component>
      <object_component id="oc-c3">
         <name>.text.__NVIC_EnableIRQ</name>
         <load_address>0x1440</load_address>
         <readonly>true</readonly>
         <executable>true</executable>
         <run_address>0x1440</run_address>
         <size>0x2c</size>
         <alignment>0x4</alignment>
         <input_file_ref idref="fl-1"/>
      </object_component>
      <object_component id="oc-190">
         <name>.text.DL_Common_updateReg</name>
         <load_address>0x146c</load_address>
         <readonly>true</readonly>
         <executable>true</executable>
         <run_address>0x146c</run_address>
         <size>0x28</size>
         <alignment>0x2</alignment>
         <input_file_ref idref="fl-2"/>
      </object_component>
      <object_component id="oc-77">
         <name>.text:_c_int00_noargs</name>
         <load_address>0x1494</load_address>
         <readonly>true</readonly>
         <executable>true</executable>
         <run_address>0x1494</run_address>
         <size>0x28</size>
         <alignment>0x4</alignment>
         <input_file_ref idref="fl-34"/>
      </object_component>
      <object_component id="oc-cc">
         <name>.text.set_p_i_d</name>
         <load_address>0x14bc</load_address>
         <readonly>true</readonly>
         <executable>true</executable>
         <run_address>0x14bc</run_address>
         <size>0x22</size>
         <alignment>0x2</alignment>
         <input_file_ref idref="fl-9"/>
      </object_component>
      <object_component id="oc-141">
         <name>.text.DL_GPIO_initPeripheralInputFunction</name>
         <load_address>0x14e0</load_address>
         <readonly>true</readonly>
         <executable>true</executable>
         <run_address>0x14e0</run_address>
         <size>0x20</size>
         <alignment>0x4</alignment>
         <input_file_ref idref="fl-2"/>
      </object_component>
      <object_component id="oc-14a">
         <name>.text.DL_SYSCTL_setFlashWaitState</name>
         <load_address>0x1500</load_address>
         <readonly>true</readonly>
         <executable>true</executable>
         <run_address>0x1500</run_address>
         <size>0x20</size>
         <alignment>0x4</alignment>
         <input_file_ref idref="fl-2"/>
      </object_component>
      <object_component id="oc-54">
         <name>.text.TIMA1_IRQHandler</name>
         <load_address>0x1520</load_address>
         <readonly>true</readonly>
         <executable>true</executable>
         <run_address>0x1520</run_address>
         <size>0x20</size>
         <alignment>0x4</alignment>
         <input_file_ref idref="fl-5"/>
      </object_component>
      <object_component id="oc-16e">
         <name>.text.DL_UART_setOversampling</name>
         <load_address>0x1540</load_address>
         <readonly>true</readonly>
         <executable>true</executable>
         <run_address>0x1540</run_address>
         <size>0x1e</size>
         <alignment>0x2</alignment>
         <input_file_ref idref="fl-2"/>
      </object_component>
      <object_component id="oc-84">
         <name>.text.DL_GPIO_clearInterruptStatus</name>
         <load_address>0x1560</load_address>
         <readonly>true</readonly>
         <executable>true</executable>
         <run_address>0x1560</run_address>
         <size>0x1c</size>
         <alignment>0x4</alignment>
         <input_file_ref idref="fl-6"/>
      </object_component>
      <object_component id="oc-146">
         <name>.text.DL_GPIO_clearInterruptStatus</name>
         <load_address>0x157c</load_address>
         <readonly>true</readonly>
         <executable>true</executable>
         <run_address>0x157c</run_address>
         <size>0x1c</size>
         <alignment>0x4</alignment>
         <input_file_ref idref="fl-2"/>
      </object_component>
      <object_component id="oc-147">
         <name>.text.DL_GPIO_enableInterrupt</name>
         <load_address>0x1598</load_address>
         <readonly>true</readonly>
         <executable>true</executable>
         <run_address>0x1598</run_address>
         <size>0x1c</size>
         <alignment>0x4</alignment>
         <input_file_ref idref="fl-2"/>
      </object_component>
      <object_component id="oc-13f">
         <name>.text.DL_GPIO_initPeripheralOutputFunction</name>
         <load_address>0x15b4</load_address>
         <readonly>true</readonly>
         <executable>true</executable>
         <run_address>0x15b4</run_address>
         <size>0x1c</size>
         <alignment>0x4</alignment>
         <input_file_ref idref="fl-2"/>
      </object_component>
      <object_component id="oc-145">
         <name>.text.DL_GPIO_setLowerPinsPolarity</name>
         <load_address>0x15d0</load_address>
         <readonly>true</readonly>
         <executable>true</executable>
         <run_address>0x15d0</run_address>
         <size>0x1c</size>
         <alignment>0x4</alignment>
         <input_file_ref idref="fl-2"/>
      </object_component>
      <object_component id="oc-14b">
         <name>.text.DL_SYSCTL_setSYSOSCFreq</name>
         <load_address>0x15ec</load_address>
         <readonly>true</readonly>
         <executable>true</executable>
         <run_address>0x15ec</run_address>
         <size>0x1c</size>
         <alignment>0x4</alignment>
         <input_file_ref idref="fl-2"/>
      </object_component>
      <object_component id="oc-154">
         <name>.text.DL_SYSCTL_setULPCLKDivider</name>
         <load_address>0x1608</load_address>
         <readonly>true</readonly>
         <executable>true</executable>
         <run_address>0x1608</run_address>
         <size>0x1c</size>
         <alignment>0x4</alignment>
         <input_file_ref idref="fl-2"/>
      </object_component>
      <object_component id="oc-c4">
         <name>.text.DL_Timer_enableInterrupt</name>
         <load_address>0x1624</load_address>
         <readonly>true</readonly>
         <executable>true</executable>
         <run_address>0x1624</run_address>
         <size>0x1c</size>
         <alignment>0x4</alignment>
         <input_file_ref idref="fl-1"/>
      </object_component>
      <object_component id="oc-162">
         <name>.text.DL_Timer_enableInterrupt</name>
         <load_address>0x1640</load_address>
         <readonly>true</readonly>
         <executable>true</executable>
         <run_address>0x1640</run_address>
         <size>0x1c</size>
         <alignment>0x4</alignment>
         <input_file_ref idref="fl-2"/>
      </object_component>
      <object_component id="oc-15c">
         <name>.text.DL_Timer_setCaptCompUpdateMethod</name>
         <load_address>0x165c</load_address>
         <readonly>true</readonly>
         <executable>true</executable>
         <run_address>0x165c</run_address>
         <size>0x1c</size>
         <alignment>0x4</alignment>
         <input_file_ref idref="fl-19"/>
      </object_component>
      <object_component id="oc-158">
         <name>.text.DL_Timer_setClockConfig</name>
         <load_address>0x1678</load_address>
         <readonly>true</readonly>
         <executable>true</executable>
         <run_address>0x1678</run_address>
         <size>0x1c</size>
         <alignment>0x4</alignment>
         <input_file_ref idref="fl-19"/>
      </object_component>
      <object_component id="oc-170">
         <name>.text.DL_UART_enableInterrupt</name>
         <load_address>0x1694</load_address>
         <readonly>true</readonly>
         <executable>true</executable>
         <run_address>0x1694</run_address>
         <size>0x1c</size>
         <alignment>0x4</alignment>
         <input_file_ref idref="fl-2"/>
      </object_component>
      <object_component id="oc-140">
         <name>.text.DL_GPIO_enableOutput</name>
         <load_address>0x16b0</load_address>
         <readonly>true</readonly>
         <executable>true</executable>
         <run_address>0x16b0</run_address>
         <size>0x18</size>
         <alignment>0x4</alignment>
         <input_file_ref idref="fl-2"/>
      </object_component>
      <object_component id="oc-13c">
         <name>.text.DL_GPIO_enablePower</name>
         <load_address>0x16c8</load_address>
         <readonly>true</readonly>
         <executable>true</executable>
         <run_address>0x16c8</run_address>
         <size>0x18</size>
         <alignment>0x4</alignment>
         <input_file_ref idref="fl-2"/>
      </object_component>
      <object_component id="oc-80">
         <name>.text.DL_GPIO_getEnabledInterruptStatus</name>
         <load_address>0x16e0</load_address>
         <readonly>true</readonly>
         <executable>true</executable>
         <run_address>0x16e0</run_address>
         <size>0x18</size>
         <alignment>0x4</alignment>
         <input_file_ref idref="fl-6"/>
      </object_component>
      <object_component id="oc-142">
         <name>.text.DL_GPIO_initDigitalOutput</name>
         <load_address>0x16f8</load_address>
         <readonly>true</readonly>
         <executable>true</executable>
         <run_address>0x16f8</run_address>
         <size>0x18</size>
         <alignment>0x4</alignment>
         <input_file_ref idref="fl-2"/>
      </object_component>
      <object_component id="oc-139">
         <name>.text.DL_GPIO_reset</name>
         <load_address>0x1710</load_address>
         <readonly>true</readonly>
         <executable>true</executable>
         <run_address>0x1710</run_address>
         <size>0x18</size>
         <alignment>0x4</alignment>
         <input_file_ref idref="fl-2"/>
      </object_component>
      <object_component id="oc-c6">
         <name>.text.DL_GPIO_setPins</name>
         <load_address>0x1728</load_address>
         <readonly>true</readonly>
         <executable>true</executable>
         <run_address>0x1728</run_address>
         <size>0x18</size>
         <alignment>0x4</alignment>
         <input_file_ref idref="fl-1"/>
      </object_component>
      <object_component id="oc-10b">
         <name>.text.DL_GPIO_setPins</name>
         <load_address>0x1740</load_address>
         <readonly>true</readonly>
         <executable>true</executable>
         <run_address>0x1740</run_address>
         <size>0x18</size>
         <alignment>0x4</alignment>
         <input_file_ref idref="fl-8"/>
      </object_component>
      <object_component id="oc-148">
         <name>.text.DL_GPIO_setUpperPinsPolarity</name>
         <load_address>0x1758</load_address>
         <readonly>true</readonly>
         <executable>true</executable>
         <run_address>0x1758</run_address>
         <size>0x18</size>
         <alignment>0x2</alignment>
         <input_file_ref idref="fl-2"/>
      </object_component>
      <object_component id="oc-149">
         <name>.text.DL_SYSCTL_setBORThreshold</name>
         <load_address>0x1770</load_address>
         <readonly>true</readonly>
         <executable>true</executable>
         <run_address>0x1770</run_address>
         <size>0x18</size>
         <alignment>0x4</alignment>
         <input_file_ref idref="fl-2"/>
      </object_component>
      <object_component id="oc-95">
         <name>.text.DL_Timer_clearInterruptStatus</name>
         <load_address>0x1788</load_address>
         <readonly>true</readonly>
         <executable>true</executable>
         <run_address>0x1788</run_address>
         <size>0x18</size>
         <alignment>0x4</alignment>
         <input_file_ref idref="fl-5"/>
      </object_component>
      <object_component id="oc-13d">
         <name>.text.DL_Timer_enablePower</name>
         <load_address>0x17a0</load_address>
         <readonly>true</readonly>
         <executable>true</executable>
         <run_address>0x17a0</run_address>
         <size>0x18</size>
         <alignment>0x4</alignment>
         <input_file_ref idref="fl-2"/>
      </object_component>
      <object_component id="oc-13a">
         <name>.text.DL_Timer_reset</name>
         <load_address>0x17b8</load_address>
         <readonly>true</readonly>
         <executable>true</executable>
         <run_address>0x17b8</run_address>
         <size>0x18</size>
         <alignment>0x4</alignment>
         <input_file_ref idref="fl-2"/>
      </object_component>
      <object_component id="oc-15b">
         <name>.text.DL_Timer_setCaptureCompareOutCtl</name>
         <load_address>0x17d0</load_address>
         <readonly>true</readonly>
         <executable>true</executable>
         <run_address>0x17d0</run_address>
         <size>0x18</size>
         <alignment>0x4</alignment>
         <input_file_ref idref="fl-19"/>
      </object_component>
      <object_component id="oc-82">
         <name>.text.DL_Timer_startCounter</name>
         <load_address>0x17e8</load_address>
         <readonly>true</readonly>
         <executable>true</executable>
         <run_address>0x17e8</run_address>
         <size>0x18</size>
         <alignment>0x4</alignment>
         <input_file_ref idref="fl-6"/>
      </object_component>
      <object_component id="oc-114">
         <name>.text.DL_Timer_startCounter</name>
         <load_address>0x1800</load_address>
         <readonly>true</readonly>
         <executable>true</executable>
         <run_address>0x1800</run_address>
         <size>0x18</size>
         <alignment>0x4</alignment>
         <input_file_ref idref="fl-8"/>
      </object_component>
      <object_component id="oc-96">
         <name>.text.DL_Timer_stopCounter</name>
         <load_address>0x1818</load_address>
         <readonly>true</readonly>
         <executable>true</executable>
         <run_address>0x1818</run_address>
         <size>0x18</size>
         <alignment>0x4</alignment>
         <input_file_ref idref="fl-5"/>
      </object_component>
      <object_component id="oc-83">
         <name>.text.DL_Timer_stopCounter</name>
         <load_address>0x1830</load_address>
         <readonly>true</readonly>
         <executable>true</executable>
         <run_address>0x1830</run_address>
         <size>0x18</size>
         <alignment>0x4</alignment>
         <input_file_ref idref="fl-6"/>
      </object_component>
      <object_component id="oc-10d">
         <name>.text.DL_Timer_stopCounter</name>
         <load_address>0x1848</load_address>
         <readonly>true</readonly>
         <executable>true</executable>
         <run_address>0x1848</run_address>
         <size>0x18</size>
         <alignment>0x4</alignment>
         <input_file_ref idref="fl-8"/>
      </object_component>
      <object_component id="oc-13e">
         <name>.text.DL_UART_enablePower</name>
         <load_address>0x1860</load_address>
         <readonly>true</readonly>
         <executable>true</executable>
         <run_address>0x1860</run_address>
         <size>0x18</size>
         <alignment>0x4</alignment>
         <input_file_ref idref="fl-2"/>
      </object_component>
      <object_component id="oc-13b">
         <name>.text.DL_UART_reset</name>
         <load_address>0x1878</load_address>
         <readonly>true</readonly>
         <executable>true</executable>
         <run_address>0x1878</run_address>
         <size>0x18</size>
         <alignment>0x4</alignment>
         <input_file_ref idref="fl-2"/>
      </object_component>
      <object_component id="oc-81">
         <name>.text.DL_GPIO_readPins</name>
         <load_address>0x1890</load_address>
         <readonly>true</readonly>
         <executable>true</executable>
         <run_address>0x1890</run_address>
         <size>0x16</size>
         <alignment>0x2</alignment>
         <input_file_ref idref="fl-6"/>
      </object_component>
      <object_component id="oc-195">
         <name>.text.DL_GPIO_readPins</name>
         <load_address>0x18a6</load_address>
         <readonly>true</readonly>
         <executable>true</executable>
         <run_address>0x18a6</run_address>
         <size>0x16</size>
         <alignment>0x2</alignment>
         <input_file_ref idref="fl-7"/>
      </object_component>
      <object_component id="oc-171">
         <name>.text.DL_UART_enable</name>
         <load_address>0x18bc</load_address>
         <readonly>true</readonly>
         <executable>true</executable>
         <run_address>0x18bc</run_address>
         <size>0x16</size>
         <alignment>0x2</alignment>
         <input_file_ref idref="fl-2"/>
      </object_component>
      <object_component id="oc-6e">
         <name>.text:decompress:ZI:__TI_zero_init_nomemset</name>
         <load_address>0x18d2</load_address>
         <readonly>true</readonly>
         <executable>true</executable>
         <run_address>0x18d2</run_address>
         <size>0x16</size>
         <alignment>0x2</alignment>
         <input_file_ref idref="fl-39"/>
      </object_component>
      <object_component id="oc-c5">
         <name>.text.DL_GPIO_clearPins</name>
         <load_address>0x18e8</load_address>
         <readonly>true</readonly>
         <executable>true</executable>
         <run_address>0x18e8</run_address>
         <size>0x14</size>
         <alignment>0x2</alignment>
         <input_file_ref idref="fl-1"/>
      </object_component>
      <object_component id="oc-10c">
         <name>.text.DL_GPIO_clearPins</name>
         <load_address>0x18fc</load_address>
         <readonly>true</readonly>
         <executable>true</executable>
         <run_address>0x18fc</run_address>
         <size>0x14</size>
         <alignment>0x2</alignment>
         <input_file_ref idref="fl-8"/>
      </object_component>
      <object_component id="oc-144">
         <name>.text.DL_GPIO_clearPins</name>
         <load_address>0x1910</load_address>
         <readonly>true</readonly>
         <executable>true</executable>
         <run_address>0x1910</run_address>
         <size>0x14</size>
         <alignment>0x2</alignment>
         <input_file_ref idref="fl-2"/>
      </object_component>
      <object_component id="oc-14d">
         <name>.text.DL_SYSCTL_disableSYSPLL</name>
         <load_address>0x1924</load_address>
         <readonly>true</readonly>
         <executable>true</executable>
         <run_address>0x1924</run_address>
         <size>0x14</size>
         <alignment>0x4</alignment>
         <input_file_ref idref="fl-2"/>
      </object_component>
      <object_component id="oc-15d">
         <name>.text.DL_Timer_enableClock</name>
         <load_address>0x1938</load_address>
         <readonly>true</readonly>
         <executable>true</executable>
         <run_address>0x1938</run_address>
         <size>0x14</size>
         <alignment>0x4</alignment>
         <input_file_ref idref="fl-2"/>
      </object_component>
      <object_component id="oc-15e">
         <name>.text.DL_Timer_setCCPDirection</name>
         <load_address>0x194c</load_address>
         <readonly>true</readonly>
         <executable>true</executable>
         <run_address>0x194c</run_address>
         <size>0x14</size>
         <alignment>0x2</alignment>
         <input_file_ref idref="fl-2"/>
      </object_component>
      <object_component id="oc-8f">
         <name>.text.DL_UART_receiveData</name>
         <load_address>0x1960</load_address>
         <readonly>true</readonly>
         <executable>true</executable>
         <run_address>0x1960</run_address>
         <size>0x14</size>
         <alignment>0x4</alignment>
         <input_file_ref idref="fl-a"/>
      </object_component>
      <object_component id="oc-94">
         <name>.text.DL_Timer_getPendingInterrupt</name>
         <load_address>0x1974</load_address>
         <readonly>true</readonly>
         <executable>true</executable>
         <run_address>0x1974</run_address>
         <size>0x12</size>
         <alignment>0x2</alignment>
         <input_file_ref idref="fl-5"/>
      </object_component>
      <object_component id="oc-8e">
         <name>.text.DL_UART_getPendingInterrupt</name>
         <load_address>0x1986</load_address>
         <readonly>true</readonly>
         <executable>true</executable>
         <run_address>0x1986</run_address>
         <size>0x12</size>
         <alignment>0x2</alignment>
         <input_file_ref idref="fl-a"/>
      </object_component>
      <object_component id="oc-167">
         <name>.text.DL_UART_setClockConfig</name>
         <load_address>0x1998</load_address>
         <readonly>true</readonly>
         <executable>true</executable>
         <run_address>0x1998</run_address>
         <size>0x12</size>
         <alignment>0x2</alignment>
         <input_file_ref idref="fl-1a"/>
      </object_component>
      <object_component id="oc-b3">
         <name>.text:TI_memcpy_small</name>
         <load_address>0x19aa</load_address>
         <readonly>true</readonly>
         <executable>true</executable>
         <run_address>0x19aa</run_address>
         <size>0x12</size>
         <alignment>0x1</alignment>
         <input_file_ref idref="fl-e8"/>
      </object_component>
      <object_component id="oc-20">
         <name>.text:decompress:none</name>
         <load_address>0x19bc</load_address>
         <readonly>true</readonly>
         <executable>true</executable>
         <run_address>0x19bc</run_address>
         <size>0x12</size>
         <alignment>0x2</alignment>
         <input_file_ref idref="fl-3a"/>
      </object_component>
      <object_component id="oc-14c">
         <name>.text.DL_SYSCTL_disableHFXT</name>
         <load_address>0x19d0</load_address>
         <readonly>true</readonly>
         <executable>true</executable>
         <run_address>0x19d0</run_address>
         <size>0x10</size>
         <alignment>0x4</alignment>
         <input_file_ref idref="fl-2"/>
      </object_component>
      <object_component id="oc-10e">
         <name>.text.DL_Timer_setCaptureCompareValue</name>
         <load_address>0x19e0</load_address>
         <readonly>true</readonly>
         <executable>true</executable>
         <run_address>0x19e0</run_address>
         <size>0x10</size>
         <alignment>0x4</alignment>
         <input_file_ref idref="fl-19"/>
      </object_component>
      <object_component id="oc-d5">
         <name>.text.DL_Common_delayCycles</name>
         <load_address>0x19f0</load_address>
         <readonly>true</readonly>
         <executable>true</executable>
         <run_address>0x19f0</run_address>
         <size>0xa</size>
         <alignment>0x2</alignment>
         <input_file_ref idref="fl-18"/>
      </object_component>
      <object_component id="oc-67">
         <name>.text.__aeabi_memcpy</name>
         <load_address>0x19fc</load_address>
         <readonly>true</readonly>
         <executable>true</executable>
         <run_address>0x19fc</run_address>
         <size>0x8</size>
         <alignment>0x4</alignment>
         <input_file_ref idref="fl-e2"/>
      </object_component>
      <object_component id="oc-dd">
         <name>.text:abort</name>
         <load_address>0x1a04</load_address>
         <readonly>true</readonly>
         <executable>true</executable>
         <run_address>0x1a04</run_address>
         <size>0x6</size>
         <alignment>0x2</alignment>
         <input_file_ref idref="fl-3c"/>
      </object_component>
      <object_component id="oc-44">
         <name>.text.ADC0_IRQHandler</name>
         <load_address>0x1a0a</load_address>
         <readonly>true</readonly>
         <executable>true</executable>
         <run_address>0x1a0a</run_address>
         <size>0x4</size>
         <alignment>0x2</alignment>
         <input_file_ref idref="fl-5"/>
      </object_component>
      <object_component id="oc-45">
         <name>.text.ADC1_IRQHandler</name>
         <load_address>0x1a0e</load_address>
         <readonly>true</readonly>
         <executable>true</executable>
         <run_address>0x1a0e</run_address>
         <size>0x4</size>
         <alignment>0x2</alignment>
         <input_file_ref idref="fl-5"/>
      </object_component>
      <object_component id="oc-59">
         <name>.text.AES_IRQHandler</name>
         <load_address>0x1a12</load_address>
         <readonly>true</readonly>
         <executable>true</executable>
         <run_address>0x1a12</run_address>
         <size>0x4</size>
         <alignment>0x2</alignment>
         <input_file_ref idref="fl-5"/>
      </object_component>
      <object_component id="oc-46">
         <name>.text.CANFD0_IRQHandler</name>
         <load_address>0x1a16</load_address>
         <readonly>true</readonly>
         <executable>true</executable>
         <run_address>0x1a16</run_address>
         <size>0x4</size>
         <alignment>0x2</alignment>
         <input_file_ref idref="fl-5"/>
      </object_component>
      <object_component id="oc-47">
         <name>.text.DAC0_IRQHandler</name>
         <load_address>0x1a1a</load_address>
         <readonly>true</readonly>
         <executable>true</executable>
         <run_address>0x1a1a</run_address>
         <size>0x4</size>
         <alignment>0x2</alignment>
         <input_file_ref idref="fl-5"/>
      </object_component>
      <object_component id="oc-5b">
         <name>.text.DMA_IRQHandler</name>
         <load_address>0x1a1e</load_address>
         <readonly>true</readonly>
         <executable>true</executable>
         <run_address>0x1a1e</run_address>
         <size>0x4</size>
         <alignment>0x2</alignment>
         <input_file_ref idref="fl-5"/>
      </object_component>
      <object_component id="oc-53">
         <name>.text.Default_Handler</name>
         <load_address>0x1a22</load_address>
         <readonly>true</readonly>
         <executable>true</executable>
         <run_address>0x1a22</run_address>
         <size>0x4</size>
         <alignment>0x2</alignment>
         <input_file_ref idref="fl-3"/>
      </object_component>
      <object_component id="oc-3c">
         <name>.text.GROUP0_IRQHandler</name>
         <load_address>0x1a26</load_address>
         <readonly>true</readonly>
         <executable>true</executable>
         <run_address>0x1a26</run_address>
         <size>0x4</size>
         <alignment>0x2</alignment>
         <input_file_ref idref="fl-5"/>
      </object_component>
      <object_component id="oc-128">
         <name>.text.HOSTexit</name>
         <load_address>0x1a2a</load_address>
         <readonly>true</readonly>
         <executable>true</executable>
         <run_address>0x1a2a</run_address>
         <size>0x4</size>
         <alignment>0x2</alignment>
         <input_file_ref idref="fl-de"/>
      </object_component>
      <object_component id="oc-38">
         <name>.text.HardFault_Handler</name>
         <load_address>0x1a2e</load_address>
         <readonly>true</readonly>
         <executable>true</executable>
         <run_address>0x1a2e</run_address>
         <size>0x4</size>
         <alignment>0x2</alignment>
         <input_file_ref idref="fl-5"/>
      </object_component>
      <object_component id="oc-57">
         <name>.text.I2C0_IRQHandler</name>
         <load_address>0x1a32</load_address>
         <readonly>true</readonly>
         <executable>true</executable>
         <run_address>0x1a32</run_address>
         <size>0x4</size>
         <alignment>0x2</alignment>
         <input_file_ref idref="fl-5"/>
      </object_component>
      <object_component id="oc-58">
         <name>.text.I2C1_IRQHandler</name>
         <load_address>0x1a36</load_address>
         <readonly>true</readonly>
         <executable>true</executable>
         <run_address>0x1a36</run_address>
         <size>0x4</size>
         <alignment>0x2</alignment>
         <input_file_ref idref="fl-5"/>
      </object_component>
      <object_component id="oc-33">
         <name>.text.NMI_Handler</name>
         <load_address>0x1a3a</load_address>
         <readonly>true</readonly>
         <executable>true</executable>
         <run_address>0x1a3a</run_address>
         <size>0x4</size>
         <alignment>0x2</alignment>
         <input_file_ref idref="fl-5"/>
      </object_component>
      <object_component id="oc-3a">
         <name>.text.PendSV_Handler</name>
         <load_address>0x1a3e</load_address>
         <readonly>true</readonly>
         <executable>true</executable>
         <run_address>0x1a3e</run_address>
         <size>0x4</size>
         <alignment>0x2</alignment>
         <input_file_ref idref="fl-5"/>
      </object_component>
      <object_component id="oc-5a">
         <name>.text.RTC_IRQHandler</name>
         <load_address>0x1a42</load_address>
         <readonly>true</readonly>
         <executable>true</executable>
         <run_address>0x1a42</run_address>
         <size>0x4</size>
         <alignment>0x2</alignment>
         <input_file_ref idref="fl-5"/>
      </object_component>
      <object_component id="oc-2f">
         <name>.text.Reset_Handler</name>
         <load_address>0x1a46</load_address>
         <readonly>true</readonly>
         <executable>true</executable>
         <run_address>0x1a46</run_address>
         <size>0x4</size>
         <alignment>0x2</alignment>
         <input_file_ref idref="fl-3"/>
      </object_component>
      <object_component id="oc-48">
         <name>.text.SPI0_IRQHandler</name>
         <load_address>0x1a4a</load_address>
         <readonly>true</readonly>
         <executable>true</executable>
         <run_address>0x1a4a</run_address>
         <size>0x4</size>
         <alignment>0x2</alignment>
         <input_file_ref idref="fl-5"/>
      </object_component>
      <object_component id="oc-49">
         <name>.text.SPI1_IRQHandler</name>
         <load_address>0x1a4e</load_address>
         <readonly>true</readonly>
         <executable>true</executable>
         <run_address>0x1a4e</run_address>
         <size>0x4</size>
         <alignment>0x2</alignment>
         <input_file_ref idref="fl-5"/>
      </object_component>
      <object_component id="oc-39">
         <name>.text.SVC_Handler</name>
         <load_address>0x1a52</load_address>
         <readonly>true</readonly>
         <executable>true</executable>
         <run_address>0x1a52</run_address>
         <size>0x4</size>
         <alignment>0x2</alignment>
         <input_file_ref idref="fl-5"/>
      </object_component>
      <object_component id="oc-3b">
         <name>.text.SysTick_Handler</name>
         <load_address>0x1a56</load_address>
         <readonly>true</readonly>
         <executable>true</executable>
         <run_address>0x1a56</run_address>
         <size>0x4</size>
         <alignment>0x2</alignment>
         <input_file_ref idref="fl-5"/>
      </object_component>
      <object_component id="oc-56">
         <name>.text.TIMG12_IRQHandler</name>
         <load_address>0x1a5a</load_address>
         <readonly>true</readonly>
         <executable>true</executable>
         <run_address>0x1a5a</run_address>
         <size>0x4</size>
         <alignment>0x2</alignment>
         <input_file_ref idref="fl-5"/>
      </object_component>
      <object_component id="oc-52">
         <name>.text.TIMG6_IRQHandler</name>
         <load_address>0x1a5e</load_address>
         <readonly>true</readonly>
         <executable>true</executable>
         <run_address>0x1a5e</run_address>
         <size>0x4</size>
         <alignment>0x2</alignment>
         <input_file_ref idref="fl-5"/>
      </object_component>
      <object_component id="oc-55">
         <name>.text.TIMG7_IRQHandler</name>
         <load_address>0x1a62</load_address>
         <readonly>true</readonly>
         <executable>true</executable>
         <run_address>0x1a62</run_address>
         <size>0x4</size>
         <alignment>0x2</alignment>
         <input_file_ref idref="fl-5"/>
      </object_component>
      <object_component id="oc-42">
         <name>.text.TIMG8_IRQHandler</name>
         <load_address>0x1a66</load_address>
         <readonly>true</readonly>
         <executable>true</executable>
         <run_address>0x1a66</run_address>
         <size>0x4</size>
         <alignment>0x2</alignment>
         <input_file_ref idref="fl-5"/>
      </object_component>
      <object_component id="oc-50">
         <name>.text.UART0_IRQHandler</name>
         <load_address>0x1a6a</load_address>
         <readonly>true</readonly>
         <executable>true</executable>
         <run_address>0x1a6a</run_address>
         <size>0x4</size>
         <alignment>0x2</alignment>
         <input_file_ref idref="fl-5"/>
      </object_component>
      <object_component id="oc-4f">
         <name>.text.UART2_IRQHandler</name>
         <load_address>0x1a6e</load_address>
         <readonly>true</readonly>
         <executable>true</executable>
         <run_address>0x1a6e</run_address>
         <size>0x4</size>
         <alignment>0x2</alignment>
         <input_file_ref idref="fl-5"/>
      </object_component>
      <object_component id="oc-43">
         <name>.text.UART3_IRQHandler</name>
         <load_address>0x1a72</load_address>
         <readonly>true</readonly>
         <executable>true</executable>
         <run_address>0x1a72</run_address>
         <size>0x4</size>
         <alignment>0x2</alignment>
         <input_file_ref idref="fl-5"/>
      </object_component>
      <object_component id="oc-a0">
         <name>.text._system_pre_init</name>
         <load_address>0x1a76</load_address>
         <readonly>true</readonly>
         <executable>true</executable>
         <run_address>0x1a76</run_address>
         <size>0x4</size>
         <alignment>0x2</alignment>
         <input_file_ref idref="fl-37"/>
      </object_component>
      <object_component id="oc-1d5">
         <name>__TI_handler_table</name>
         <load_address>0x1b08</load_address>
         <readonly>true</readonly>
         <run_address>0x1b08</run_address>
         <size>0xc</size>
         <alignment>0x4</alignment>
      </object_component>
      <object_component id="oc-1d8">
         <name>.cinit..bss.load</name>
         <load_address>0x1b14</load_address>
         <readonly>true</readonly>
         <run_address>0x1b14</run_address>
         <size>0x8</size>
         <alignment>0x4</alignment>
      </object_component>
      <object_component id="oc-1d7">
         <name>.cinit..data.load</name>
         <load_address>0x1b1c</load_address>
         <readonly>true</readonly>
         <run_address>0x1b1c</run_address>
         <size>0x7</size>
         <alignment>0x1</alignment>
      </object_component>
      <object_component id="oc-1d6">
         <name>__TI_cinit_table</name>
         <load_address>0x1b24</load_address>
         <readonly>true</readonly>
         <run_address>0x1b24</run_address>
         <size>0x10</size>
         <alignment>0x4</alignment>
      </object_component>
      <object_component id="oc-157">
         <name>.rodata.gSYSPLLConfig</name>
         <load_address>0x1a80</load_address>
         <readonly>true</readonly>
         <run_address>0x1a80</run_address>
         <size>0x28</size>
         <alignment>0x4</alignment>
         <input_file_ref idref="fl-2"/>
      </object_component>
      <object_component id="oc-166">
         <name>.rodata.gTIMER_BUTTONTimerConfig</name>
         <load_address>0x1aa8</load_address>
         <readonly>true</readonly>
         <run_address>0x1aa8</run_address>
         <size>0x14</size>
         <alignment>0x4</alignment>
         <input_file_ref idref="fl-2"/>
      </object_component>
      <object_component id="oc-164">
         <name>.rodata.gTIMER_LOGICTimerConfig</name>
         <load_address>0x1abc</load_address>
         <readonly>true</readonly>
         <run_address>0x1abc</run_address>
         <size>0x14</size>
         <alignment>0x4</alignment>
         <input_file_ref idref="fl-2"/>
      </object_component>
      <object_component id="oc-177">
         <name>.rodata.gUART_CVConfig</name>
         <load_address>0x1ad0</load_address>
         <readonly>true</readonly>
         <run_address>0x1ad0</run_address>
         <size>0xa</size>
         <alignment>0x2</alignment>
         <input_file_ref idref="fl-2"/>
      </object_component>
      <object_component id="oc-175">
         <name>.rodata.gUART_STMConfig</name>
         <load_address>0x1ada</load_address>
         <readonly>true</readonly>
         <run_address>0x1ada</run_address>
         <size>0xa</size>
         <alignment>0x2</alignment>
         <input_file_ref idref="fl-2"/>
      </object_component>
      <object_component id="oc-173">
         <name>.rodata.gUART_TJCConfig</name>
         <load_address>0x1ae4</load_address>
         <readonly>true</readonly>
         <run_address>0x1ae4</run_address>
         <size>0xa</size>
         <alignment>0x2</alignment>
         <input_file_ref idref="fl-2"/>
      </object_component>
      <object_component id="oc-176">
         <name>.rodata.gUART_CVClockConfig</name>
         <load_address>0x1aee</load_address>
         <readonly>true</readonly>
         <run_address>0x1aee</run_address>
         <size>0x2</size>
         <alignment>0x1</alignment>
         <input_file_ref idref="fl-2"/>
      </object_component>
      <object_component id="oc-160">
         <name>.rodata.gPWM_ENCODERConfig</name>
         <load_address>0x1af0</load_address>
         <readonly>true</readonly>
         <run_address>0x1af0</run_address>
         <size>0x8</size>
         <alignment>0x4</alignment>
         <input_file_ref idref="fl-2"/>
      </object_component>
      <object_component id="oc-15f">
         <name>.rodata.gPWM_ENCODERClockConfig</name>
         <load_address>0x1af8</load_address>
         <readonly>true</readonly>
         <run_address>0x1af8</run_address>
         <size>0x3</size>
         <alignment>0x1</alignment>
         <input_file_ref idref="fl-2"/>
      </object_component>
      <object_component id="oc-165">
         <name>.rodata.gTIMER_BUTTONClockConfig</name>
         <load_address>0x1afb</load_address>
         <readonly>true</readonly>
         <run_address>0x1afb</run_address>
         <size>0x3</size>
         <alignment>0x1</alignment>
         <input_file_ref idref="fl-2"/>
      </object_component>
      <object_component id="oc-163">
         <name>.rodata.gTIMER_LOGICClockConfig</name>
         <load_address>0x1afe</load_address>
         <readonly>true</readonly>
         <run_address>0x1afe</run_address>
         <size>0x3</size>
         <alignment>0x1</alignment>
         <input_file_ref idref="fl-2"/>
      </object_component>
      <object_component id="oc-174">
         <name>.rodata.gUART_STMClockConfig</name>
         <load_address>0x1b01</load_address>
         <readonly>true</readonly>
         <run_address>0x1b01</run_address>
         <size>0x2</size>
         <alignment>0x1</alignment>
         <input_file_ref idref="fl-2"/>
      </object_component>
      <object_component id="oc-172">
         <name>.rodata.gUART_TJCClockConfig</name>
         <load_address>0x1b03</load_address>
         <readonly>true</readonly>
         <run_address>0x1b03</run_address>
         <size>0x2</size>
         <alignment>0x1</alignment>
         <input_file_ref idref="fl-2"/>
      </object_component>
      <object_component id="oc-19f">
         <name>.binit</name>
         <load_address>0x0</load_address>
         <readonly>true</readonly>
         <run_address>0x0</run_address>
         <size>0x0</size>
         <alignment>0x4</alignment>
      </object_component>
      <object_component id="oc-121">
         <name>.data.corner_count</name>
         <load_address>0x20200219</load_address>
         <readwrite>true</readwrite>
         <run_address>0x20200219</run_address>
         <size>0x1</size>
         <alignment>0x1</alignment>
         <input_file_ref idref="fl-4"/>
      </object_component>
      <object_component id="oc-120">
         <name>.data.current_state</name>
         <load_address>0x2020021a</load_address>
         <readwrite>true</readwrite>
         <run_address>0x2020021a</run_address>
         <size>0x1</size>
         <alignment>0x1</alignment>
         <input_file_ref idref="fl-4"/>
      </object_component>
      <object_component id="oc-8a">
         <name>.data.buttonState</name>
         <load_address>0x20200218</load_address>
         <readwrite>true</readwrite>
         <run_address>0x20200218</run_address>
         <size>0x1</size>
         <alignment>0x1</alignment>
         <input_file_ref idref="fl-6"/>
      </object_component>
      <object_component id="oc-8b">
         <name>.data.pressDurationMs</name>
         <load_address>0x20200214</load_address>
         <readwrite>true</readwrite>
         <run_address>0x20200214</run_address>
         <size>0x4</size>
         <alignment>0x4</alignment>
         <input_file_ref idref="fl-6"/>
      </object_component>
      <object_component id="oc-122">
         <name>.data.Line_Num</name>
         <load_address>0x20200210</load_address>
         <readwrite>true</readwrite>
         <run_address>0x20200210</run_address>
         <size>0x4</size>
         <alignment>0x4</alignment>
         <input_file_ref idref="fl-7"/>
      </object_component>
      <object_component id="oc-90">
         <name>.data.receive_state</name>
         <load_address>0x2020021b</load_address>
         <readwrite>true</readwrite>
         <run_address>0x2020021b</run_address>
         <size>0x1</size>
         <alignment>0x1</alignment>
         <input_file_ref idref="fl-a"/>
      </object_component>
      <object_component id="oc-91">
         <name>.data.received_number</name>
         <load_address>0x2020021c</load_address>
         <readwrite>true</readwrite>
         <run_address>0x2020021c</run_address>
         <size>0x1</size>
         <alignment>0x1</alignment>
         <input_file_ref idref="fl-a"/>
      </object_component>
      <object_component id="oc-115">
         <name>.bss.Motor_SetSpeed.speed1_out</name>
         <uninitialized>true</uninitialized>
         <readwrite>true</readwrite>
         <run_address>0x20200204</run_address>
         <size>0x2</size>
         <alignment>0x2</alignment>
         <input_file_ref idref="fl-8"/>
      </object_component>
      <object_component id="oc-116">
         <name>.bss.Motor_SetSpeed.speed2_out</name>
         <uninitialized>true</uninitialized>
         <readwrite>true</readwrite>
         <run_address>0x20200206</run_address>
         <size>0x2</size>
         <alignment>0x2</alignment>
         <input_file_ref idref="fl-8"/>
      </object_component>
      <object_component id="oc-106">
         <name>.common:gPWM_ENCODERBackup</name>
         <uninitialized>true</uninitialized>
         <readwrite>true</readwrite>
         <run_address>0x20200000</run_address>
         <size>0xbc</size>
         <alignment>0x4</alignment>
      </object_component>
      <object_component id="oc-107">
         <name>.common:gTIMER_LOGICBackup</name>
         <uninitialized>true</uninitialized>
         <readwrite>true</readwrite>
         <run_address>0x202000bc</run_address>
         <size>0xbc</size>
         <alignment>0x4</alignment>
      </object_component>
      <object_component id="oc-108">
         <name>.common:gUART_STMBackup</name>
         <uninitialized>true</uninitialized>
         <readwrite>true</readwrite>
         <run_address>0x20200178</run_address>
         <size>0x30</size>
         <alignment>0x4</alignment>
      </object_component>
      <object_component id="oc-85">
         <name>.common:gpio_interrup1</name>
         <uninitialized>true</uninitialized>
         <readwrite>true</readwrite>
         <run_address>0x202001f8</run_address>
         <size>0x4</size>
         <alignment>0x4</alignment>
      </object_component>
      <object_component id="oc-86">
         <name>.common:gpio_interrup2</name>
         <uninitialized>true</uninitialized>
         <readwrite>true</readwrite>
         <run_address>0x202001fc</run_address>
         <size>0x4</size>
         <alignment>0x4</alignment>
      </object_component>
      <object_component id="oc-87">
         <name>.common:gpio_interrupt_key</name>
         <uninitialized>true</uninitialized>
         <readwrite>true</readwrite>
         <run_address>0x20200200</run_address>
         <size>0x4</size>
         <alignment>0x4</alignment>
      </object_component>
      <object_component id="oc-88">
         <name>.common:Get_Encoder_countA</name>
         <uninitialized>true</uninitialized>
         <readwrite>true</readwrite>
         <run_address>0x202001f0</run_address>
         <size>0x4</size>
         <alignment>0x4</alignment>
      </object_component>
      <object_component id="oc-89">
         <name>.common:Get_Encoder_countB</name>
         <uninitialized>true</uninitialized>
         <readwrite>true</readwrite>
         <run_address>0x202001f4</run_address>
         <size>0x4</size>
         <alignment>0x4</alignment>
      </object_component>
      <object_component id="oc-17b">
         <name>.common:L3_Val</name>
         <uninitialized>true</uninitialized>
         <readwrite>true</readwrite>
         <run_address>0x2020020a</run_address>
         <size>0x1</size>
         <alignment>0x1</alignment>
      </object_component>
      <object_component id="oc-17c">
         <name>.common:L2_Val</name>
         <uninitialized>true</uninitialized>
         <readwrite>true</readwrite>
         <run_address>0x20200209</run_address>
         <size>0x1</size>
         <alignment>0x1</alignment>
      </object_component>
      <object_component id="oc-17d">
         <name>.common:L1_Val</name>
         <uninitialized>true</uninitialized>
         <readwrite>true</readwrite>
         <run_address>0x20200208</run_address>
         <size>0x1</size>
         <alignment>0x1</alignment>
      </object_component>
      <object_component id="oc-17e">
         <name>.common:M_Val</name>
         <uninitialized>true</uninitialized>
         <readwrite>true</readwrite>
         <run_address>0x2020020b</run_address>
         <size>0x1</size>
         <alignment>0x1</alignment>
      </object_component>
      <object_component id="oc-17f">
         <name>.common:R1_Val</name>
         <uninitialized>true</uninitialized>
         <readwrite>true</readwrite>
         <run_address>0x2020020c</run_address>
         <size>0x1</size>
         <alignment>0x1</alignment>
      </object_component>
      <object_component id="oc-180">
         <name>.common:R2_Val</name>
         <uninitialized>true</uninitialized>
         <readwrite>true</readwrite>
         <run_address>0x2020020d</run_address>
         <size>0x1</size>
         <alignment>0x1</alignment>
      </object_component>
      <object_component id="oc-181">
         <name>.common:R3_Val</name>
         <uninitialized>true</uninitialized>
         <readwrite>true</readwrite>
         <run_address>0x2020020e</run_address>
         <size>0x1</size>
         <alignment>0x1</alignment>
      </object_component>
      <object_component id="oc-182">
         <name>.common:sensor_state</name>
         <uninitialized>true</uninitialized>
         <readwrite>true</readwrite>
         <run_address>0x2020020f</run_address>
         <size>0x1</size>
         <alignment>0x1</alignment>
      </object_component>
      <object_component id="oc-d9">
         <name>.common:pid_speedX</name>
         <uninitialized>true</uninitialized>
         <readwrite>true</readwrite>
         <run_address>0x202001a8</run_address>
         <size>0x24</size>
         <alignment>0x4</alignment>
      </object_component>
      <object_component id="oc-da">
         <name>.common:pid_speedY</name>
         <uninitialized>true</uninitialized>
         <readwrite>true</readwrite>
         <run_address>0x202001cc</run_address>
         <size>0x24</size>
         <alignment>0x4</alignment>
      </object_component>
      <object_component id="oc-1a">
         <name>.stack</name>
         <uninitialized>true</uninitialized>
         <readwrite>true</readwrite>
         <run_address>0x20207e00</run_address>
         <size>0x4</size>
         <alignment>0x4</alignment>
         <input_file_ref idref="fl-34"/>
      </object_component>
      <object_component id="oc-1da">
         <name>.stack</name>
         <uninitialized>true</uninitialized>
         <readwrite>true</readwrite>
         <run_address>0x20207e00</run_address>
         <size>0x0</size>
         <alignment>0x8</alignment>
      </object_component>
      <object_component id="oc-db">
         <name>.debug_abbrev</name>
         <load_address>0x0</load_address>
         <run_address>0x0</run_address>
         <size>0x123</size>
         <alignment>0x1</alignment>
         <input_file_ref idref="fl-1"/>
      </object_component>
      <object_component id="oc-109">
         <name>.debug_abbrev</name>
         <load_address>0x123</load_address>
         <run_address>0x123</run_address>
         <size>0x1fc</size>
         <alignment>0x1</alignment>
         <input_file_ref idref="fl-2"/>
      </object_component>
      <object_component id="oc-5c">
         <name>.debug_abbrev</name>
         <load_address>0x31f</load_address>
         <run_address>0x31f</run_address>
         <size>0x6d</size>
         <alignment>0x1</alignment>
         <input_file_ref idref="fl-3"/>
      </object_component>
      <object_component id="oc-123">
         <name>.debug_abbrev</name>
         <load_address>0x38c</load_address>
         <run_address>0x38c</run_address>
         <size>0x8f</size>
         <alignment>0x1</alignment>
         <input_file_ref idref="fl-4"/>
      </object_component>
      <object_component id="oc-7e">
         <name>.debug_abbrev</name>
         <load_address>0x41b</load_address>
         <run_address>0x41b</run_address>
         <size>0x142</size>
         <alignment>0x1</alignment>
         <input_file_ref idref="fl-5"/>
      </object_component>
      <object_component id="oc-8c">
         <name>.debug_abbrev</name>
         <load_address>0x55d</load_address>
         <run_address>0x55d</run_address>
         <size>0x139</size>
         <alignment>0x1</alignment>
         <input_file_ref idref="fl-6"/>
      </object_component>
      <object_component id="oc-183">
         <name>.debug_abbrev</name>
         <load_address>0x696</load_address>
         <run_address>0x696</run_address>
         <size>0x10b</size>
         <alignment>0x1</alignment>
         <input_file_ref idref="fl-7"/>
      </object_component>
      <object_component id="oc-117">
         <name>.debug_abbrev</name>
         <load_address>0x7a1</load_address>
         <run_address>0x7a1</run_address>
         <size>0x13f</size>
         <alignment>0x1</alignment>
         <input_file_ref idref="fl-8"/>
      </object_component>
      <object_component id="oc-119">
         <name>.debug_abbrev</name>
         <load_address>0x8e0</load_address>
         <run_address>0x8e0</run_address>
         <size>0xcb</size>
         <alignment>0x1</alignment>
         <input_file_ref idref="fl-9"/>
      </object_component>
      <object_component id="oc-92">
         <name>.debug_abbrev</name>
         <load_address>0x9ab</load_address>
         <run_address>0x9ab</run_address>
         <size>0x162</size>
         <alignment>0x1</alignment>
         <input_file_ref idref="fl-a"/>
      </object_component>
      <object_component id="oc-125">
         <name>.debug_abbrev</name>
         <load_address>0xb0d</load_address>
         <run_address>0xb0d</run_address>
         <size>0x62</size>
         <alignment>0x1</alignment>
         <input_file_ref idref="fl-18"/>
      </object_component>
      <object_component id="oc-178">
         <name>.debug_abbrev</name>
         <load_address>0xb6f</load_address>
         <run_address>0xb6f</run_address>
         <size>0x286</size>
         <alignment>0x1</alignment>
         <input_file_ref idref="fl-19"/>
      </object_component>
      <object_component id="oc-193">
         <name>.debug_abbrev</name>
         <load_address>0xdf5</load_address>
         <run_address>0xdf5</run_address>
         <size>0x29b</size>
         <alignment>0x1</alignment>
         <input_file_ref idref="fl-1a"/>
      </object_component>
      <object_component id="oc-191">
         <name>.debug_abbrev</name>
         <load_address>0x1090</load_address>
         <run_address>0x1090</run_address>
         <size>0x218</size>
         <alignment>0x1</alignment>
         <input_file_ref idref="fl-1b"/>
      </object_component>
      <object_component id="oc-5e">
         <name>.debug_abbrev</name>
         <load_address>0x12a8</load_address>
         <run_address>0x12a8</run_address>
         <size>0xaf</size>
         <alignment>0x1</alignment>
         <input_file_ref idref="fl-34"/>
      </object_component>
      <object_component id="oc-132">
         <name>.debug_abbrev</name>
         <load_address>0x1357</load_address>
         <run_address>0x1357</run_address>
         <size>0x170</size>
         <alignment>0x1</alignment>
         <input_file_ref idref="fl-36"/>
      </object_component>
      <object_component id="oc-bb">
         <name>.debug_abbrev</name>
         <load_address>0x14c7</load_address>
         <run_address>0x14c7</run_address>
         <size>0x39</size>
         <alignment>0x1</alignment>
         <input_file_ref idref="fl-37"/>
      </object_component>
      <object_component id="oc-99">
         <name>.debug_abbrev</name>
         <load_address>0x1500</load_address>
         <run_address>0x1500</run_address>
         <size>0xc2</size>
         <alignment>0x1</alignment>
         <input_file_ref idref="fl-39"/>
      </object_component>
      <object_component id="oc-6b">
         <name>.debug_abbrev</name>
         <load_address>0x15c2</load_address>
         <run_address>0x15c2</run_address>
         <size>0x70</size>
         <alignment>0x1</alignment>
         <input_file_ref idref="fl-3a"/>
      </object_component>
      <object_component id="oc-63">
         <name>.debug_abbrev</name>
         <load_address>0x1632</load_address>
         <run_address>0x1632</run_address>
         <size>0x8d</size>
         <alignment>0x1</alignment>
         <input_file_ref idref="fl-3b"/>
      </object_component>
      <object_component id="oc-12c">
         <name>.debug_abbrev</name>
         <load_address>0x16bf</load_address>
         <run_address>0x16bf</run_address>
         <size>0x98</size>
         <alignment>0x1</alignment>
         <input_file_ref idref="fl-3c"/>
      </object_component>
      <object_component id="oc-185">
         <name>.debug_abbrev</name>
         <load_address>0x1757</load_address>
         <run_address>0x1757</run_address>
         <size>0x2c</size>
         <alignment>0x1</alignment>
         <input_file_ref idref="fl-de"/>
      </object_component>
      <object_component id="oc-98">
         <name>.debug_abbrev</name>
         <load_address>0x1783</load_address>
         <run_address>0x1783</run_address>
         <size>0x27</size>
         <alignment>0x1</alignment>
         <input_file_ref idref="fl-e2"/>
      </object_component>
      <object_component id="oc-f6">
         <name>.debug_abbrev</name>
         <load_address>0x17aa</load_address>
         <run_address>0x17aa</run_address>
         <size>0x25</size>
         <alignment>0x1</alignment>
         <input_file_ref idref="fl-e8"/>
      </object_component>
      <object_component id="oc-1dc">
         <name>.debug_abbrev</name>
         <load_address>0x17cf</load_address>
         <run_address>0x17cf</run_address>
         <size>0xf</size>
         <alignment>0x0</alignment>
      </object_component>
      <object_component id="oc-a5">
         <name>.debug_info</name>
         <load_address>0x0</load_address>
         <run_address>0x0</run_address>
         <size>0x1030</size>
         <alignment>0x1</alignment>
         <input_file_ref idref="fl-1"/>
      </object_component>
      <object_component id="oc-be">
         <name>.debug_info</name>
         <load_address>0x1030</load_address>
         <run_address>0x1030</run_address>
         <size>0x3244</size>
         <alignment>0x1</alignment>
         <input_file_ref idref="fl-2"/>
      </object_component>
      <object_component id="oc-19">
         <name>.debug_info</name>
         <load_address>0x4274</load_address>
         <run_address>0x4274</run_address>
         <size>0x80</size>
         <alignment>0x1</alignment>
         <input_file_ref idref="fl-3"/>
      </object_component>
      <object_component id="oc-d4">
         <name>.debug_info</name>
         <load_address>0x42f4</load_address>
         <run_address>0x42f4</run_address>
         <size>0x1d1</size>
[...]
               <start_address>0x20207e00</start_address>
               <size>0x200</size>
               <logical_group_ref idref="lg-11"/>
            </allocated_space>
         </usage_details>
      </memory_area>
      <memory_area display="yes" color="green">
         <name>BCR_CONFIG</name>
         <page_id>0x0</page_id>
         <origin>0x41c00000</origin>
         <length>0xff</length>
         <used_space>0x0</used_space>
         <unused_space>0xff</unused_space>
         <attributes>R</attributes>
         <usage_details>
         </usage_details>
      </memory_area>
      <memory_area display="yes" color="green">
         <name>BSL_CONFIG</name>
         <page_id>0x0</page_id>
         <origin>0x41c00100</origin>
         <length>0x80</length>
         <used_space>0x0</used_space>
         <unused_space>0x80</unused_space>
         <attributes>R</attributes>
         <usage_details>
         </usage_details>
      </memory_area>
   </placement_map>
   <cptbl_list>
      <cptbl>
         <name>__TI_cinit_table</name>
         <cprec>
            <name>.bss</name>
            <load_address>0x1b14</load_address>
            <load_size>0x8</load_size>
            <run_address>0x20200000</run_address>
            <run_size>0x210</run_size>
            <compression>zero_init</compression>
         </cprec>
         <cprec>
            <name>.data</name>
            <load_address>0x1b1c</load_address>
            <load_size>0x7</load_size>
            <run_address>0x20200210</run_address>
            <run_size>0xd</run_size>
            <compression>lzss</compression>
         </cprec>
      </cptbl>
   </cptbl_list>
   <handler_table>
      <handler_table_name>__TI_handler_table</handler_table_name>
      <handler>
         <index>0x0</index>
         <name>__TI_decompress_lzss</name>
      </handler>
      <handler>
         <index>0x1</index>
         <name>__TI_decompress_none</name>
      </handler>
      <handler>
         <index>0x2</index>
         <name>__TI_zero_init</name>
      </handler>
   </handler_table>
   <symbol_table>
      <symbol id="sm-1">
         <name>__start___llvm_prf_cnts</name>
         <value>0x20200000</value>
      </symbol>
      <symbol id="sm-2">
         <name>__stop___llvm_prf_cnts</name>
         <value>0x20200000</value>
      </symbol>
      <symbol id="sm-3">
         <name>__start___llvm_prf_bits</name>
         <value>0x20200000</value>
      </symbol>
      <symbol id="sm-4">
         <name>__stop___llvm_prf_bits</name>
         <value>0x20200000</value>
      </symbol>
      <symbol id="sm-5">
         <name>__TI_CINIT_Base</name>
         <value>0x1b24</value>
      </symbol>
      <symbol id="sm-6">
         <name>__TI_CINIT_Limit</name>
         <value>0x1b34</value>
      </symbol>
      <symbol id="sm-7">
         <name>__TI_CINIT_Warm</name>
         <value>0x1b34</value>
      </symbol>
      <symbol id="sm-8">
         <name>__TI_Handler_Table_Base</name>
         <value>0x1b08</value>
      </symbol>
      <symbol id="sm-9">
         <name>__TI_Handler_Table_Limit</name>
         <value>0x1b14</value>
      </symbol>
      <symbol id="sm-a">
         <name>binit</name>
         <value>0xffffffff</value>
      </symbol>
      <symbol id="sm-b">
         <name>__binit__</name>
         <value>0xffffffff</value>
      </symbol>
      <symbol id="sm-c">
         <name>__STACK_SIZE</name>
         <value>0x200</value>
      </symbol>
      <symbol id="sm-d">
         <name>__STACK_END</name>
         <value>0x20208000</value>
      </symbol>
      <symbol id="sm-e">
         <name>__TI_pprof_out_hndl</name>
         <value>0xffffffff</value>
      </symbol>
      <symbol id="sm-f">
         <name>__TI_prof_data_start</name>
         <value>0xffffffff</value>
      </symbol>
      <symbol id="sm-10">
         <name>__TI_prof_data_size</name>
         <value>0xffffffff</value>
      </symbol>
      <symbol id="sm-4f">
         <name>main</name>
         <value>0xcd9</value>
         <object_component_ref idref="oc-a4"/>
      </symbol>
      <symbol id="sm-108">
         <name>SYSCFG_DL_init</name>
         <value>0x11ed</value>
         <object_component_ref idref="oc-bd"/>
      </symbol>
      <symbol id="sm-109">
         <name>SYSCFG_DL_initPower</name>
         <value>0xdb1</value>
         <object_component_ref idref="oc-fd"/>
      </symbol>
      <symbol id="sm-10a">
         <name>SYSCFG_DL_GPIO_init</name>
         <value>0x371</value>
         <object_component_ref idref="oc-fe"/>
      </symbol>
      <symbol id="sm-10b">
         <name>SYSCFG_DL_SYSCTL_init</name>
         <value>0x115d</value>
         <object_component_ref idref="oc-ff"/>
      </symbol>
      <symbol id="sm-10c">
         <name>SYSCFG_DL_PWM_ENCODER_init</name>
         <value>0xe51</value>
         <object_component_ref idref="oc-100"/>
      </symbol>
      <symbol id="sm-10d">
         <name>SYSCFG_DL_TIMER_LOGIC_init</name>
         <value>0x1335</value>
         <object_component_ref idref="oc-101"/>
      </symbol>
      <symbol id="sm-10e">
         <name>SYSCFG_DL_TIMER_BUTTON_init</name>
         <value>0x13e1</value>
         <object_component_ref idref="oc-102"/>
      </symbol>
      <symbol id="sm-10f">
         <name>SYSCFG_DL_UART_TJC_init</name>
         <value>0x11a5</value>
         <object_component_ref idref="oc-103"/>
      </symbol>
      <symbol id="sm-110">
         <name>SYSCFG_DL_UART_STM_init</name>
         <value>0x12b9</value>
         <object_component_ref idref="oc-104"/>
      </symbol>
      <symbol id="sm-111">
         <name>SYSCFG_DL_UART_CV_init</name>
         <value>0x1279</value>
         <object_component_ref idref="oc-105"/>
      </symbol>
      <symbol id="sm-112">
         <name>gPWM_ENCODERBackup</name>
         <value>0x20200000</value>
      </symbol>
      <symbol id="sm-113">
         <name>gTIMER_LOGICBackup</name>
         <value>0x202000bc</value>
      </symbol>
      <symbol id="sm-114">
         <name>gUART_STMBackup</name>
         <value>0x20200178</value>
      </symbol>
      <symbol id="sm-11f">
         <name>Default_Handler</name>
         <value>0x1a23</value>
         <object_component_ref idref="oc-53"/>
      </symbol>
      <symbol id="sm-120">
         <name>Reset_Handler</name>
         <value>0x1a47</value>
         <object_component_ref idref="oc-2f"/>
      </symbol>
      <symbol id="sm-121">
         <name>interruptVectors</name>
         <value>0x0</value>
         <object_component_ref idref="oc-18"/>
      </symbol>
      <symbol id="sm-122">
         <name>TIMA0_IRQHandler</name>
         <value>0x1a23</value>
         <object_component_ref idref="oc-53"/>
      </symbol>
      <symbol id="sm-12d">
         <name>control</name>
         <value>0xee1</value>
         <object_component_ref idref="oc-d1"/>
      </symbol>
      <symbol id="sm-12e">
         <name>current_state</name>
         <value>0x2020021a</value>
         <object_component_ref idref="oc-120"/>
      </symbol>
      <symbol id="sm-12f">
         <name>corner_count</name>
         <value>0x20200219</value>
         <object_component_ref idref="oc-121"/>
      </symbol>
      <symbol id="sm-177">
         <name>TIMA1_IRQHandler</name>
         <value>0x1521</value>
         <object_component_ref idref="oc-54"/>
      </symbol>
      <symbol id="sm-178">
         <name>TIMG0_IRQHandler</name>
         <value>0x106d</value>
         <object_component_ref idref="oc-51"/>
      </symbol>
      <symbol id="sm-179">
         <name>NMI_Handler</name>
         <value>0x1a3b</value>
         <object_component_ref idref="oc-33"/>
      </symbol>
      <symbol id="sm-17a">
         <name>HardFault_Handler</name>
         <value>0x1a2f</value>
         <object_component_ref idref="oc-38"/>
      </symbol>
      <symbol id="sm-17b">
         <name>SVC_Handler</name>
         <value>0x1a53</value>
         <object_component_ref idref="oc-39"/>
      </symbol>
      <symbol id="sm-17c">
         <name>PendSV_Handler</name>
         <value>0x1a3f</value>
         <object_component_ref idref="oc-3a"/>
      </symbol>
      <symbol id="sm-17d">
         <name>SysTick_Handler</name>
         <value>0x1a57</value>
         <object_component_ref idref="oc-3b"/>
      </symbol>
      <symbol id="sm-17e">
         <name>GROUP0_IRQHandler</name>
         <value>0x1a27</value>
         <object_component_ref idref="oc-3c"/>
      </symbol>
      <symbol id="sm-17f">
         <name>TIMG8_IRQHandler</name>
         <value>0x1a67</value>
         <object_component_ref idref="oc-42"/>
      </symbol>
      <symbol id="sm-180">
         <name>UART3_IRQHandler</name>
         <value>0x1a73</value>
         <object_component_ref idref="oc-43"/>
      </symbol>
      <symbol id="sm-181">
         <name>ADC0_IRQHandler</name>
         <value>0x1a0b</value>
         <object_component_ref idref="oc-44"/>
      </symbol>
      <symbol id="sm-182">
         <name>ADC1_IRQHandler</name>
         <value>0x1a0f</value>
         <object_component_ref idref="oc-45"/>
      </symbol>
      <symbol id="sm-183">
         <name>CANFD0_IRQHandler</name>
         <value>0x1a17</value>
         <object_component_ref idref="oc-46"/>
      </symbol>
      <symbol id="sm-184">
         <name>DAC0_IRQHandler</name>
         <value>0x1a1b</value>
         <object_component_ref idref="oc-47"/>
      </symbol>
      <symbol id="sm-185">
         <name>SPI0_IRQHandler</name>
         <value>0x1a4b</value>
         <object_component_ref idref="oc-48"/>
      </symbol>
      <symbol id="sm-186">
         <name>SPI1_IRQHandler</name>
         <value>0x1a4f</value>
         <object_component_ref idref="oc-49"/>
      </symbol>
      <symbol id="sm-187">
         <name>UART2_IRQHandler</name>
         <value>0x1a6f</value>
         <object_component_ref idref="oc-4f"/>
      </symbol>
      <symbol id="sm-188">
         <name>UART0_IRQHandler</name>
         <value>0x1a6b</value>
         <object_component_ref idref="oc-50"/>
      </symbol>
      <symbol id="sm-189">
         <name>TIMG6_IRQHandler</name>
         <value>0x1a5f</value>
         <object_component_ref idref="oc-52"/>
      </symbol>
      <symbol id="sm-18a">
         <name>TIMG7_IRQHandler</name>
         <value>0x1a63</value>
         <object_component_ref idref="oc-55"/>
      </symbol>
      <symbol id="sm-18b">
         <name>TIMG12_IRQHandler</name>
         <value>0x1a5b</value>
         <object_component_ref idref="oc-56"/>
      </symbol>
      <symbol id="sm-18c">
         <name>I2C0_IRQHandler</name>
         <value>0x1a33</value>
         <object_component_ref idref="oc-57"/>
      </symbol>
      <symbol id="sm-18d">
         <name>I2C1_IRQHandler</name>
         <value>0x1a37</value>
         <object_component_ref idref="oc-58"/>
      </symbol>
      <symbol id="sm-18e">
         <name>AES_IRQHandler</name>
         <value>0x1a13</value>
         <object_component_ref idref="oc-59"/>
      </symbol>
      <symbol id="sm-18f">
         <name>RTC_IRQHandler</name>
         <value>0x1a43</value>
         <object_component_ref idref="oc-5a"/>
      </symbol>
      <symbol id="sm-190">
         <name>DMA_IRQHandler</name>
         <value>0x1a1f</value>
         <object_component_ref idref="oc-5b"/>
      </symbol>
      <symbol id="sm-1ad">
         <name>GROUP1_IRQHandler</name>
         <value>0x54d</value>
         <object_component_ref idref="oc-3d"/>
      </symbol>
      <symbol id="sm-1ae">
         <name>gpio_interrup1</name>
         <value>0x202001f8</value>
      </symbol>
      <symbol id="sm-1af">
         <name>gpio_interrup2</name>
         <value>0x202001fc</value>
      </symbol>
      <symbol id="sm-1b0">
         <name>gpio_interrupt_key</name>
         <value>0x20200200</value>
      </symbol>
      <symbol id="sm-1b1">
         <name>Get_Encoder_countA</name>
         <value>0x202001f0</value>
      </symbol>
      <symbol id="sm-1b2">
         <name>Get_Encoder_countB</name>
         <value>0x202001f4</value>
      </symbol>
      <symbol id="sm-1b3">
         <name>buttonState</name>
         <value>0x20200218</value>
         <object_component_ref idref="oc-8a"/>
      </symbol>
      <symbol id="sm-1b4">
         <name>pressDurationMs</name>
         <value>0x20200214</value>
         <object_component_ref idref="oc-8b"/>
      </symbol>
      <symbol id="sm-1c4">
         <name>Light_GoStraight_control</name>
         <value>0xc1</value>
         <object_component_ref idref="oc-11b"/>
      </symbol>
      <symbol id="sm-1c5">
         <name>Get_Light_TTL</name>
         <value>0x82d</value>
         <object_component_ref idref="oc-17a"/>
      </symbol>
      <symbol id="sm-1c6">
         <name>L3_Val</name>
         <value>0x2020020a</value>
      </symbol>
      <symbol id="sm-1c7">
         <name>L2_Val</name>
         <value>0x20200209</value>
      </symbol>
      <symbol id="sm-1c8">
         <name>L1_Val</name>
         <value>0x20200208</value>
      </symbol>
      <symbol id="sm-1c9">
         <name>M_Val</name>
         <value>0x2020020b</value>
      </symbol>
      <symbol id="sm-1ca">
         <name>R1_Val</name>
         <value>0x2020020c</value>
      </symbol>
      <symbol id="sm-1cb">
         <name>R2_Val</name>
         <value>0x2020020d</value>
      </symbol>
      <symbol id="sm-1cc">
         <name>R3_Val</name>
         <value>0x2020020e</value>
      </symbol>
      <symbol id="sm-1cd">
         <name>Line_Num</name>
         <value>0x20200210</value>
         <object_component_ref idref="oc-122"/>
      </symbol>
      <symbol id="sm-1ce">
         <name>sensor_state</name>
         <value>0x2020020f</value>
      </symbol>
      <symbol id="sm-1eb">
         <name>Motor_SetSpeed</name>
         <value>0x705</value>
         <object_component_ref idref="oc-c7"/>
      </symbol>
      <symbol id="sm-1f4">
         <name>pid_speedX</name>
         <value>0x202001a8</value>
      </symbol>
      <symbol id="sm-1f5">
         <name>pid_speedY</name>
         <value>0x202001cc</value>
      </symbol>
      <symbol id="sm-1f6">
         <name>set_p_i_d</name>
         <value>0x14bd</value>
         <object_component_ref idref="oc-cc"/>
      </symbol>
      <symbol id="sm-20d">
         <name>UART1_IRQHandler</name>
         <value>0xbfd</value>
         <object_component_ref idref="oc-4a"/>
      </symbol>
      <symbol id="sm-20e">
         <name>__TI_ATRegion0_src_addr</name>
         <value>0x0</value>
      </symbol>
      <symbol id="sm-20f">
         <name>__TI_ATRegion0_trg_addr</name>
         <value>0x0</value>
      </symbol>
      <symbol id="sm-210">
         <name>__TI_ATRegion0_region_sz</name>
         <value>0x0</value>
      </symbol>
      <symbol id="sm-211">
         <name>__TI_ATRegion1_src_addr</name>
         <value>0x0</value>
      </symbol>
      <symbol id="sm-212">
         <name>__TI_ATRegion1_trg_addr</name>
         <value>0x0</value>
      </symbol>
      <symbol id="sm-213">
         <name>__TI_ATRegion1_region_sz</name>
         <value>0x0</value>
      </symbol>
      <symbol id="sm-214">
         <name>__TI_ATRegion2_src_addr</name>
         <value>0x0</value>
      </symbol>
      <symbol id="sm-215">
         <name>__TI_ATRegion2_trg_addr</name>
         <value>0x0</value>
      </symbol>
      <symbol id="sm-216">
         <name>__TI_ATRegion2_region_sz</name>
         <value>0x0</value>
      </symbol>
      <symbol id="sm-21f">
         <name>DL_Common_delayCycles</name>
         <value>0x19f1</value>
         <object_component_ref idref="oc-d5"/>
      </symbol>
      <symbol id="sm-23b">
         <name>DL_Timer_setClockConfig</name>
         <value>0x1679</value>
         <object_component_ref idref="oc-158"/>
      </symbol>
      <symbol id="sm-23c">
         <name>DL_Timer_initTimerMode</name>
         <value>0xa39</value>
         <object_component_ref idref="oc-161"/>
      </symbol>
      <symbol id="sm-23d">
         <name>DL_Timer_setCaptureCompareValue</name>
         <value>0x19e1</value>
         <object_component_ref idref="oc-10e"/>
      </symbol>
      <symbol id="sm-23e">
         <name>DL_Timer_setCaptCompUpdateMethod</name>
         <value>0x165d</value>
         <object_component_ref idref="oc-15c"/>
      </symbol>
      <symbol id="sm-23f">
         <name>DL_Timer_setCaptureCompareOutCtl</name>
         <value>0x17d1</value>
         <object_component_ref idref="oc-15b"/>
      </symbol>
      <symbol id="sm-240">
         <name>DL_Timer_initFourCCPWMMode</name>
         <value>0x935</value>
         <object_component_ref idref="oc-159"/>
      </symbol>
      <symbol id="sm-24d">
         <name>DL_UART_init</name>
         <value>0x1115</value>
         <object_component_ref idref="oc-16d"/>
      </symbol>
      <symbol id="sm-24e">
         <name>DL_UART_setClockConfig</name>
         <value>0x1999</value>
         <object_component_ref idref="oc-167"/>
      </symbol>
      <symbol id="sm-25c">
         <name>DL_SYSCTL_configSYSPLL</name>
         <value>0xb21</value>
         <object_component_ref idref="oc-14e"/>
      </symbol>
      <symbol id="sm-25d">
         <name>DL_SYSCTL_switchMCLKfromSYSOSCtoHSCLK</name>
         <value>0x1235</value>
         <object_component_ref idref="oc-155"/>
      </symbol>
      <symbol id="sm-26a">
         <name>_c_int00_noargs</name>
         <value>0x1495</value>
         <object_component_ref idref="oc-77"/>
      </symbol>
      <symbol id="sm-26b">
         <name>__stack</name>
         <value>0x20207e00</value>
         <object_component_ref idref="oc-1a"/>
      </symbol>
      <symbol id="sm-277">
         <name>__TI_auto_init_nobinit_nopinit</name>
         <value>0x1371</value>
         <object_component_ref idref="oc-e4"/>
      </symbol>
      <symbol id="sm-27f">
         <name>_system_pre_init</name>
         <value>0x1a77</value>
         <object_component_ref idref="oc-a0"/>
      </symbol>
      <symbol id="sm-28a">
         <name>__TI_zero_init_nomemset</name>
         <value>0x18d3</value>
         <object_component_ref idref="oc-6e"/>
      </symbol>
      <symbol id="sm-293">
         <name>__TI_decompress_none</name>
         <value>0x19bd</value>
         <object_component_ref idref="oc-20"/>
      </symbol>
      <symbol id="sm-29e">
         <name>__TI_decompress_lzss</name>
         <value>0xff1</value>
         <object_component_ref idref="oc-1c"/>
      </symbol>
      <symbol id="sm-2a8">
         <name>abort</name>
         <value>0x1a05</value>
         <object_component_ref idref="oc-dd"/>
      </symbol>
      <symbol id="sm-2b2">
         <name>HOSTexit</name>
         <value>0x1a2b</value>
         <object_component_ref idref="oc-128"/>
      </symbol>
      <symbol id="sm-2b3">
         <name>C$$EXIT</name>
         <value>0x1a2a</value>
         <object_component_ref idref="oc-128"/>
      </symbol>
      <symbol id="sm-2b9">
         <name>__aeabi_memcpy</name>
         <value>0x19fd</value>
         <object_component_ref idref="oc-67"/>
      </symbol>
      <symbol id="sm-2ba">
         <name>__aeabi_memcpy4</name>
         <value>0x19fd</value>
         <object_component_ref idref="oc-67"/>
      </symbol>
      <symbol id="sm-2bb">
         <name>__aeabi_memcpy8</name>
         <value>0x19fd</value>
         <object_component_ref idref="oc-67"/>
      </symbol>
      <symbol id="sm-2c5">
         <name>TI_memcpy_small</name>
         <value>0x19ab</value>
         <object_component_ref idref="oc-b3"/>
      </symbol>
      <symbol id="sm-2c6">
         <name>__TI_static_base__</name>
         <value>0x0</value>
      </symbol>
      <symbol id="sm-2c9">
         <name>__mpu_init</name>
         <value>0x0</value>
      </symbol>
      <symbol id="sm-2ca">
         <name>_system_post_cinit</name>
         <value>0x0</value>
      </symbol>
   </symbol_table>
   <title>Link successful</title>
</link_info>
