******************************************************************************
            TI ARM Clang Linker PC v4.0.3                      
******************************************************************************
>> Linked Fri Aug  1 05:33:55 2025

OUTPUT FILE NAME:   <empty_LP_MSPM0G3507_nortos_ticlang.out>
ENTRY POINT SYMBOL: "_c_int00_noargs"  address: 0000140d


MEMORY CONFIGURATION

         name            origin    length      used     unused   attr    fill
----------------------  --------  ---------  --------  --------  ----  --------
  FLASH                 00000000   00020000  00001a88  0001e578  R  X
  SRAM                  20200000   00008000  000003d5  00007c2b  RW X
  BCR_CONFIG            41c00000   000000ff  00000000  000000ff  R   
  BSL_CONFIG            41c00100   00000080  00000000  00000080  R   


SEGMENT ALLOCATION MAP

run origin  load origin   length   init length attrs members
----------  ----------- ---------- ----------- ----- -------
00000000    00000000    00001a88   00001a88    r-x
  00000000    00000000    000000c0   000000c0    r-- .intvecs
  000000c0    000000c0    00001910   00001910    r-x .text
  000019d0    000019d0    00000088   00000088    r-- .rodata
  00001a58    00001a58    00000030   00000030    r-- .cinit
20200000    20200000    000001d5   00000000    rw-
  20200000    20200000    000001c8   00000000    rw- .bss
  202001c8    202001c8    0000000d   00000000    rw- .data
20207e00    20207e00    00000200   00000000    rw-
  20207e00    20207e00    00000200   00000000    rw- .stack


SECTION ALLOCATION MAP

 output                                  attributes/
section   page    origin      length       input sections
--------  ----  ----------  ----------   ----------------
.intvecs   0    00000000    000000c0     
                  00000000    000000c0     startup_mspm0g350x_ticlang.o (.intvecs)

.text      0    000000c0    00001910     
                  000000c0    00000254     grey_sensor.o (.text.Light_GoStraight_control)
                  00000314    000001dc     ti_msp_dl_config.o (.text.SYSCFG_DL_GPIO_init)
                  000004f0    000001b8     encoder.o (.text.GROUP1_IRQHandler)
                  000006a8    00000128     motor.o (.text.Motor_SetSpeed)
                  000007d0    00000108     grey_sensor.o (.text.Get_Light_TTL)
                  000008d8    00000104     driverlib.a : dl_timer.o (.text.DL_Timer_initFourCCPWMMode)
                  000009dc    000000e8                 : dl_timer.o (.text.DL_Timer_initTimerMode)
                  00000ac4    000000dc                 : dl_sysctl_mspm0g1x0x_g3x0x.o (.text.DL_SYSCTL_configSYSPLL)
                  00000ba0    000000dc     uart.o (.text.UART1_IRQHandler)
                  00000c7c    000000ac     empty.o (.text.main)
                  00000d28    000000a0     ti_msp_dl_config.o (.text.SYSCFG_DL_initPower)
                  00000dc8    00000090     ti_msp_dl_config.o (.text.SYSCFG_DL_PWM_ENCODER_init)
                  00000e58    0000008c     control.o (.text.control)
                  00000ee4    00000084     ti_msp_dl_config.o (.text.__NVIC_SetPriority)
                  00000f68    0000007c     libc.a : copy_decompress_lzss.c.obj (.text:decompress:lzss)
                  00000fe4    0000005c     control_logic.o (.text.TIMG0_IRQHandler)
                  00001040    0000004c     ti_msp_dl_config.o (.text.DL_UART_setBaudRateDivisor)
                  0000108c    00000048     driverlib.a : dl_uart.o (.text.DL_UART_init)
                  000010d4    00000048     ti_msp_dl_config.o (.text.SYSCFG_DL_SYSCTL_init)
                  0000111c    00000048     ti_msp_dl_config.o (.text.SYSCFG_DL_UART_TJC_init)
                  00001164    00000048     ti_msp_dl_config.o (.text.SYSCFG_DL_init)
                  000011ac    00000044     driverlib.a : dl_sysctl_mspm0g1x0x_g3x0x.o (.text.DL_SYSCTL_switchMCLKfromSYSOSCtoHSCLK)
                  000011f0    00000040     ti_msp_dl_config.o (.text.SYSCFG_DL_UART_CV_init)
                  00001230    00000040     ti_msp_dl_config.o (.text.SYSCFG_DL_UART_STM_init)
                  00001270    0000003c     ti_msp_dl_config.o (.text.DL_Timer_setCounterControl)
                  000012ac    0000003c     ti_msp_dl_config.o (.text.SYSCFG_DL_TIMER_LOGIC_init)
                  000012e8    0000003c     libc.a : autoinit.c.obj (.text:__TI_auto_init_nobinit_nopinit)
                  00001324    00000034     ti_msp_dl_config.o (.text.DL_GPIO_initDigitalInputFeatures)
                  00001358    00000034     ti_msp_dl_config.o (.text.SYSCFG_DL_TIMER_BUTTON_init)
                  0000138c    0000002c     empty.o (.text.__NVIC_ClearPendingIRQ)
                  000013b8    0000002c     empty.o (.text.__NVIC_EnableIRQ)
                  000013e4    00000028     ti_msp_dl_config.o (.text.DL_Common_updateReg)
                  0000140c    00000028     libc.a : boot_cortex_m.c.obj (.text:_c_int00_noargs)
                  00001434    00000020     ti_msp_dl_config.o (.text.DL_GPIO_initPeripheralInputFunction)
                  00001454    00000020     ti_msp_dl_config.o (.text.DL_SYSCTL_setFlashWaitState)
                  00001474    00000020     control_logic.o (.text.TIMA1_IRQHandler)
                  00001494    0000001e     ti_msp_dl_config.o (.text.DL_UART_setOversampling)
                  000014b2    00000002     --HOLE-- [fill = 0]
                  000014b4    0000001c     encoder.o (.text.DL_GPIO_clearInterruptStatus)
                  000014d0    0000001c     ti_msp_dl_config.o (.text.DL_GPIO_clearInterruptStatus)
                  000014ec    0000001c     ti_msp_dl_config.o (.text.DL_GPIO_enableInterrupt)
                  00001508    0000001c     ti_msp_dl_config.o (.text.DL_GPIO_initPeripheralOutputFunction)
                  00001524    0000001c     ti_msp_dl_config.o (.text.DL_GPIO_setLowerPinsPolarity)
                  00001540    0000001c     ti_msp_dl_config.o (.text.DL_SYSCTL_setSYSOSCFreq)
                  0000155c    0000001c     ti_msp_dl_config.o (.text.DL_SYSCTL_setULPCLKDivider)
                  00001578    0000001c     empty.o (.text.DL_Timer_enableInterrupt)
                  00001594    0000001c     ti_msp_dl_config.o (.text.DL_Timer_enableInterrupt)
                  000015b0    0000001c     driverlib.a : dl_timer.o (.text.DL_Timer_setCaptCompUpdateMethod)
                  000015cc    0000001c                 : dl_timer.o (.text.DL_Timer_setClockConfig)
                  000015e8    0000001c     ti_msp_dl_config.o (.text.DL_UART_enableInterrupt)
                  00001604    00000018     ti_msp_dl_config.o (.text.DL_GPIO_enableOutput)
                  0000161c    00000018     ti_msp_dl_config.o (.text.DL_GPIO_enablePower)
                  00001634    00000018     encoder.o (.text.DL_GPIO_getEnabledInterruptStatus)
                  0000164c    00000018     ti_msp_dl_config.o (.text.DL_GPIO_initDigitalOutput)
                  00001664    00000018     ti_msp_dl_config.o (.text.DL_GPIO_reset)
                  0000167c    00000018     empty.o (.text.DL_GPIO_setPins)
                  00001694    00000018     motor.o (.text.DL_GPIO_setPins)
                  000016ac    00000018     ti_msp_dl_config.o (.text.DL_GPIO_setUpperPinsPolarity)
                  000016c4    00000018     ti_msp_dl_config.o (.text.DL_SYSCTL_setBORThreshold)
                  000016dc    00000018     control_logic.o (.text.DL_Timer_clearInterruptStatus)
                  000016f4    00000018     ti_msp_dl_config.o (.text.DL_Timer_enablePower)
                  0000170c    00000018     ti_msp_dl_config.o (.text.DL_Timer_reset)
                  00001724    00000018     driverlib.a : dl_timer.o (.text.DL_Timer_setCaptureCompareOutCtl)
                  0000173c    00000018     encoder.o (.text.DL_Timer_startCounter)
                  00001754    00000018     motor.o (.text.DL_Timer_startCounter)
                  0000176c    00000018     control_logic.o (.text.DL_Timer_stopCounter)
                  00001784    00000018     encoder.o (.text.DL_Timer_stopCounter)
                  0000179c    00000018     motor.o (.text.DL_Timer_stopCounter)
                  000017b4    00000018     ti_msp_dl_config.o (.text.DL_UART_enablePower)
                  000017cc    00000018     ti_msp_dl_config.o (.text.DL_UART_reset)
                  000017e4    00000016     encoder.o (.text.DL_GPIO_readPins)
                  000017fa    00000016     grey_sensor.o (.text.DL_GPIO_readPins)
                  00001810    00000016     ti_msp_dl_config.o (.text.DL_UART_enable)
                  00001826    00000016     libc.a : copy_zero_init.c.obj (.text:decompress:ZI:__TI_zero_init_nomemset)
                  0000183c    00000014     empty.o (.text.DL_GPIO_clearPins)
                  00001850    00000014     motor.o (.text.DL_GPIO_clearPins)
                  00001864    00000014     ti_msp_dl_config.o (.text.DL_GPIO_clearPins)
                  00001878    00000014     ti_msp_dl_config.o (.text.DL_SYSCTL_disableSYSPLL)
                  0000188c    00000014     ti_msp_dl_config.o (.text.DL_Timer_enableClock)
                  000018a0    00000014     ti_msp_dl_config.o (.text.DL_Timer_setCCPDirection)
                  000018b4    00000014     uart.o (.text.DL_UART_receiveData)
                  000018c8    00000012     control_logic.o (.text.DL_Timer_getPendingInterrupt)
                  000018da    00000012     uart.o (.text.DL_UART_getPendingInterrupt)
                  000018ec    00000012     driverlib.a : dl_uart.o (.text.DL_UART_setClockConfig)
                  000018fe    00000012     libc.a : memcpy16.S.obj (.text:TI_memcpy_small)
                  00001910    00000012            : copy_decompress_none.c.obj (.text:decompress:none)
                  00001922    00000002     --HOLE-- [fill = 0]
                  00001924    00000010     ti_msp_dl_config.o (.text.DL_SYSCTL_disableHFXT)
                  00001934    00000010     driverlib.a : dl_timer.o (.text.DL_Timer_setCaptureCompareValue)
                  00001944    0000000a                 : dl_common.o (.text.DL_Common_delayCycles)
                  0000194e    00000002     --HOLE-- [fill = 0]
                  00001950    00000008     libclang_rt.builtins.a : aeabi_memcpy.S.obj (.text.__aeabi_memcpy)
                  00001958    00000006     libc.a : exit.c.obj (.text:abort)
                  0000195e    00000004     control_logic.o (.text.ADC0_IRQHandler)
                  00001962    00000004     control_logic.o (.text.ADC1_IRQHandler)
                  00001966    00000004     control_logic.o (.text.AES_IRQHandler)
                  0000196a    00000004     control_logic.o (.text.CANFD0_IRQHandler)
                  0000196e    00000004     control_logic.o (.text.DAC0_IRQHandler)
                  00001972    00000004     control_logic.o (.text.DMA_IRQHandler)
                  00001976    00000004     startup_mspm0g350x_ticlang.o (.text.Default_Handler)
                  0000197a    00000004     control_logic.o (.text.GROUP0_IRQHandler)
                  0000197e    00000004     libsysbm.a : hostexit.c.obj (.text.HOSTexit)
                  00001982    00000004     control_logic.o (.text.HardFault_Handler)
                  00001986    00000004     control_logic.o (.text.I2C0_IRQHandler)
                  0000198a    00000004     control_logic.o (.text.I2C1_IRQHandler)
                  0000198e    00000004     control_logic.o (.text.NMI_Handler)
                  00001992    00000004     control_logic.o (.text.PendSV_Handler)
                  00001996    00000004     control_logic.o (.text.RTC_IRQHandler)
                  0000199a    00000004     startup_mspm0g350x_ticlang.o (.text.Reset_Handler)
                  0000199e    00000004     control_logic.o (.text.SPI0_IRQHandler)
                  000019a2    00000004     control_logic.o (.text.SPI1_IRQHandler)
                  000019a6    00000004     control_logic.o (.text.SVC_Handler)
                  000019aa    00000004     control_logic.o (.text.SysTick_Handler)
                  000019ae    00000004     control_logic.o (.text.TIMG12_IRQHandler)
                  000019b2    00000004     control_logic.o (.text.TIMG6_IRQHandler)
                  000019b6    00000004     control_logic.o (.text.TIMG7_IRQHandler)
                  000019ba    00000004     control_logic.o (.text.TIMG8_IRQHandler)
                  000019be    00000004     control_logic.o (.text.UART0_IRQHandler)
                  000019c2    00000004     control_logic.o (.text.UART2_IRQHandler)
                  000019c6    00000004     control_logic.o (.text.UART3_IRQHandler)
                  000019ca    00000004     libc.a : pre_init.c.obj (.text._system_pre_init)
                  000019ce    00000002     --HOLE-- [fill = 0]

.cinit     0    00001a58    00000030     
                  00001a58    0000000c     (__TI_handler_table)
                  00001a64    00000008     (.cinit..bss.load) [load image, compression = zero_init]
                  00001a6c    00000007     (.cinit..data.load) [load image, compression = lzss]
                  00001a73    00000001     --HOLE-- [fill = 0]
                  00001a74    00000010     (__TI_cinit_table)
                  00001a84    00000004     --HOLE-- [fill = 0]

.rodata    0    000019d0    00000088     
                  000019d0    00000028     ti_msp_dl_config.o (.rodata.gSYSPLLConfig)
                  000019f8    00000014     ti_msp_dl_config.o (.rodata.gTIMER_BUTTONTimerConfig)
                  00001a0c    00000014     ti_msp_dl_config.o (.rodata.gTIMER_LOGICTimerConfig)
                  00001a20    0000000a     ti_msp_dl_config.o (.rodata.gUART_CVConfig)
                  00001a2a    0000000a     ti_msp_dl_config.o (.rodata.gUART_STMConfig)
                  00001a34    0000000a     ti_msp_dl_config.o (.rodata.gUART_TJCConfig)
                  00001a3e    00000002     ti_msp_dl_config.o (.rodata.gUART_CVClockConfig)
                  00001a40    00000008     ti_msp_dl_config.o (.rodata.gPWM_ENCODERConfig)
                  00001a48    00000003     ti_msp_dl_config.o (.rodata.gPWM_ENCODERClockConfig)
                  00001a4b    00000003     ti_msp_dl_config.o (.rodata.gTIMER_BUTTONClockConfig)
                  00001a4e    00000003     ti_msp_dl_config.o (.rodata.gTIMER_LOGICClockConfig)
                  00001a51    00000002     ti_msp_dl_config.o (.rodata.gUART_STMClockConfig)
                  00001a53    00000002     ti_msp_dl_config.o (.rodata.gUART_TJCClockConfig)
                  00001a55    00000003     --HOLE-- [fill = 0]

.init_array 
*          0    00000000    00000000     UNINITIALIZED

.binit     0    00000000    00000000     

.bss       0    20200000    000001c8     UNINITIALIZED
                  20200000    000000bc     (.common:gPWM_ENCODERBackup)
                  202000bc    000000bc     (.common:gTIMER_LOGICBackup)
                  20200178    00000030     (.common:gUART_STMBackup)
                  202001a8    00000004     (.common:Get_Encoder_countA)
                  202001ac    00000004     (.common:Get_Encoder_countB)
                  202001b0    00000004     (.common:gpio_interrup1)
                  202001b4    00000004     (.common:gpio_interrup2)
                  202001b8    00000004     (.common:gpio_interrupt_key)
                  202001bc    00000002     motor.o (.bss.Motor_SetSpeed.speed1_out)
                  202001be    00000002     motor.o (.bss.Motor_SetSpeed.speed2_out)
                  202001c0    00000001     (.common:L1_Val)
                  202001c1    00000001     (.common:L2_Val)
                  202001c2    00000001     (.common:L3_Val)
                  202001c3    00000001     (.common:M_Val)
                  202001c4    00000001     (.common:R1_Val)
                  202001c5    00000001     (.common:R2_Val)
                  202001c6    00000001     (.common:R3_Val)
                  202001c7    00000001     (.common:sensor_state)

.data      0    202001c8    0000000d     UNINITIALIZED
                  202001c8    00000004     grey_sensor.o (.data.Line_Num)
                  202001cc    00000004     encoder.o (.data.pressDurationMs)
                  202001d0    00000001     encoder.o (.data.buttonState)
                  202001d1    00000001     control.o (.data.corner_count)
                  202001d2    00000001     control.o (.data.current_state)
                  202001d3    00000001     uart.o (.data.receive_state)
                  202001d4    00000001     uart.o (.data.received_number)

.stack     0    20207e00    00000200     UNINITIALIZED
                  20207e00    00000004     libc.a : boot_cortex_m.c.obj (.stack)
                  20207e04    000001fc     --HOLE--

__llvm_prf_cnts 
*          0    20200000    00000000     UNINITIALIZED

__llvm_prf_bits 
*          0    20200000    00000000     UNINITIALIZED

MODULE SUMMARY

       Module                         code   ro data   rw data
       ------                         ----   -------   -------
    .\
       ti_msp_dl_config.o             2272   133       424    
       empty.o                        332    0         0      
       startup_mspm0g350x_ticlang.o   8      192       0      
    +--+------------------------------+------+---------+---------+
       Total:                         2612   325       424    
                                                              
    .\User\
       grey_sensor.o                  882    0         12     
       encoder.o                      562    0         25     
       motor.o                        388    0         4      
       control_logic.o                286    0         0      
       uart.o                         258    0         2      
       control.o                      140    0         2      
    +--+------------------------------+------+---------+---------+
       Total:                         2516   0         45     
                                                              
    C:/ti/mspm0_sdk_2_05_01_00/source/ti/driverlib/lib/ticlang/m0p/mspm0g1x0x_g3x0x/driverlib.a
       dl_timer.o                     588    0         0      
       dl_sysctl_mspm0g1x0x_g3x0x.o   288    0         0      
       dl_uart.o                      90     0         0      
       dl_common.o                    10     0         0      
    +--+------------------------------+------+---------+---------+
       Total:                         976    0         0      
                                                              
    C:\ti\ccs2020\ccs\tools\compiler\ti-cgt-armllvm_4.0.3.LTS\lib\armv6m-ti-none-eabi/c/libc.a
       copy_decompress_lzss.c.obj     124    0         0      
       autoinit.c.obj                 60     0         0      
       boot_cortex_m.c.obj            40     0         0      
       copy_zero_init.c.obj           22     0         0      
       copy_decompress_none.c.obj     18     0         0      
       memcpy16.S.obj                 18     0         0      
       exit.c.obj                     6      0         0      
       pre_init.c.obj                 4      0         0      
    +--+------------------------------+------+---------+---------+
       Total:                         292    0         0      
                                                              
    C:\ti\ccs2020\ccs\tools\compiler\ti-cgt-armllvm_4.0.3.LTS\lib\armv6m-ti-none-eabi/c/libsysbm.a
       hostexit.c.obj                 4      0         0      
    +--+------------------------------+------+---------+---------+
       Total:                         4      0         0      
                                                              
    C:\ti\ccs2020\ccs\tools\compiler\ti-cgt-armllvm_4.0.3.LTS\lib\armv6m-ti-none-eabi/libclang_rt.builtins.a
       aeabi_memcpy.S.obj             8      0         0      
    +--+------------------------------+------+---------+---------+
       Total:                         8      0         0      
                                                              
       Stack:                         0      0         512    
       Linker Generated:              0      43        0      
    +--+------------------------------+------+---------+---------+
       Grand Total:                   6408   368       981    


LINKER GENERATED COPY TABLES

__TI_cinit_table @ 00001a74 records: 2, size/record: 8, table size: 16
	.bss: load addr=00001a64, load size=00000008 bytes, run addr=20200000, run size=000001c8 bytes, compression=zero_init
	.data: load addr=00001a6c, load size=00000007 bytes, run addr=202001c8, run size=0000000d bytes, compression=lzss


LINKER GENERATED HANDLER TABLE

__TI_handler_table @ 00001a58 records: 3, size/record: 4, table size: 12
	index: 0, handler: __TI_decompress_lzss
	index: 1, handler: __TI_decompress_none
	index: 2, handler: __TI_zero_init


GLOBAL SYMBOLS: SORTED ALPHABETICALLY BY Name 

address   name                                 
-------   ----                                 
0000195f  ADC0_IRQHandler                      
00001963  ADC1_IRQHandler                      
00001967  AES_IRQHandler                       
0000197e  C$$EXIT                              
0000196b  CANFD0_IRQHandler                    
0000196f  DAC0_IRQHandler                      
00001945  DL_Common_delayCycles                
00000ac5  DL_SYSCTL_configSYSPLL               
000011ad  DL_SYSCTL_switchMCLKfromSYSOSCtoHSCLK
000008d9  DL_Timer_initFourCCPWMMode           
000009dd  DL_Timer_initTimerMode               
000015b1  DL_Timer_setCaptCompUpdateMethod     
00001725  DL_Timer_setCaptureCompareOutCtl     
00001935  DL_Timer_setCaptureCompareValue      
000015cd  DL_Timer_setClockConfig              
0000108d  DL_UART_init                         
000018ed  DL_UART_setClockConfig               
00001973  DMA_IRQHandler                       
00001977  Default_Handler                      
0000197b  GROUP0_IRQHandler                    
000004f1  GROUP1_IRQHandler                    
202001a8  Get_Encoder_countA                   
202001ac  Get_Encoder_countB                   
000007d1  Get_Light_TTL                        
0000197f  HOSTexit                             
00001983  HardFault_Handler                    
00001987  I2C0_IRQHandler                      
0000198b  I2C1_IRQHandler                      
202001c0  L1_Val                               
202001c1  L2_Val                               
202001c2  L3_Val                               
000000c1  Light_GoStraight_control             
202001c8  Line_Num                             
202001c3  M_Val                                
000006a9  Motor_SetSpeed                       
0000198f  NMI_Handler                          
00001993  PendSV_Handler                       
202001c4  R1_Val                               
202001c5  R2_Val                               
202001c6  R3_Val                               
00001997  RTC_IRQHandler                       
0000199b  Reset_Handler                        
0000199f  SPI0_IRQHandler                      
000019a3  SPI1_IRQHandler                      
000019a7  SVC_Handler                          
00000315  SYSCFG_DL_GPIO_init                  
00000dc9  SYSCFG_DL_PWM_ENCODER_init           
000010d5  SYSCFG_DL_SYSCTL_init                
00001359  SYSCFG_DL_TIMER_BUTTON_init          
000012ad  SYSCFG_DL_TIMER_LOGIC_init           
000011f1  SYSCFG_DL_UART_CV_init               
00001231  SYSCFG_DL_UART_STM_init              
0000111d  SYSCFG_DL_UART_TJC_init              
00001165  SYSCFG_DL_init                       
00000d29  SYSCFG_DL_initPower                  
000019ab  SysTick_Handler                      
00001977  TIMA0_IRQHandler                     
00001475  TIMA1_IRQHandler                     
00000fe5  TIMG0_IRQHandler                     
000019af  TIMG12_IRQHandler                    
000019b3  TIMG6_IRQHandler                     
000019b7  TIMG7_IRQHandler                     
000019bb  TIMG8_IRQHandler                     
000018ff  TI_memcpy_small                      
000019bf  UART0_IRQHandler                     
00000ba1  UART1_IRQHandler                     
000019c3  UART2_IRQHandler                     
000019c7  UART3_IRQHandler                     
20208000  __STACK_END                          
00000200  __STACK_SIZE                         
00000000  __TI_ATRegion0_region_sz             
00000000  __TI_ATRegion0_src_addr              
00000000  __TI_ATRegion0_trg_addr              
00000000  __TI_ATRegion1_region_sz             
00000000  __TI_ATRegion1_src_addr              
00000000  __TI_ATRegion1_trg_addr              
00000000  __TI_ATRegion2_region_sz             
00000000  __TI_ATRegion2_src_addr              
00000000  __TI_ATRegion2_trg_addr              
00001a74  __TI_CINIT_Base                      
00001a84  __TI_CINIT_Limit                     
00001a84  __TI_CINIT_Warm                      
00001a58  __TI_Handler_Table_Base              
00001a64  __TI_Handler_Table_Limit             
000012e9  __TI_auto_init_nobinit_nopinit       
00000f69  __TI_decompress_lzss                 
00001911  __TI_decompress_none                 
ffffffff  __TI_pprof_out_hndl                  
ffffffff  __TI_prof_data_size                  
ffffffff  __TI_prof_data_start                 
00000000  __TI_static_base__                   
00001827  __TI_zero_init_nomemset              
00001951  __aeabi_memcpy                       
00001951  __aeabi_memcpy4                      
00001951  __aeabi_memcpy8                      
ffffffff  __binit__                            
UNDEFED   __mpu_init                           
20207e00  __stack                              
20200000  __start___llvm_prf_bits              
20200000  __start___llvm_prf_cnts              
20200000  __stop___llvm_prf_bits               
20200000  __stop___llvm_prf_cnts               
0000140d  _c_int00_noargs                      
UNDEFED   _system_post_cinit                   
000019cb  _system_pre_init                     
00001959  abort                                
ffffffff  binit                                
202001d0  buttonState                          
00000e59  control                              
202001d1  corner_count                         
202001d2  current_state                        
20200000  gPWM_ENCODERBackup                   
202000bc  gTIMER_LOGICBackup                   
20200178  gUART_STMBackup                      
202001b0  gpio_interrup1                       
202001b4  gpio_interrup2                       
202001b8  gpio_interrupt_key                   
00000000  interruptVectors                     
00000c7d  main                                 
202001cc  pressDurationMs                      
202001c7  sensor_state                         


GLOBAL SYMBOLS: SORTED BY Symbol Address 

address   name                                 
-------   ----                                 
00000000  __TI_ATRegion0_region_sz             
00000000  __TI_ATRegion0_src_addr              
00000000  __TI_ATRegion0_trg_addr              
00000000  __TI_ATRegion1_region_sz             
00000000  __TI_ATRegion1_src_addr              
00000000  __TI_ATRegion1_trg_addr              
00000000  __TI_ATRegion2_region_sz             
00000000  __TI_ATRegion2_src_addr              
00000000  __TI_ATRegion2_trg_addr              
00000000  __TI_static_base__                   
00000000  interruptVectors                     
000000c1  Light_GoStraight_control             
00000200  __STACK_SIZE                         
00000315  SYSCFG_DL_GPIO_init                  
000004f1  GROUP1_IRQHandler                    
000006a9  Motor_SetSpeed                       
000007d1  Get_Light_TTL                        
000008d9  DL_Timer_initFourCCPWMMode           
000009dd  DL_Timer_initTimerMode               
00000ac5  DL_SYSCTL_configSYSPLL               
00000ba1  UART1_IRQHandler                     
00000c7d  main                                 
00000d29  SYSCFG_DL_initPower                  
00000dc9  SYSCFG_DL_PWM_ENCODER_init           
00000e59  control                              
00000f69  __TI_decompress_lzss                 
00000fe5  TIMG0_IRQHandler                     
0000108d  DL_UART_init                         
000010d5  SYSCFG_DL_SYSCTL_init                
0000111d  SYSCFG_DL_UART_TJC_init              
00001165  SYSCFG_DL_init                       
000011ad  DL_SYSCTL_switchMCLKfromSYSOSCtoHSCLK
000011f1  SYSCFG_DL_UART_CV_init               
00001231  SYSCFG_DL_UART_STM_init              
000012ad  SYSCFG_DL_TIMER_LOGIC_init           
000012e9  __TI_auto_init_nobinit_nopinit       
00001359  SYSCFG_DL_TIMER_BUTTON_init          
0000140d  _c_int00_noargs                      
00001475  TIMA1_IRQHandler                     
000015b1  DL_Timer_setCaptCompUpdateMethod     
000015cd  DL_Timer_setClockConfig              
00001725  DL_Timer_setCaptureCompareOutCtl     
00001827  __TI_zero_init_nomemset              
000018ed  DL_UART_setClockConfig               
000018ff  TI_memcpy_small                      
00001911  __TI_decompress_none                 
00001935  DL_Timer_setCaptureCompareValue      
00001945  DL_Common_delayCycles                
00001951  __aeabi_memcpy                       
00001951  __aeabi_memcpy4                      
00001951  __aeabi_memcpy8                      
00001959  abort                                
0000195f  ADC0_IRQHandler                      
00001963  ADC1_IRQHandler                      
00001967  AES_IRQHandler                       
0000196b  CANFD0_IRQHandler                    
0000196f  DAC0_IRQHandler                      
00001973  DMA_IRQHandler                       
00001977  Default_Handler                      
00001977  TIMA0_IRQHandler                     
0000197b  GROUP0_IRQHandler                    
0000197e  C$$EXIT                              
0000197f  HOSTexit                             
00001983  HardFault_Handler                    
00001987  I2C0_IRQHandler                      
0000198b  I2C1_IRQHandler                      
0000198f  NMI_Handler                          
00001993  PendSV_Handler                       
00001997  RTC_IRQHandler                       
0000199b  Reset_Handler                        
0000199f  SPI0_IRQHandler                      
000019a3  SPI1_IRQHandler                      
000019a7  SVC_Handler                          
000019ab  SysTick_Handler                      
000019af  TIMG12_IRQHandler                    
000019b3  TIMG6_IRQHandler                     
000019b7  TIMG7_IRQHandler                     
000019bb  TIMG8_IRQHandler                     
000019bf  UART0_IRQHandler                     
000019c3  UART2_IRQHandler                     
000019c7  UART3_IRQHandler                     
000019cb  _system_pre_init                     
00001a58  __TI_Handler_Table_Base              
00001a64  __TI_Handler_Table_Limit             
00001a74  __TI_CINIT_Base                      
00001a84  __TI_CINIT_Limit                     
00001a84  __TI_CINIT_Warm                      
20200000  __start___llvm_prf_bits              
20200000  __start___llvm_prf_cnts              
20200000  __stop___llvm_prf_bits               
20200000  __stop___llvm_prf_cnts               
20200000  gPWM_ENCODERBackup                   
202000bc  gTIMER_LOGICBackup                   
20200178  gUART_STMBackup                      
202001a8  Get_Encoder_countA                   
202001ac  Get_Encoder_countB                   
202001b0  gpio_interrup1                       
202001b4  gpio_interrup2                       
202001b8  gpio_interrupt_key                   
202001c0  L1_Val                               
202001c1  L2_Val                               
202001c2  L3_Val                               
202001c3  M_Val                                
202001c4  R1_Val                               
202001c5  R2_Val                               
202001c6  R3_Val                               
202001c7  sensor_state                         
202001c8  Line_Num                             
202001cc  pressDurationMs                      
202001d0  buttonState                          
202001d1  corner_count                         
202001d2  current_state                        
20207e00  __stack                              
20208000  __STACK_END                          
ffffffff  __TI_pprof_out_hndl                  
ffffffff  __TI_prof_data_size                  
ffffffff  __TI_prof_data_start                 
ffffffff  __binit__                            
ffffffff  binit                                
UNDEFED   __mpu_init                           
UNDEFED   _system_post_cinit                   

[121 symbols]
