******************************************************************************
            TI ARM Clang Linker PC v4.0.3                      
******************************************************************************
>> Linked Thu Jul 31 09:04:51 2025

OUTPUT FILE NAME:   <empty_LP_MSPM0G3507_nortos_ticlang.out>
ENTRY POINT SYMBOL: "_c_int00_noargs"  address: 00000ded


MEMORY CONFIGURATION

         name            origin    length      used     unused   attr    fill
----------------------  --------  ---------  --------  --------  ----  --------
  FLASH                 00000000   00020000  000013d8  0001ec28  R  X
  SRAM                  20200000   00008000  000003f4  00007c0c  RW X
  BCR_CONFIG            41c00000   000000ff  00000000  000000ff  R   
  BSL_CONFIG            41c00100   00000080  00000000  00000080  R   


SEGMENT ALLOCATION MAP

run origin  load origin   length   init length attrs members
----------  ----------- ---------- ----------- ----- -------
00000000    00000000    000013d8   000013d8    r-x
  00000000    00000000    000000c0   000000c0    r-- .intvecs
  000000c0    000000c0    00001290   00001290    r-x .text
  00001350    00001350    00000058   00000058    r-- .rodata
  000013a8    000013a8    00000030   00000030    r-- .cinit
20200000    20200000    000001f4   00000000    rw-
  20200000    20200000    000001e0   00000000    rw- .bss
  202001e0    202001e0    00000014   00000000    rw- .data
20207e00    20207e00    00000200   00000000    rw-
  20207e00    20207e00    00000200   00000000    rw- .stack


SECTION ALLOCATION MAP

 output                                  attributes/
section   page    origin      length       input sections
--------  ----  ----------  ----------   ----------------
.intvecs   0    00000000    000000c0     
                  00000000    000000c0     startup_mspm0g350x_ticlang.o (.intvecs)

.text      0    000000c0    00001290     
                  000000c0    000001bc     uart.o (.text.UART1_IRQHandler)
                  0000027c    00000164     ti_msp_dl_config.o (.text.SYSCFG_DL_GPIO_init)
                  000003e0    00000104     driverlib.a : dl_timer.o (.text.DL_Timer_initFourCCPWMMode)
                  000004e4    000000e8                 : dl_timer.o (.text.DL_Timer_initTimerMode)
                  000005cc    000000dc                 : dl_sysctl_mspm0g1x0x_g3x0x.o (.text.DL_SYSCTL_configSYSPLL)
                  000006a8    000000dc     encoder.o (.text.GROUP1_IRQHandler)
                  00000784    000000ac     empty.o (.text.main)
                  00000830    00000094     motor.o (.text.Motor_SetSpeed)
                  000008c4    00000090     ti_msp_dl_config.o (.text.SYSCFG_DL_PWM_ENCODER_init)
                  00000954    00000084     ti_msp_dl_config.o (.text.__NVIC_SetPriority)
                  000009d8    0000007c     libc.a : copy_decompress_lzss.c.obj (.text:decompress:lzss)
                  00000a54    00000068     ti_msp_dl_config.o (.text.SYSCFG_DL_initPower)
                  00000abc    0000004c     ti_msp_dl_config.o (.text.DL_UART_setBaudRateDivisor)
                  00000b08    00000048     driverlib.a : dl_uart.o (.text.DL_UART_init)
                  00000b50    00000048     ti_msp_dl_config.o (.text.SYSCFG_DL_SYSCTL_init)
                  00000b98    00000048     ti_msp_dl_config.o (.text.SYSCFG_DL_UART_OPENCV_init)
                  00000be0    00000044     driverlib.a : dl_sysctl_mspm0g1x0x_g3x0x.o (.text.DL_SYSCTL_switchMCLKfromSYSOSCtoHSCLK)
                  00000c24    0000003c     ti_msp_dl_config.o (.text.DL_Timer_setCounterControl)
                  00000c60    0000003c     ti_msp_dl_config.o (.text.SYSCFG_DL_TIMER_LOGIC_init)
                  00000c9c    0000003c     libc.a : autoinit.c.obj (.text:__TI_auto_init_nobinit_nopinit)
                  00000cd8    00000034     ti_msp_dl_config.o (.text.DL_GPIO_initDigitalInputFeatures)
                  00000d0c    00000030     ti_msp_dl_config.o (.text.DL_GPIO_initDigitalOutputFeatures)
                  00000d3c    00000030     ti_msp_dl_config.o (.text.SYSCFG_DL_init)
                  00000d6c    0000002c     empty.o (.text.__NVIC_ClearPendingIRQ)
                  00000d98    0000002c     empty.o (.text.__NVIC_EnableIRQ)
                  00000dc4    00000028     ti_msp_dl_config.o (.text.DL_Common_updateReg)
                  00000dec    00000028     libc.a : boot_cortex_m.c.obj (.text:_c_int00_noargs)
                  00000e14    00000022     pid.o (.text.set_p_i_d)
                  00000e36    00000002     --HOLE-- [fill = 0]
                  00000e38    00000020     ti_msp_dl_config.o (.text.DL_GPIO_initPeripheralInputFunction)
                  00000e58    00000020     ti_msp_dl_config.o (.text.DL_SYSCTL_setFlashWaitState)
                  00000e78    00000020     control_logic.o (.text.TIMA1_IRQHandler)
                  00000e98    0000001e     ti_msp_dl_config.o (.text.DL_UART_setOversampling)
                  00000eb6    00000002     --HOLE-- [fill = 0]
                  00000eb8    0000001c     encoder.o (.text.DL_GPIO_clearInterruptStatus)
                  00000ed4    0000001c     ti_msp_dl_config.o (.text.DL_GPIO_clearInterruptStatus)
                  00000ef0    0000001c     ti_msp_dl_config.o (.text.DL_GPIO_enableInterrupt)
                  00000f0c    0000001c     ti_msp_dl_config.o (.text.DL_GPIO_initPeripheralOutputFunction)
                  00000f28    0000001c     ti_msp_dl_config.o (.text.DL_GPIO_setLowerPinsPolarity)
                  00000f44    0000001c     ti_msp_dl_config.o (.text.DL_SYSCTL_setSYSOSCFreq)
                  00000f60    0000001c     ti_msp_dl_config.o (.text.DL_SYSCTL_setULPCLKDivider)
                  00000f7c    0000001c     empty.o (.text.DL_Timer_enableInterrupt)
                  00000f98    0000001c     ti_msp_dl_config.o (.text.DL_Timer_enableInterrupt)
                  00000fb4    0000001c     driverlib.a : dl_timer.o (.text.DL_Timer_setCaptCompUpdateMethod)
                  00000fd0    0000001c                 : dl_timer.o (.text.DL_Timer_setClockConfig)
                  00000fec    0000001c     ti_msp_dl_config.o (.text.DL_UART_enableInterrupt)
                  00001008    00000018     ti_msp_dl_config.o (.text.DL_GPIO_enableOutput)
                  00001020    00000018     ti_msp_dl_config.o (.text.DL_GPIO_enablePower)
                  00001038    00000018     encoder.o (.text.DL_GPIO_getEnabledInterruptStatus)
                  00001050    00000018     ti_msp_dl_config.o (.text.DL_GPIO_initDigitalOutput)
                  00001068    00000018     ti_msp_dl_config.o (.text.DL_GPIO_reset)
                  00001080    00000018     empty.o (.text.DL_GPIO_setPins)
                  00001098    00000018     ti_msp_dl_config.o (.text.DL_GPIO_setUpperPinsPolarity)
                  000010b0    00000018     ti_msp_dl_config.o (.text.DL_SYSCTL_setBORThreshold)
                  000010c8    00000018     control_logic.o (.text.DL_Timer_clearInterruptStatus)
                  000010e0    00000018     ti_msp_dl_config.o (.text.DL_Timer_enablePower)
                  000010f8    00000018     ti_msp_dl_config.o (.text.DL_Timer_reset)
                  00001110    00000018     driverlib.a : dl_timer.o (.text.DL_Timer_setCaptureCompareOutCtl)
                  00001128    00000018     motor.o (.text.DL_Timer_startCounter)
                  00001140    00000018     motor.o (.text.DL_Timer_stopCounter)
                  00001158    00000018     ti_msp_dl_config.o (.text.DL_UART_enablePower)
                  00001170    00000018     ti_msp_dl_config.o (.text.DL_UART_reset)
                  00001188    00000016     encoder.o (.text.DL_GPIO_readPins)
                  0000119e    00000016     ti_msp_dl_config.o (.text.DL_UART_enable)
                  000011b4    00000016     libc.a : copy_zero_init.c.obj (.text:decompress:ZI:__TI_zero_init_nomemset)
                  000011ca    00000014     empty.o (.text.DL_GPIO_clearPins)
                  000011de    00000014     ti_msp_dl_config.o (.text.DL_GPIO_clearPins)
                  000011f2    00000002     --HOLE-- [fill = 0]
                  000011f4    00000014     ti_msp_dl_config.o (.text.DL_SYSCTL_disableSYSPLL)
                  00001208    00000014     ti_msp_dl_config.o (.text.DL_Timer_enableClock)
                  0000121c    00000014     ti_msp_dl_config.o (.text.DL_Timer_setCCPDirection)
                  00001230    00000014     uart.o (.text.DL_UART_receiveData)
                  00001244    00000012     control_logic.o (.text.DL_Timer_getPendingInterrupt)
                  00001256    00000012     uart.o (.text.DL_UART_getPendingInterrupt)
                  00001268    00000012     driverlib.a : dl_uart.o (.text.DL_UART_setClockConfig)
                  0000127a    00000012     libc.a : memcpy16.S.obj (.text:TI_memcpy_small)
                  0000128c    00000012            : copy_decompress_none.c.obj (.text:decompress:none)
                  0000129e    00000002     --HOLE-- [fill = 0]
                  000012a0    00000010     ti_msp_dl_config.o (.text.DL_SYSCTL_disableHFXT)
                  000012b0    00000010     driverlib.a : dl_timer.o (.text.DL_Timer_setCaptureCompareValue)
                  000012c0    0000000a                 : dl_common.o (.text.DL_Common_delayCycles)
                  000012ca    00000002     --HOLE-- [fill = 0]
                  000012cc    00000008     libclang_rt.builtins.a : aeabi_memcpy.S.obj (.text.__aeabi_memcpy)
                  000012d4    00000006     libc.a : exit.c.obj (.text:abort)
                  000012da    00000004     control_logic.o (.text.ADC0_IRQHandler)
                  000012de    00000004     control_logic.o (.text.ADC1_IRQHandler)
                  000012e2    00000004     control_logic.o (.text.AES_IRQHandler)
                  000012e6    00000004     control_logic.o (.text.CANFD0_IRQHandler)
                  000012ea    00000004     control_logic.o (.text.DAC0_IRQHandler)
                  000012ee    00000004     control_logic.o (.text.DMA_IRQHandler)
                  000012f2    00000004     startup_mspm0g350x_ticlang.o (.text.Default_Handler)
                  000012f6    00000004     control_logic.o (.text.GROUP0_IRQHandler)
                  000012fa    00000004     libsysbm.a : hostexit.c.obj (.text.HOSTexit)
                  000012fe    00000004     control_logic.o (.text.HardFault_Handler)
                  00001302    00000004     control_logic.o (.text.I2C0_IRQHandler)
                  00001306    00000004     control_logic.o (.text.I2C1_IRQHandler)
                  0000130a    00000004     control_logic.o (.text.NMI_Handler)
                  0000130e    00000004     control_logic.o (.text.PendSV_Handler)
                  00001312    00000004     control_logic.o (.text.RTC_IRQHandler)
                  00001316    00000004     startup_mspm0g350x_ticlang.o (.text.Reset_Handler)
                  0000131a    00000004     control_logic.o (.text.SPI0_IRQHandler)
                  0000131e    00000004     control_logic.o (.text.SPI1_IRQHandler)
                  00001322    00000004     control_logic.o (.text.SVC_Handler)
                  00001326    00000004     control_logic.o (.text.SysTick_Handler)
                  0000132a    00000004     control_logic.o (.text.TIMG0_IRQHandler)
                  0000132e    00000004     control_logic.o (.text.TIMG12_IRQHandler)
                  00001332    00000004     control_logic.o (.text.TIMG6_IRQHandler)
                  00001336    00000004     control_logic.o (.text.TIMG7_IRQHandler)
                  0000133a    00000004     control_logic.o (.text.TIMG8_IRQHandler)
                  0000133e    00000004     control_logic.o (.text.UART0_IRQHandler)
                  00001342    00000004     control_logic.o (.text.UART2_IRQHandler)
                  00001346    00000004     control_logic.o (.text.UART3_IRQHandler)
                  0000134a    00000004     libc.a : pre_init.c.obj (.text._system_pre_init)
                  0000134e    00000002     --HOLE-- [fill = 0]

.cinit     0    000013a8    00000030     
                  000013a8    0000000c     (__TI_handler_table)
                  000013b4    00000008     (.cinit..bss.load) [load image, compression = zero_init]
                  000013bc    00000008     (.cinit..data.load) [load image, compression = lzss]
                  000013c4    00000010     (__TI_cinit_table)
                  000013d4    00000004     --HOLE-- [fill = 0]

.rodata    0    00001350    00000058     
                  00001350    00000028     ti_msp_dl_config.o (.rodata.gSYSPLLConfig)
                  00001378    00000014     ti_msp_dl_config.o (.rodata.gTIMER_LOGICTimerConfig)
                  0000138c    0000000a     ti_msp_dl_config.o (.rodata.gUART_OPENCVConfig)
                  00001396    00000002     ti_msp_dl_config.o (.rodata.gUART_OPENCVClockConfig)
                  00001398    00000008     ti_msp_dl_config.o (.rodata.gPWM_ENCODERConfig)
                  000013a0    00000003     ti_msp_dl_config.o (.rodata.gPWM_ENCODERClockConfig)
                  000013a3    00000003     ti_msp_dl_config.o (.rodata.gTIMER_LOGICClockConfig)
                  000013a6    00000002     --HOLE-- [fill = 0]

.init_array 
*          0    00000000    00000000     UNINITIALIZED

.binit     0    00000000    00000000     

.bss       0    20200000    000001e0     UNINITIALIZED
                  20200000    000000bc     (.common:gPWM_ENCODERBackup)
                  202000bc    000000bc     (.common:gTIMER_LOGICBackup)
                  20200178    00000020     (.common:pid_speedX)
                  20200198    00000020     (.common:pid_speedY)
                  202001b8    00000010     (.common:left_motor_encoder)
                  202001c8    00000010     (.common:right_motor_encoder)
                  202001d8    00000004     encoder.o (.bss.gpio_interrup)
                  202001dc    00000002     motor.o (.bss.Motor_SetSpeed.speed1_out)
                  202001de    00000002     motor.o (.bss.Motor_SetSpeed.speed2_out)

.data      0    202001e0    00000014     UNINITIALIZED
                  202001e0    00000004     encoder.o (.data.x_pulse)
                  202001e4    00000004     encoder.o (.data.y_pulse)
                  202001e8    00000002     uart.o (.data.cx)
                  202001ea    00000002     uart.o (.data.cy)
                  202001ec    00000002     uart.o (.data.rx_x)
                  202001ee    00000002     uart.o (.data.rx_y)
                  202001f0    00000001     uart.o (.data.receive_state)
                  202001f1    00000001     uart.o (.data.rx_num)
                  202001f2    00000001     uart.o (.data.x_negative)
                  202001f3    00000001     uart.o (.data.y_negative)

.stack     0    20207e00    00000200     UNINITIALIZED
                  20207e00    00000004     libc.a : boot_cortex_m.c.obj (.stack)
                  20207e04    000001fc     --HOLE--

__llvm_prf_cnts 
*          0    20200000    00000000     UNINITIALIZED

__llvm_prf_bits 
*          0    20200000    00000000     UNINITIALIZED

MODULE SUMMARY

       Module                         code   ro data   rw data
       ------                         ----   -------   -------
    .\
       ti_msp_dl_config.o             1940   86        376    
       empty.o                        332    0         0      
       startup_mspm0g350x_ticlang.o   8      192       0      
    +--+------------------------------+------+---------+---------+
       Total:                         2280   278       376    
                                                              
    .\User\
       uart.o                         482    0         12     
       encoder.o                      294    0         44     
       motor.o                        196    0         4      
       control_logic.o                174    0         0      
       pid.o                          34     0         64     
    +--+------------------------------+------+---------+---------+
       Total:                         1180   0         124    
                                                              
    C:/ti/mspm0_sdk_2_05_01_00/source/ti/driverlib/lib/ticlang/m0p/mspm0g1x0x_g3x0x/driverlib.a
       dl_timer.o                     588    0         0      
       dl_sysctl_mspm0g1x0x_g3x0x.o   288    0         0      
       dl_uart.o                      90     0         0      
       dl_common.o                    10     0         0      
    +--+------------------------------+------+---------+---------+
       Total:                         976    0         0      
                                                              
    C:\ti\ccs2020\ccs\tools\compiler\ti-cgt-armllvm_4.0.3.LTS\lib\armv6m-ti-none-eabi/c/libc.a
       copy_decompress_lzss.c.obj     124    0         0      
       autoinit.c.obj                 60     0         0      
       boot_cortex_m.c.obj            40     0         0      
       copy_zero_init.c.obj           22     0         0      
       copy_decompress_none.c.obj     18     0         0      
       memcpy16.S.obj                 18     0         0      
       exit.c.obj                     6      0         0      
       pre_init.c.obj                 4      0         0      
    +--+------------------------------+------+---------+---------+
       Total:                         292    0         0      
                                                              
    C:\ti\ccs2020\ccs\tools\compiler\ti-cgt-armllvm_4.0.3.LTS\lib\armv6m-ti-none-eabi/c/libsysbm.a
       hostexit.c.obj                 4      0         0      
    +--+------------------------------+------+---------+---------+
       Total:                         4      0         0      
                                                              
    C:\ti\ccs2020\ccs\tools\compiler\ti-cgt-armllvm_4.0.3.LTS\lib\armv6m-ti-none-eabi/libclang_rt.builtins.a
       aeabi_memcpy.S.obj             8      0         0      
    +--+------------------------------+------+---------+---------+
       Total:                         8      0         0      
                                                              
       Stack:                         0      0         512    
       Linker Generated:              0      44        0      
    +--+------------------------------+------+---------+---------+
       Grand Total:                   4740   322       1012   


LINKER GENERATED COPY TABLES

__TI_cinit_table @ 000013c4 records: 2, size/record: 8, table size: 16
	.bss: load addr=000013b4, load size=00000008 bytes, run addr=20200000, run size=000001e0 bytes, compression=zero_init
	.data: load addr=000013bc, load size=00000008 bytes, run addr=202001e0, run size=00000014 bytes, compression=lzss


LINKER GENERATED HANDLER TABLE

__TI_handler_table @ 000013a8 records: 3, size/record: 4, table size: 12
	index: 0, handler: __TI_decompress_lzss
	index: 1, handler: __TI_decompress_none
	index: 2, handler: __TI_zero_init


GLOBAL SYMBOLS: SORTED ALPHABETICALLY BY Name 

address   name                                 
-------   ----                                 
000012db  ADC0_IRQHandler                      
000012df  ADC1_IRQHandler                      
000012e3  AES_IRQHandler                       
000012fa  C$$EXIT                              
000012e7  CANFD0_IRQHandler                    
000012eb  DAC0_IRQHandler                      
000012c1  DL_Common_delayCycles                
000005cd  DL_SYSCTL_configSYSPLL               
00000be1  DL_SYSCTL_switchMCLKfromSYSOSCtoHSCLK
000003e1  DL_Timer_initFourCCPWMMode           
000004e5  DL_Timer_initTimerMode               
00000fb5  DL_Timer_setCaptCompUpdateMethod     
00001111  DL_Timer_setCaptureCompareOutCtl     
000012b1  DL_Timer_setCaptureCompareValue      
00000fd1  DL_Timer_setClockConfig              
00000b09  DL_UART_init                         
00001269  DL_UART_setClockConfig               
000012ef  DMA_IRQHandler                       
000012f3  Default_Handler                      
000012f7  GROUP0_IRQHandler                    
000006a9  GROUP1_IRQHandler                    
000012fb  HOSTexit                             
000012ff  HardFault_Handler                    
00001303  I2C0_IRQHandler                      
00001307  I2C1_IRQHandler                      
00000831  Motor_SetSpeed                       
0000130b  NMI_Handler                          
0000130f  PendSV_Handler                       
00001313  RTC_IRQHandler                       
00001317  Reset_Handler                        
0000131b  SPI0_IRQHandler                      
0000131f  SPI1_IRQHandler                      
00001323  SVC_Handler                          
0000027d  SYSCFG_DL_GPIO_init                  
000008c5  SYSCFG_DL_PWM_ENCODER_init           
00000b51  SYSCFG_DL_SYSCTL_init                
00000c61  SYSCFG_DL_TIMER_LOGIC_init           
00000b99  SYSCFG_DL_UART_OPENCV_init           
00000d3d  SYSCFG_DL_init                       
00000a55  SYSCFG_DL_initPower                  
00001327  SysTick_Handler                      
000012f3  TIMA0_IRQHandler                     
00000e79  TIMA1_IRQHandler                     
0000132b  TIMG0_IRQHandler                     
0000132f  TIMG12_IRQHandler                    
00001333  TIMG6_IRQHandler                     
00001337  TIMG7_IRQHandler                     
0000133b  TIMG8_IRQHandler                     
0000127b  TI_memcpy_small                      
0000133f  UART0_IRQHandler                     
000000c1  UART1_IRQHandler                     
00001343  UART2_IRQHandler                     
00001347  UART3_IRQHandler                     
20208000  __STACK_END                          
00000200  __STACK_SIZE                         
00000000  __TI_ATRegion0_region_sz             
00000000  __TI_ATRegion0_src_addr              
00000000  __TI_ATRegion0_trg_addr              
00000000  __TI_ATRegion1_region_sz             
00000000  __TI_ATRegion1_src_addr              
00000000  __TI_ATRegion1_trg_addr              
00000000  __TI_ATRegion2_region_sz             
00000000  __TI_ATRegion2_src_addr              
00000000  __TI_ATRegion2_trg_addr              
000013c4  __TI_CINIT_Base                      
000013d4  __TI_CINIT_Limit                     
000013d4  __TI_CINIT_Warm                      
000013a8  __TI_Handler_Table_Base              
000013b4  __TI_Handler_Table_Limit             
00000c9d  __TI_auto_init_nobinit_nopinit       
000009d9  __TI_decompress_lzss                 
0000128d  __TI_decompress_none                 
ffffffff  __TI_pprof_out_hndl                  
ffffffff  __TI_prof_data_size                  
ffffffff  __TI_prof_data_start                 
00000000  __TI_static_base__                   
000011b5  __TI_zero_init_nomemset              
000012cd  __aeabi_memcpy                       
000012cd  __aeabi_memcpy4                      
000012cd  __aeabi_memcpy8                      
ffffffff  __binit__                            
UNDEFED   __mpu_init                           
20207e00  __stack                              
20200000  __start___llvm_prf_bits              
20200000  __start___llvm_prf_cnts              
20200000  __stop___llvm_prf_bits               
20200000  __stop___llvm_prf_cnts               
00000ded  _c_int00_noargs                      
UNDEFED   _system_post_cinit                   
0000134b  _system_pre_init                     
000012d5  abort                                
ffffffff  binit                                
202001e8  cx                                   
202001ea  cy                                   
20200000  gPWM_ENCODERBackup                   
202000bc  gTIMER_LOGICBackup                   
00000000  interruptVectors                     
202001b8  left_motor_encoder                   
00000785  main                                 
20200178  pid_speedX                           
20200198  pid_speedY                           
202001c8  right_motor_encoder                  
00000e15  set_p_i_d                            
202001e0  x_pulse                              
202001e4  y_pulse                              


GLOBAL SYMBOLS: SORTED BY Symbol Address 

address   name                                 
-------   ----                                 
00000000  __TI_ATRegion0_region_sz             
00000000  __TI_ATRegion0_src_addr              
00000000  __TI_ATRegion0_trg_addr              
00000000  __TI_ATRegion1_region_sz             
00000000  __TI_ATRegion1_src_addr              
00000000  __TI_ATRegion1_trg_addr              
00000000  __TI_ATRegion2_region_sz             
00000000  __TI_ATRegion2_src_addr              
00000000  __TI_ATRegion2_trg_addr              
00000000  __TI_static_base__                   
00000000  interruptVectors                     
000000c1  UART1_IRQHandler                     
00000200  __STACK_SIZE                         
0000027d  SYSCFG_DL_GPIO_init                  
000003e1  DL_Timer_initFourCCPWMMode           
000004e5  DL_Timer_initTimerMode               
000005cd  DL_SYSCTL_configSYSPLL               
000006a9  GROUP1_IRQHandler                    
00000785  main                                 
00000831  Motor_SetSpeed                       
000008c5  SYSCFG_DL_PWM_ENCODER_init           
000009d9  __TI_decompress_lzss                 
00000a55  SYSCFG_DL_initPower                  
00000b09  DL_UART_init                         
00000b51  SYSCFG_DL_SYSCTL_init                
00000b99  SYSCFG_DL_UART_OPENCV_init           
00000be1  DL_SYSCTL_switchMCLKfromSYSOSCtoHSCLK
00000c61  SYSCFG_DL_TIMER_LOGIC_init           
00000c9d  __TI_auto_init_nobinit_nopinit       
00000d3d  SYSCFG_DL_init                       
00000ded  _c_int00_noargs                      
00000e15  set_p_i_d                            
00000e79  TIMA1_IRQHandler                     
00000fb5  DL_Timer_setCaptCompUpdateMethod     
00000fd1  DL_Timer_setClockConfig              
00001111  DL_Timer_setCaptureCompareOutCtl     
000011b5  __TI_zero_init_nomemset              
00001269  DL_UART_setClockConfig               
0000127b  TI_memcpy_small                      
0000128d  __TI_decompress_none                 
000012b1  DL_Timer_setCaptureCompareValue      
000012c1  DL_Common_delayCycles                
000012cd  __aeabi_memcpy                       
000012cd  __aeabi_memcpy4                      
000012cd  __aeabi_memcpy8                      
000012d5  abort                                
000012db  ADC0_IRQHandler                      
000012df  ADC1_IRQHandler                      
000012e3  AES_IRQHandler                       
000012e7  CANFD0_IRQHandler                    
000012eb  DAC0_IRQHandler                      
000012ef  DMA_IRQHandler                       
000012f3  Default_Handler                      
000012f3  TIMA0_IRQHandler                     
000012f7  GROUP0_IRQHandler                    
000012fa  C$$EXIT                              
000012fb  HOSTexit                             
000012ff  HardFault_Handler                    
00001303  I2C0_IRQHandler                      
00001307  I2C1_IRQHandler                      
0000130b  NMI_Handler                          
0000130f  PendSV_Handler                       
00001313  RTC_IRQHandler                       
00001317  Reset_Handler                        
0000131b  SPI0_IRQHandler                      
0000131f  SPI1_IRQHandler                      
00001323  SVC_Handler                          
00001327  SysTick_Handler                      
0000132b  TIMG0_IRQHandler                     
0000132f  TIMG12_IRQHandler                    
00001333  TIMG6_IRQHandler                     
00001337  TIMG7_IRQHandler                     
0000133b  TIMG8_IRQHandler                     
0000133f  UART0_IRQHandler                     
00001343  UART2_IRQHandler                     
00001347  UART3_IRQHandler                     
0000134b  _system_pre_init                     
000013a8  __TI_Handler_Table_Base              
000013b4  __TI_Handler_Table_Limit             
000013c4  __TI_CINIT_Base                      
000013d4  __TI_CINIT_Limit                     
000013d4  __TI_CINIT_Warm                      
20200000  __start___llvm_prf_bits              
20200000  __start___llvm_prf_cnts              
20200000  __stop___llvm_prf_bits               
20200000  __stop___llvm_prf_cnts               
20200000  gPWM_ENCODERBackup                   
202000bc  gTIMER_LOGICBackup                   
20200178  pid_speedX                           
20200198  pid_speedY                           
202001b8  left_motor_encoder                   
202001c8  right_motor_encoder                  
202001e0  x_pulse                              
202001e4  y_pulse                              
202001e8  cx                                   
202001ea  cy                                   
20207e00  __stack                              
20208000  __STACK_END                          
ffffffff  __TI_pprof_out_hndl                  
ffffffff  __TI_prof_data_size                  
ffffffff  __TI_prof_data_start                 
ffffffff  __binit__                            
ffffffff  binit                                
UNDEFED   __mpu_init                           
UNDEFED   _system_post_cinit                   

[105 symbols]
