******************************************************************************
            TI ARM Clang Linker PC v4.0.3                      
******************************************************************************
>> Linked Thu Jul 31 20:37:46 2025

OUTPUT FILE NAME:   <empty_LP_MSPM0G3507_nortos_ticlang.out>
ENTRY POINT SYMBOL: "_c_int00_noargs"  address: 00000fe5


MEMORY CONFIGURATION

         name            origin    length      used     unused   attr    fill
----------------------  --------  ---------  --------  --------  ----  --------
  FLASH                 00000000   00020000  00001648  0001e9b8  R  X
  SRAM                  20200000   00008000  0000040f  00007bf1  RW X
  BCR_CONFIG            41c00000   000000ff  00000000  000000ff  R   
  BSL_CONFIG            41c00100   00000080  00000000  00000080  R   


SEGMENT ALLOCATION MAP

run origin  load origin   length   init length attrs members
----------  ----------- ---------- ----------- ----- -------
00000000    00000000    00001648   00001648    r-x
  00000000    00000000    000000c0   000000c0    r-- .intvecs
  000000c0    000000c0    000014d0   000014d0    r-x .text
  00001590    00001590    00000088   00000088    r-- .rodata
  00001618    00001618    00000030   00000030    r-- .cinit
20200000    20200000    0000020f   00000000    rw-
  20200000    20200000    00000208   00000000    rw- .bss
  20200208    20200208    00000007   00000000    rw- .data
20207e00    20207e00    00000200   00000000    rw-
  20207e00    20207e00    00000200   00000000    rw- .stack


SECTION ALLOCATION MAP

 output                                  attributes/
section   page    origin      length       input sections
--------  ----  ----------  ----------   ----------------
.intvecs   0    00000000    000000c0     
                  00000000    000000c0     startup_mspm0g350x_ticlang.o (.intvecs)

.text      0    000000c0    000014d0     
                  000000c0    000001e0     ti_msp_dl_config.o (.text.SYSCFG_DL_GPIO_init)
                  000002a0    000001b8     encoder.o (.text.GROUP1_IRQHandler)
                  00000458    00000104     driverlib.a : dl_timer.o (.text.DL_Timer_initFourCCPWMMode)
                  0000055c    000000e8                 : dl_timer.o (.text.DL_Timer_initTimerMode)
                  00000644    000000dc                 : dl_sysctl_mspm0g1x0x_g3x0x.o (.text.DL_SYSCTL_configSYSPLL)
                  00000720    000000dc     uart.o (.text.UART1_IRQHandler)
                  000007fc    000000cc     empty.o (.text.main)
                  000008c8    000000a0     ti_msp_dl_config.o (.text.SYSCFG_DL_initPower)
                  00000968    00000094     motor.o (.text.Motor_SetSpeed)
                  000009fc    00000090     ti_msp_dl_config.o (.text.SYSCFG_DL_PWM_ENCODER_init)
                  00000a8c    00000084     ti_msp_dl_config.o (.text.__NVIC_SetPriority)
                  00000b10    0000007c     libc.a : copy_decompress_lzss.c.obj (.text:decompress:lzss)
                  00000b8c    0000005c     control_logic.o (.text.TIMG0_IRQHandler)
                  00000be8    0000004c     ti_msp_dl_config.o (.text.DL_UART_setBaudRateDivisor)
                  00000c34    00000048     driverlib.a : dl_uart.o (.text.DL_UART_init)
                  00000c7c    00000048     ti_msp_dl_config.o (.text.SYSCFG_DL_SYSCTL_init)
                  00000cc4    00000048     ti_msp_dl_config.o (.text.SYSCFG_DL_UART_TJC_init)
                  00000d0c    00000048     ti_msp_dl_config.o (.text.SYSCFG_DL_init)
                  00000d54    00000044     driverlib.a : dl_sysctl_mspm0g1x0x_g3x0x.o (.text.DL_SYSCTL_switchMCLKfromSYSOSCtoHSCLK)
                  00000d98    00000040     ti_msp_dl_config.o (.text.SYSCFG_DL_UART_CV_init)
                  00000dd8    00000040     ti_msp_dl_config.o (.text.SYSCFG_DL_UART_STM_init)
                  00000e18    0000003c     ti_msp_dl_config.o (.text.DL_Timer_setCounterControl)
                  00000e54    0000003c     ti_msp_dl_config.o (.text.SYSCFG_DL_TIMER_LOGIC_init)
                  00000e90    0000003c     libc.a : autoinit.c.obj (.text:__TI_auto_init_nobinit_nopinit)
                  00000ecc    00000034     ti_msp_dl_config.o (.text.DL_GPIO_initDigitalInputFeatures)
                  00000f00    00000034     ti_msp_dl_config.o (.text.SYSCFG_DL_TIMER_BUTTON_init)
                  00000f34    00000030     ti_msp_dl_config.o (.text.DL_GPIO_initDigitalOutputFeatures)
                  00000f64    0000002c     empty.o (.text.__NVIC_ClearPendingIRQ)
                  00000f90    0000002c     empty.o (.text.__NVIC_EnableIRQ)
                  00000fbc    00000028     ti_msp_dl_config.o (.text.DL_Common_updateReg)
                  00000fe4    00000028     libc.a : boot_cortex_m.c.obj (.text:_c_int00_noargs)
                  0000100c    00000022     pid.o (.text.set_p_i_d)
                  0000102e    00000002     --HOLE-- [fill = 0]
                  00001030    00000020     ti_msp_dl_config.o (.text.DL_GPIO_initPeripheralInputFunction)
                  00001050    00000020     ti_msp_dl_config.o (.text.DL_SYSCTL_setFlashWaitState)
                  00001070    00000020     control_logic.o (.text.TIMA1_IRQHandler)
                  00001090    0000001e     ti_msp_dl_config.o (.text.DL_UART_setOversampling)
                  000010ae    00000002     --HOLE-- [fill = 0]
                  000010b0    0000001c     encoder.o (.text.DL_GPIO_clearInterruptStatus)
                  000010cc    0000001c     ti_msp_dl_config.o (.text.DL_GPIO_clearInterruptStatus)
                  000010e8    0000001c     ti_msp_dl_config.o (.text.DL_GPIO_enableInterrupt)
                  00001104    0000001c     ti_msp_dl_config.o (.text.DL_GPIO_initPeripheralOutputFunction)
                  00001120    0000001c     ti_msp_dl_config.o (.text.DL_GPIO_setLowerPinsPolarity)
                  0000113c    0000001c     ti_msp_dl_config.o (.text.DL_SYSCTL_setSYSOSCFreq)
                  00001158    0000001c     ti_msp_dl_config.o (.text.DL_SYSCTL_setULPCLKDivider)
                  00001174    0000001c     empty.o (.text.DL_Timer_enableInterrupt)
                  00001190    0000001c     ti_msp_dl_config.o (.text.DL_Timer_enableInterrupt)
                  000011ac    0000001c     driverlib.a : dl_timer.o (.text.DL_Timer_setCaptCompUpdateMethod)
                  000011c8    0000001c                 : dl_timer.o (.text.DL_Timer_setClockConfig)
                  000011e4    0000001c     ti_msp_dl_config.o (.text.DL_UART_enableInterrupt)
                  00001200    00000018     ti_msp_dl_config.o (.text.DL_GPIO_enableOutput)
                  00001218    00000018     ti_msp_dl_config.o (.text.DL_GPIO_enablePower)
                  00001230    00000018     encoder.o (.text.DL_GPIO_getEnabledInterruptStatus)
                  00001248    00000018     ti_msp_dl_config.o (.text.DL_GPIO_initDigitalOutput)
                  00001260    00000018     ti_msp_dl_config.o (.text.DL_GPIO_reset)
                  00001278    00000018     empty.o (.text.DL_GPIO_setPins)
                  00001290    00000018     ti_msp_dl_config.o (.text.DL_GPIO_setUpperPinsPolarity)
                  000012a8    00000018     ti_msp_dl_config.o (.text.DL_SYSCTL_setBORThreshold)
                  000012c0    00000018     control_logic.o (.text.DL_Timer_clearInterruptStatus)
                  000012d8    00000018     ti_msp_dl_config.o (.text.DL_Timer_enablePower)
                  000012f0    00000018     ti_msp_dl_config.o (.text.DL_Timer_reset)
                  00001308    00000018     driverlib.a : dl_timer.o (.text.DL_Timer_setCaptureCompareOutCtl)
                  00001320    00000018     encoder.o (.text.DL_Timer_startCounter)
                  00001338    00000018     motor.o (.text.DL_Timer_startCounter)
                  00001350    00000018     control_logic.o (.text.DL_Timer_stopCounter)
                  00001368    00000018     encoder.o (.text.DL_Timer_stopCounter)
                  00001380    00000018     motor.o (.text.DL_Timer_stopCounter)
                  00001398    00000018     ti_msp_dl_config.o (.text.DL_UART_enablePower)
                  000013b0    00000018     ti_msp_dl_config.o (.text.DL_UART_reset)
                  000013c8    00000016     encoder.o (.text.DL_GPIO_readPins)
                  000013de    00000016     ti_msp_dl_config.o (.text.DL_UART_enable)
                  000013f4    00000016     libc.a : copy_zero_init.c.obj (.text:decompress:ZI:__TI_zero_init_nomemset)
                  0000140a    00000014     empty.o (.text.DL_GPIO_clearPins)
                  0000141e    00000014     ti_msp_dl_config.o (.text.DL_GPIO_clearPins)
                  00001432    00000002     --HOLE-- [fill = 0]
                  00001434    00000014     ti_msp_dl_config.o (.text.DL_SYSCTL_disableSYSPLL)
                  00001448    00000014     ti_msp_dl_config.o (.text.DL_Timer_enableClock)
                  0000145c    00000014     ti_msp_dl_config.o (.text.DL_Timer_setCCPDirection)
                  00001470    00000014     uart.o (.text.DL_UART_receiveData)
                  00001484    00000012     control_logic.o (.text.DL_Timer_getPendingInterrupt)
                  00001496    00000012     uart.o (.text.DL_UART_getPendingInterrupt)
                  000014a8    00000012     driverlib.a : dl_uart.o (.text.DL_UART_setClockConfig)
                  000014ba    00000012     libc.a : memcpy16.S.obj (.text:TI_memcpy_small)
                  000014cc    00000012            : copy_decompress_none.c.obj (.text:decompress:none)
                  000014de    00000002     --HOLE-- [fill = 0]
                  000014e0    00000010     ti_msp_dl_config.o (.text.DL_SYSCTL_disableHFXT)
                  000014f0    00000010     driverlib.a : dl_timer.o (.text.DL_Timer_setCaptureCompareValue)
                  00001500    0000000a                 : dl_common.o (.text.DL_Common_delayCycles)
                  0000150a    00000002     --HOLE-- [fill = 0]
                  0000150c    00000008     libclang_rt.builtins.a : aeabi_memcpy.S.obj (.text.__aeabi_memcpy)
                  00001514    00000006     libc.a : exit.c.obj (.text:abort)
                  0000151a    00000004     control_logic.o (.text.ADC0_IRQHandler)
                  0000151e    00000004     control_logic.o (.text.ADC1_IRQHandler)
                  00001522    00000004     control_logic.o (.text.AES_IRQHandler)
                  00001526    00000004     control_logic.o (.text.CANFD0_IRQHandler)
                  0000152a    00000004     control_logic.o (.text.DAC0_IRQHandler)
                  0000152e    00000004     control_logic.o (.text.DMA_IRQHandler)
                  00001532    00000004     startup_mspm0g350x_ticlang.o (.text.Default_Handler)
                  00001536    00000004     control_logic.o (.text.GROUP0_IRQHandler)
                  0000153a    00000004     libsysbm.a : hostexit.c.obj (.text.HOSTexit)
                  0000153e    00000004     control_logic.o (.text.HardFault_Handler)
                  00001542    00000004     control_logic.o (.text.I2C0_IRQHandler)
                  00001546    00000004     control_logic.o (.text.I2C1_IRQHandler)
                  0000154a    00000004     control_logic.o (.text.NMI_Handler)
                  0000154e    00000004     control_logic.o (.text.PendSV_Handler)
                  00001552    00000004     control_logic.o (.text.RTC_IRQHandler)
                  00001556    00000004     startup_mspm0g350x_ticlang.o (.text.Reset_Handler)
                  0000155a    00000004     control_logic.o (.text.SPI0_IRQHandler)
                  0000155e    00000004     control_logic.o (.text.SPI1_IRQHandler)
                  00001562    00000004     control_logic.o (.text.SVC_Handler)
                  00001566    00000004     control_logic.o (.text.SysTick_Handler)
                  0000156a    00000004     control_logic.o (.text.TIMG12_IRQHandler)
                  0000156e    00000004     control_logic.o (.text.TIMG6_IRQHandler)
                  00001572    00000004     control_logic.o (.text.TIMG7_IRQHandler)
                  00001576    00000004     control_logic.o (.text.TIMG8_IRQHandler)
                  0000157a    00000004     control_logic.o (.text.UART0_IRQHandler)
                  0000157e    00000004     control_logic.o (.text.UART2_IRQHandler)
                  00001582    00000004     control_logic.o (.text.UART3_IRQHandler)
                  00001586    00000004     libc.a : pre_init.c.obj (.text._system_pre_init)
                  0000158a    00000006     --HOLE-- [fill = 0]

.cinit     0    00001618    00000030     
                  00001618    0000000c     (__TI_handler_table)
                  00001624    00000008     (.cinit..bss.load) [load image, compression = zero_init]
                  0000162c    00000007     (.cinit..data.load) [load image, compression = lzss]
                  00001633    00000001     --HOLE-- [fill = 0]
                  00001634    00000010     (__TI_cinit_table)
                  00001644    00000004     --HOLE-- [fill = 0]

.rodata    0    00001590    00000088     
                  00001590    00000028     ti_msp_dl_config.o (.rodata.gSYSPLLConfig)
                  000015b8    00000014     ti_msp_dl_config.o (.rodata.gTIMER_BUTTONTimerConfig)
                  000015cc    00000014     ti_msp_dl_config.o (.rodata.gTIMER_LOGICTimerConfig)
                  000015e0    0000000a     ti_msp_dl_config.o (.rodata.gUART_CVConfig)
                  000015ea    0000000a     ti_msp_dl_config.o (.rodata.gUART_STMConfig)
                  000015f4    0000000a     ti_msp_dl_config.o (.rodata.gUART_TJCConfig)
                  000015fe    00000002     ti_msp_dl_config.o (.rodata.gUART_CVClockConfig)
                  00001600    00000008     ti_msp_dl_config.o (.rodata.gPWM_ENCODERConfig)
                  00001608    00000003     ti_msp_dl_config.o (.rodata.gPWM_ENCODERClockConfig)
                  0000160b    00000003     ti_msp_dl_config.o (.rodata.gTIMER_BUTTONClockConfig)
                  0000160e    00000003     ti_msp_dl_config.o (.rodata.gTIMER_LOGICClockConfig)
                  00001611    00000002     ti_msp_dl_config.o (.rodata.gUART_STMClockConfig)
                  00001613    00000002     ti_msp_dl_config.o (.rodata.gUART_TJCClockConfig)
                  00001615    00000003     --HOLE-- [fill = 0]

.init_array 
*          0    00000000    00000000     UNINITIALIZED

.binit     0    00000000    00000000     

.bss       0    20200000    00000208     UNINITIALIZED
                  20200000    000000bc     (.common:gPWM_ENCODERBackup)
                  202000bc    000000bc     (.common:gTIMER_LOGICBackup)
                  20200178    00000030     (.common:gUART_STMBackup)
                  202001a8    00000024     (.common:pid_speedX)
                  202001cc    00000024     (.common:pid_speedY)
                  202001f0    00000004     (.common:Get_Encoder_countA)
                  202001f4    00000004     (.common:Get_Encoder_countB)
                  202001f8    00000004     (.common:gpio_interrup1)
                  202001fc    00000004     (.common:gpio_interrup2)
                  20200200    00000004     (.common:gpio_interrupt_key)
                  20200204    00000002     motor.o (.bss.Motor_SetSpeed.speed1_out)
                  20200206    00000002     motor.o (.bss.Motor_SetSpeed.speed2_out)

.data      0    20200208    00000007     UNINITIALIZED
                  20200208    00000004     encoder.o (.data.pressDurationMs)
                  2020020c    00000001     encoder.o (.data.buttonState)
                  2020020d    00000001     uart.o (.data.receive_state)
                  2020020e    00000001     uart.o (.data.received_number)

.stack     0    20207e00    00000200     UNINITIALIZED
                  20207e00    00000004     libc.a : boot_cortex_m.c.obj (.stack)
                  20207e04    000001fc     --HOLE--

__llvm_prf_cnts 
*          0    20200000    00000000     UNINITIALIZED

__llvm_prf_bits 
*          0    20200000    00000000     UNINITIALIZED

MODULE SUMMARY

       Module                         code   ro data   rw data
       ------                         ----   -------   -------
    .\
       ti_msp_dl_config.o             2324   133       424    
       empty.o                        364    0         0      
       startup_mspm0g350x_ticlang.o   8      192       0      
    +--+------------------------------+------+---------+---------+
       Total:                         2696   325       424    
                                                              
    .\User\
       encoder.o                      562    0         25     
       control_logic.o                286    0         0      
       uart.o                         258    0         2      
       motor.o                        196    0         4      
       pid.o                          34     0         72     
    +--+------------------------------+------+---------+---------+
       Total:                         1336   0         103    
                                                              
    C:/ti/mspm0_sdk_2_05_01_00/source/ti/driverlib/lib/ticlang/m0p/mspm0g1x0x_g3x0x/driverlib.a
       dl_timer.o                     588    0         0      
       dl_sysctl_mspm0g1x0x_g3x0x.o   288    0         0      
       dl_uart.o                      90     0         0      
       dl_common.o                    10     0         0      
    +--+------------------------------+------+---------+---------+
       Total:                         976    0         0      
                                                              
    C:\ti\ccs2020\ccs\tools\compiler\ti-cgt-armllvm_4.0.3.LTS\lib\armv6m-ti-none-eabi/c/libc.a
       copy_decompress_lzss.c.obj     124    0         0      
       autoinit.c.obj                 60     0         0      
       boot_cortex_m.c.obj            40     0         0      
       copy_zero_init.c.obj           22     0         0      
       copy_decompress_none.c.obj     18     0         0      
       memcpy16.S.obj                 18     0         0      
       exit.c.obj                     6      0         0      
       pre_init.c.obj                 4      0         0      
    +--+------------------------------+------+---------+---------+
       Total:                         292    0         0      
                                                              
    C:\ti\ccs2020\ccs\tools\compiler\ti-cgt-armllvm_4.0.3.LTS\lib\armv6m-ti-none-eabi/c/libsysbm.a
       hostexit.c.obj                 4      0         0      
    +--+------------------------------+------+---------+---------+
       Total:                         4      0         0      
                                                              
    C:\ti\ccs2020\ccs\tools\compiler\ti-cgt-armllvm_4.0.3.LTS\lib\armv6m-ti-none-eabi/libclang_rt.builtins.a
       aeabi_memcpy.S.obj             8      0         0      
    +--+------------------------------+------+---------+---------+
       Total:                         8      0         0      
                                                              
       Stack:                         0      0         512    
       Linker Generated:              0      43        0      
    +--+------------------------------+------+---------+---------+
       Grand Total:                   5312   368       1039   


LINKER GENERATED COPY TABLES

__TI_cinit_table @ 00001634 records: 2, size/record: 8, table size: 16
	.bss: load addr=00001624, load size=00000008 bytes, run addr=20200000, run size=00000208 bytes, compression=zero_init
	.data: load addr=0000162c, load size=00000007 bytes, run addr=20200208, run size=00000007 bytes, compression=lzss


LINKER GENERATED HANDLER TABLE

__TI_handler_table @ 00001618 records: 3, size/record: 4, table size: 12
	index: 0, handler: __TI_decompress_lzss
	index: 1, handler: __TI_decompress_none
	index: 2, handler: __TI_zero_init


GLOBAL SYMBOLS: SORTED ALPHABETICALLY BY Name 

address   name                                 
-------   ----                                 
0000151b  ADC0_IRQHandler                      
0000151f  ADC1_IRQHandler                      
00001523  AES_IRQHandler                       
0000153a  C$$EXIT                              
00001527  CANFD0_IRQHandler                    
0000152b  DAC0_IRQHandler                      
00001501  DL_Common_delayCycles                
00000645  DL_SYSCTL_configSYSPLL               
00000d55  DL_SYSCTL_switchMCLKfromSYSOSCtoHSCLK
00000459  DL_Timer_initFourCCPWMMode           
0000055d  DL_Timer_initTimerMode               
000011ad  DL_Timer_setCaptCompUpdateMethod     
00001309  DL_Timer_setCaptureCompareOutCtl     
000014f1  DL_Timer_setCaptureCompareValue      
000011c9  DL_Timer_setClockConfig              
00000c35  DL_UART_init                         
000014a9  DL_UART_setClockConfig               
0000152f  DMA_IRQHandler                       
00001533  Default_Handler                      
00001537  GROUP0_IRQHandler                    
000002a1  GROUP1_IRQHandler                    
202001f0  Get_Encoder_countA                   
202001f4  Get_Encoder_countB                   
0000153b  HOSTexit                             
0000153f  HardFault_Handler                    
00001543  I2C0_IRQHandler                      
00001547  I2C1_IRQHandler                      
00000969  Motor_SetSpeed                       
0000154b  NMI_Handler                          
0000154f  PendSV_Handler                       
00001553  RTC_IRQHandler                       
00001557  Reset_Handler                        
0000155b  SPI0_IRQHandler                      
0000155f  SPI1_IRQHandler                      
00001563  SVC_Handler                          
000000c1  SYSCFG_DL_GPIO_init                  
000009fd  SYSCFG_DL_PWM_ENCODER_init           
00000c7d  SYSCFG_DL_SYSCTL_init                
00000f01  SYSCFG_DL_TIMER_BUTTON_init          
00000e55  SYSCFG_DL_TIMER_LOGIC_init           
00000d99  SYSCFG_DL_UART_CV_init               
00000dd9  SYSCFG_DL_UART_STM_init              
00000cc5  SYSCFG_DL_UART_TJC_init              
00000d0d  SYSCFG_DL_init                       
000008c9  SYSCFG_DL_initPower                  
00001567  SysTick_Handler                      
00001533  TIMA0_IRQHandler                     
00001071  TIMA1_IRQHandler                     
00000b8d  TIMG0_IRQHandler                     
0000156b  TIMG12_IRQHandler                    
0000156f  TIMG6_IRQHandler                     
00001573  TIMG7_IRQHandler                     
00001577  TIMG8_IRQHandler                     
000014bb  TI_memcpy_small                      
0000157b  UART0_IRQHandler                     
00000721  UART1_IRQHandler                     
0000157f  UART2_IRQHandler                     
00001583  UART3_IRQHandler                     
20208000  __STACK_END                          
00000200  __STACK_SIZE                         
00000000  __TI_ATRegion0_region_sz             
00000000  __TI_ATRegion0_src_addr              
00000000  __TI_ATRegion0_trg_addr              
00000000  __TI_ATRegion1_region_sz             
00000000  __TI_ATRegion1_src_addr              
00000000  __TI_ATRegion1_trg_addr              
00000000  __TI_ATRegion2_region_sz             
00000000  __TI_ATRegion2_src_addr              
00000000  __TI_ATRegion2_trg_addr              
00001634  __TI_CINIT_Base                      
00001644  __TI_CINIT_Limit                     
00001644  __TI_CINIT_Warm                      
00001618  __TI_Handler_Table_Base              
00001624  __TI_Handler_Table_Limit             
00000e91  __TI_auto_init_nobinit_nopinit       
00000b11  __TI_decompress_lzss                 
000014cd  __TI_decompress_none                 
ffffffff  __TI_pprof_out_hndl                  
ffffffff  __TI_prof_data_size                  
ffffffff  __TI_prof_data_start                 
00000000  __TI_static_base__                   
000013f5  __TI_zero_init_nomemset              
0000150d  __aeabi_memcpy                       
0000150d  __aeabi_memcpy4                      
0000150d  __aeabi_memcpy8                      
ffffffff  __binit__                            
UNDEFED   __mpu_init                           
20207e00  __stack                              
20200000  __start___llvm_prf_bits              
20200000  __start___llvm_prf_cnts              
20200000  __stop___llvm_prf_bits               
20200000  __stop___llvm_prf_cnts               
00000fe5  _c_int00_noargs                      
UNDEFED   _system_post_cinit                   
00001587  _system_pre_init                     
00001515  abort                                
ffffffff  binit                                
2020020c  buttonState                          
20200000  gPWM_ENCODERBackup                   
202000bc  gTIMER_LOGICBackup                   
20200178  gUART_STMBackup                      
202001f8  gpio_interrup1                       
202001fc  gpio_interrup2                       
20200200  gpio_interrupt_key                   
00000000  interruptVectors                     
000007fd  main                                 
202001a8  pid_speedX                           
202001cc  pid_speedY                           
20200208  pressDurationMs                      
0000100d  set_p_i_d                            


GLOBAL SYMBOLS: SORTED BY Symbol Address 

address   name                                 
-------   ----                                 
00000000  __TI_ATRegion0_region_sz             
00000000  __TI_ATRegion0_src_addr              
00000000  __TI_ATRegion0_trg_addr              
00000000  __TI_ATRegion1_region_sz             
00000000  __TI_ATRegion1_src_addr              
00000000  __TI_ATRegion1_trg_addr              
00000000  __TI_ATRegion2_region_sz             
00000000  __TI_ATRegion2_src_addr              
00000000  __TI_ATRegion2_trg_addr              
00000000  __TI_static_base__                   
00000000  interruptVectors                     
000000c1  SYSCFG_DL_GPIO_init                  
00000200  __STACK_SIZE                         
000002a1  GROUP1_IRQHandler                    
00000459  DL_Timer_initFourCCPWMMode           
0000055d  DL_Timer_initTimerMode               
00000645  DL_SYSCTL_configSYSPLL               
00000721  UART1_IRQHandler                     
000007fd  main                                 
000008c9  SYSCFG_DL_initPower                  
00000969  Motor_SetSpeed                       
000009fd  SYSCFG_DL_PWM_ENCODER_init           
00000b11  __TI_decompress_lzss                 
00000b8d  TIMG0_IRQHandler                     
00000c35  DL_UART_init                         
00000c7d  SYSCFG_DL_SYSCTL_init                
00000cc5  SYSCFG_DL_UART_TJC_init              
00000d0d  SYSCFG_DL_init                       
00000d55  DL_SYSCTL_switchMCLKfromSYSOSCtoHSCLK
00000d99  SYSCFG_DL_UART_CV_init               
00000dd9  SYSCFG_DL_UART_STM_init              
00000e55  SYSCFG_DL_TIMER_LOGIC_init           
00000e91  __TI_auto_init_nobinit_nopinit       
00000f01  SYSCFG_DL_TIMER_BUTTON_init          
00000fe5  _c_int00_noargs                      
0000100d  set_p_i_d                            
00001071  TIMA1_IRQHandler                     
000011ad  DL_Timer_setCaptCompUpdateMethod     
000011c9  DL_Timer_setClockConfig              
00001309  DL_Timer_setCaptureCompareOutCtl     
000013f5  __TI_zero_init_nomemset              
000014a9  DL_UART_setClockConfig               
000014bb  TI_memcpy_small                      
000014cd  __TI_decompress_none                 
000014f1  DL_Timer_setCaptureCompareValue      
00001501  DL_Common_delayCycles                
0000150d  __aeabi_memcpy                       
0000150d  __aeabi_memcpy4                      
0000150d  __aeabi_memcpy8                      
00001515  abort                                
0000151b  ADC0_IRQHandler                      
0000151f  ADC1_IRQHandler                      
00001523  AES_IRQHandler                       
00001527  CANFD0_IRQHandler                    
0000152b  DAC0_IRQHandler                      
0000152f  DMA_IRQHandler                       
00001533  Default_Handler                      
00001533  TIMA0_IRQHandler                     
00001537  GROUP0_IRQHandler                    
0000153a  C$$EXIT                              
0000153b  HOSTexit                             
0000153f  HardFault_Handler                    
00001543  I2C0_IRQHandler                      
00001547  I2C1_IRQHandler                      
0000154b  NMI_Handler                          
0000154f  PendSV_Handler                       
00001553  RTC_IRQHandler                       
00001557  Reset_Handler                        
0000155b  SPI0_IRQHandler                      
0000155f  SPI1_IRQHandler                      
00001563  SVC_Handler                          
00001567  SysTick_Handler                      
0000156b  TIMG12_IRQHandler                    
0000156f  TIMG6_IRQHandler                     
00001573  TIMG7_IRQHandler                     
00001577  TIMG8_IRQHandler                     
0000157b  UART0_IRQHandler                     
0000157f  UART2_IRQHandler                     
00001583  UART3_IRQHandler                     
00001587  _system_pre_init                     
00001618  __TI_Handler_Table_Base              
00001624  __TI_Handler_Table_Limit             
00001634  __TI_CINIT_Base                      
00001644  __TI_CINIT_Limit                     
00001644  __TI_CINIT_Warm                      
20200000  __start___llvm_prf_bits              
20200000  __start___llvm_prf_cnts              
20200000  __stop___llvm_prf_bits               
20200000  __stop___llvm_prf_cnts               
20200000  gPWM_ENCODERBackup                   
202000bc  gTIMER_LOGICBackup                   
20200178  gUART_STMBackup                      
202001a8  pid_speedX                           
202001cc  pid_speedY                           
202001f0  Get_Encoder_countA                   
202001f4  Get_Encoder_countB                   
202001f8  gpio_interrup1                       
202001fc  gpio_interrup2                       
20200200  gpio_interrupt_key                   
20200208  pressDurationMs                      
2020020c  buttonState                          
20207e00  __stack                              
20208000  __STACK_END                          
ffffffff  __TI_pprof_out_hndl                  
ffffffff  __TI_prof_data_size                  
ffffffff  __TI_prof_data_start                 
ffffffff  __binit__                            
ffffffff  binit                                
UNDEFED   __mpu_init                           
UNDEFED   _system_post_cinit                   

[110 symbols]
