<?xml version="1.0" encoding="ISO-8859-1" ?>
<link_info>
   <banner>TI ARM Clang Linker PC v4.0.3.LTS</banner>
   <copyright>Copyright (c) 1996-2018 Texas Instruments Incorporated</copyright>
   <command_line>C:\ti\ccs2020\ccs\tools\compiler\ti-cgt-armllvm_4.0.3.LTS\bin\tiarmlnk -IC:\ti\ccs2020\ccs\tools\compiler\ti-cgt-armllvm_4.0.3.LTS\lib -o empty_LP_MSPM0G3507_nortos_ticlang.out -mempty_LP_MSPM0G3507_nortos_ticlang.map -iC:/ti/mspm0_sdk_2_05_01_00/source -iC:/Users/23092/workspace_ccstheia/empty_LP_MSPM0G3507_nortos_ticlang -iC:/Users/23092/workspace_ccstheia/empty_LP_MSPM0G3507_nortos_ticlang/Debug/syscfg -iC:/ti/ccs2020/ccs/tools/compiler/ti-cgt-armllvm_4.0.3.LTS/lib --diag_wrap=off --display_error_number --warn_sections --xml_link_info=empty_LP_MSPM0G3507_nortos_ticlang_linkInfo.xml --rom_model ./empty.o ./ti_msp_dl_config.o ./startup_mspm0g350x_ticlang.o ./User/control.o ./User/control_logic.o ./User/encoder.o ./User/grey_sensor.o ./User/motor.o ./User/pid.o ./User/uart.o -l./device_linker.cmd -ldevice.cmd.genlibs -llibc.a --start-group -llibc++.a -llibc++abi.a -llibc.a -llibsys.a -llibsysbm.a -llibclang_rt.builtins.a -llibclang_rt.profile.a --end-group --cg_opt_level=0</command_line>
   <link_time>0x688c3dc9</link_time>
   <link_errors>0x0</link_errors>
   <output_file>C:\Users\23092\workspace_ccstheia\empty_LP_MSPM0G3507_nortos_ticlang\Debug\empty_LP_MSPM0G3507_nortos_ticlang.out</output_file>
   <entry_point>
      <name>_c_int00_noargs</name>
      <address>0x1411</address>
   </entry_point>
   <input_file_list>
      <input_file id="fl-1">
         <path>C:\Users\23092\workspace_ccstheia\empty_LP_MSPM0G3507_nortos_ticlang\Debug\.\</path>
         <kind>object</kind>
         <file>empty.o</file>
         <name>empty.o</name>
      </input_file>
      <input_file id="fl-2">
         <path>C:\Users\23092\workspace_ccstheia\empty_LP_MSPM0G3507_nortos_ticlang\Debug\.\</path>
         <kind>object</kind>
         <file>ti_msp_dl_config.o</file>
         <name>ti_msp_dl_config.o</name>
      </input_file>
      <input_file id="fl-3">
         <path>C:\Users\23092\workspace_ccstheia\empty_LP_MSPM0G3507_nortos_ticlang\Debug\.\</path>
         <kind>object</kind>
         <file>startup_mspm0g350x_ticlang.o</file>
         <name>startup_mspm0g350x_ticlang.o</name>
      </input_file>
      <input_file id="fl-4">
         <path>C:\Users\23092\workspace_ccstheia\empty_LP_MSPM0G3507_nortos_ticlang\Debug\.\User\</path>
         <kind>object</kind>
         <file>control.o</file>
         <name>control.o</name>
      </input_file>
      <input_file id="fl-5">
         <path>C:\Users\23092\workspace_ccstheia\empty_LP_MSPM0G3507_nortos_ticlang\Debug\.\User\</path>
         <kind>object</kind>
         <file>control_logic.o</file>
         <name>control_logic.o</name>
      </input_file>
      <input_file id="fl-6">
         <path>C:\Users\23092\workspace_ccstheia\empty_LP_MSPM0G3507_nortos_ticlang\Debug\.\User\</path>
         <kind>object</kind>
         <file>encoder.o</file>
         <name>encoder.o</name>
      </input_file>
      <input_file id="fl-7">
         <path>C:\Users\23092\workspace_ccstheia\empty_LP_MSPM0G3507_nortos_ticlang\Debug\.\User\</path>
         <kind>object</kind>
         <file>grey_sensor.o</file>
         <name>grey_sensor.o</name>
      </input_file>
      <input_file id="fl-8">
         <path>C:\Users\23092\workspace_ccstheia\empty_LP_MSPM0G3507_nortos_ticlang\Debug\.\User\</path>
         <kind>object</kind>
         <file>motor.o</file>
         <name>motor.o</name>
      </input_file>
      <input_file id="fl-9">
         <path>C:\Users\23092\workspace_ccstheia\empty_LP_MSPM0G3507_nortos_ticlang\Debug\.\User\</path>
         <kind>object</kind>
         <file>pid.o</file>
         <name>pid.o</name>
      </input_file>
      <input_file id="fl-a">
         <path>C:\Users\23092\workspace_ccstheia\empty_LP_MSPM0G3507_nortos_ticlang\Debug\.\User\</path>
         <kind>object</kind>
         <file>uart.o</file>
         <name>uart.o</name>
      </input_file>
      <input_file id="fl-17">
         <path>C:\Users\23092\workspace_ccstheia\empty_LP_MSPM0G3507_nortos_ticlang\Debug\</path>
         <kind>object</kind>
         <file>&lt;internal&gt;</file>
         <name>&lt;internal&gt;</name>
      </input_file>
      <input_file id="fl-18">
         <path>C:\ti\mspm0_sdk_2_05_01_00\source\ti\driverlib\lib\ticlang\m0p\mspm0g1x0x_g3x0x\</path>
         <kind>archive</kind>
         <file>driverlib.a</file>
         <name>dl_common.o</name>
      </input_file>
      <input_file id="fl-19">
         <path>C:\ti\mspm0_sdk_2_05_01_00\source\ti\driverlib\lib\ticlang\m0p\mspm0g1x0x_g3x0x\</path>
         <kind>archive</kind>
         <file>driverlib.a</file>
         <name>dl_timer.o</name>
      </input_file>
      <input_file id="fl-1a">
         <path>C:\ti\mspm0_sdk_2_05_01_00\source\ti\driverlib\lib\ticlang\m0p\mspm0g1x0x_g3x0x\</path>
         <kind>archive</kind>
         <file>driverlib.a</file>
         <name>dl_uart.o</name>
      </input_file>
      <input_file id="fl-1b">
         <path>C:\ti\mspm0_sdk_2_05_01_00\source\ti\driverlib\lib\ticlang\m0p\mspm0g1x0x_g3x0x\</path>
         <kind>archive</kind>
         <file>driverlib.a</file>
         <name>dl_sysctl_mspm0g1x0x_g3x0x.o</name>
      </input_file>
      <input_file id="fl-32">
         <path>C:\ti\ccs2020\ccs\tools\compiler\ti-cgt-armllvm_4.0.3.LTS\lib\armv6m-ti-none-eabi\c\</path>
         <kind>archive</kind>
         <file>libc.a</file>
         <name>defs.c.obj</name>
      </input_file>
      <input_file id="fl-33">
         <path>C:\ti\ccs2020\ccs\tools\compiler\ti-cgt-armllvm_4.0.3.LTS\lib\armv6m-ti-none-eabi\c\</path>
         <kind>archive</kind>
         <file>libc.a</file>
         <name>strlen.c.obj</name>
      </input_file>
      <input_file id="fl-34">
         <path>C:\ti\ccs2020\ccs\tools\compiler\ti-cgt-armllvm_4.0.3.LTS\lib\armv6m-ti-none-eabi\c\</path>
         <kind>archive</kind>
         <file>libc.a</file>
         <name>boot_cortex_m.c.obj</name>
      </input_file>
      <input_file id="fl-35">
         <path>C:\ti\ccs2020\ccs\tools\compiler\ti-cgt-armllvm_4.0.3.LTS\lib\armv6m-ti-none-eabi\c\</path>
         <kind>archive</kind>
         <file>libc.a</file>
         <name>mathacl_init.c.obj</name>
      </input_file>
      <input_file id="fl-36">
         <path>C:\ti\ccs2020\ccs\tools\compiler\ti-cgt-armllvm_4.0.3.LTS\lib\armv6m-ti-none-eabi\c\</path>
         <kind>archive</kind>
         <file>libc.a</file>
         <name>autoinit.c.obj</name>
      </input_file>
      <input_file id="fl-37">
         <path>C:\ti\ccs2020\ccs\tools\compiler\ti-cgt-armllvm_4.0.3.LTS\lib\armv6m-ti-none-eabi\c\</path>
         <kind>archive</kind>
         <file>libc.a</file>
         <name>pre_init.c.obj</name>
      </input_file>
      <input_file id="fl-38">
         <path>C:\ti\ccs2020\ccs\tools\compiler\ti-cgt-armllvm_4.0.3.LTS\lib\armv6m-ti-none-eabi\c\</path>
         <kind>archive</kind>
         <file>libc.a</file>
         <name>cpy_tbl.c.obj</name>
      </input_file>
      <input_file id="fl-39">
         <path>C:\ti\ccs2020\ccs\tools\compiler\ti-cgt-armllvm_4.0.3.LTS\lib\armv6m-ti-none-eabi\c\</path>
         <kind>archive</kind>
         <file>libc.a</file>
         <name>copy_zero_init.c.obj</name>
      </input_file>
      <input_file id="fl-3a">
         <path>C:\ti\ccs2020\ccs\tools\compiler\ti-cgt-armllvm_4.0.3.LTS\lib\armv6m-ti-none-eabi\c\</path>
         <kind>archive</kind>
         <file>libc.a</file>
         <name>copy_decompress_none.c.obj</name>
      </input_file>
      <input_file id="fl-3b">
         <path>C:\ti\ccs2020\ccs\tools\compiler\ti-cgt-armllvm_4.0.3.LTS\lib\armv6m-ti-none-eabi\c\</path>
         <kind>archive</kind>
         <file>libc.a</file>
         <name>copy_decompress_lzss.c.obj</name>
      </input_file>
      <input_file id="fl-3c">
         <path>C:\ti\ccs2020\ccs\tools\compiler\ti-cgt-armllvm_4.0.3.LTS\lib\armv6m-ti-none-eabi\c\</path>
         <kind>archive</kind>
         <file>libc.a</file>
         <name>exit.c.obj</name>
      </input_file>
      <input_file id="fl-3d">
         <path>C:\ti\ccs2020\ccs\tools\compiler\ti-cgt-armllvm_4.0.3.LTS\lib\armv6m-ti-none-eabi\c\</path>
         <kind>archive</kind>
         <file>libc.a</file>
         <name>_lock.c.obj</name>
      </input_file>
      <input_file id="fl-3e">
         <path>C:\ti\ccs2020\ccs\tools\compiler\ti-cgt-armllvm_4.0.3.LTS\lib\armv6m-ti-none-eabi\c\</path>
         <kind>archive</kind>
         <file>libc.a</file>
         <name>args_main.c.obj</name>
      </input_file>
      <input_file id="fl-de">
         <path>C:\ti\ccs2020\ccs\tools\compiler\ti-cgt-armllvm_4.0.3.LTS\lib\armv6m-ti-none-eabi\c\</path>
         <kind>archive</kind>
         <file>libsysbm.a</file>
         <name>hostexit.c.obj</name>
      </input_file>
      <input_file id="fl-df">
         <path>C:\ti\ccs2020\ccs\tools\compiler\ti-cgt-armllvm_4.0.3.LTS\lib\armv6m-ti-none-eabi\</path>
         <kind>archive</kind>
         <file>libclang_rt.builtins.a</file>
         <name>addsf3.S.obj</name>
      </input_file>
      <input_file id="fl-e0">
         <path>C:\ti\ccs2020\ccs\tools\compiler\ti-cgt-armllvm_4.0.3.LTS\lib\armv6m-ti-none-eabi\</path>
         <kind>archive</kind>
         <file>libclang_rt.builtins.a</file>
         <name>mulsf3.S.obj</name>
      </input_file>
      <input_file id="fl-e1">
         <path>C:\ti\ccs2020\ccs\tools\compiler\ti-cgt-armllvm_4.0.3.LTS\lib\armv6m-ti-none-eabi\</path>
         <kind>archive</kind>
         <file>libclang_rt.builtins.a</file>
         <name>aeabi_fcmp.S.obj</name>
      </input_file>
      <input_file id="fl-e2">
         <path>C:\ti\ccs2020\ccs\tools\compiler\ti-cgt-armllvm_4.0.3.LTS\lib\armv6m-ti-none-eabi\</path>
         <kind>archive</kind>
         <file>libclang_rt.builtins.a</file>
         <name>aeabi_memcpy.S.obj</name>
      </input_file>
      <input_file id="fl-e3">
         <path>C:\ti\ccs2020\ccs\tools\compiler\ti-cgt-armllvm_4.0.3.LTS\lib\armv6m-ti-none-eabi\</path>
         <kind>archive</kind>
         <file>libclang_rt.builtins.a</file>
         <name>aeabi_memset.S.obj</name>
      </input_file>
      <input_file id="fl-e4">
         <path>C:\ti\ccs2020\ccs\tools\compiler\ti-cgt-armllvm_4.0.3.LTS\lib\armv6m-ti-none-eabi\</path>
         <kind>archive</kind>
         <file>libclang_rt.builtins.a</file>
         <name>aeabi_uidivmod.S.obj</name>
      </input_file>
      <input_file id="fl-e5">
         <path>C:\ti\ccs2020\ccs\tools\compiler\ti-cgt-armllvm_4.0.3.LTS\lib\armv6m-ti-none-eabi\</path>
         <kind>archive</kind>
         <file>libclang_rt.builtins.a</file>
         <name>comparesf2.S.obj</name>
      </input_file>
      <input_file id="fl-e6">
         <path>C:\ti\ccs2020\ccs\tools\compiler\ti-cgt-armllvm_4.0.3.LTS\lib\armv6m-ti-none-eabi\</path>
         <kind>archive</kind>
         <file>libclang_rt.builtins.a</file>
         <name>muldsi3.S.obj</name>
      </input_file>
      <input_file id="fl-e7">
         <path>C:\ti\ccs2020\ccs\tools\compiler\ti-cgt-armllvm_4.0.3.LTS\lib\armv6m-ti-none-eabi\</path>
         <kind>archive</kind>
         <file>libclang_rt.builtins.a</file>
         <name>aeabi_div0.c.obj</name>
      </input_file>
      <input_file id="fl-e8">
         <path>C:\ti\ccs2020\ccs\tools\compiler\ti-cgt-armllvm_4.0.3.LTS\lib\armv6m-ti-none-eabi\c\</path>
         <kind>archive</kind>
         <file>libc.a</file>
         <name>memcpy16.S.obj</name>
      </input_file>
      <input_file id="fl-e9">
         <path>C:\ti\ccs2020\ccs\tools\compiler\ti-cgt-armllvm_4.0.3.LTS\lib\armv6m-ti-none-eabi\c\</path>
         <kind>archive</kind>
         <file>libc.a</file>
         <name>memset16.S.obj</name>
      </input_file>
   </input_file_list>
   <object_component_list>
      <object_component id="oc-18">
         <name>.intvecs</name>
         <load_address>0x0</load_address>
         <readonly>true</readonly>
         <run_address>0x0</run_address>
         <size>0xc0</size>
         <alignment>0x4</alignment>
         <input_file_ref idref="fl-3"/>
      </object_component>
      <object_component id="oc-bc">
         <name>.text.Light_GoStraight_control</name>
         <load_address>0xc0</load_address>
         <readonly>true</readonly>
         <executable>true</executable>
         <run_address>0xc0</run_address>
         <size>0x268</size>
         <alignment>0x4</alignment>
         <input_file_ref idref="fl-7"/>
      </object_component>
      <object_component id="oc-11e">
         <name>.text.SYSCFG_DL_GPIO_init</name>
         <load_address>0x328</load_address>
         <readonly>true</readonly>
         <executable>true</executable>
         <run_address>0x328</run_address>
         <size>0x1c8</size>
         <alignment>0x4</alignment>
         <input_file_ref idref="fl-2"/>
      </object_component>
      <object_component id="oc-3d">
         <name>.text.GROUP1_IRQHandler</name>
         <load_address>0x4f0</load_address>
         <readonly>true</readonly>
         <executable>true</executable>
         <run_address>0x4f0</run_address>
         <size>0x170</size>
         <alignment>0x4</alignment>
         <input_file_ref idref="fl-6"/>
      </object_component>
      <object_component id="oc-c6">
         <name>.text.Motor_SetSpeed</name>
         <load_address>0x660</load_address>
         <readonly>true</readonly>
         <executable>true</executable>
         <run_address>0x660</run_address>
         <size>0x128</size>
         <alignment>0x4</alignment>
         <input_file_ref idref="fl-8"/>
      </object_component>
      <object_component id="oc-fd">
         <name>.text.Get_Light_TTL</name>
         <load_address>0x788</load_address>
         <readonly>true</readonly>
         <executable>true</executable>
         <run_address>0x788</run_address>
         <size>0x108</size>
         <alignment>0x4</alignment>
         <input_file_ref idref="fl-7"/>
      </object_component>
      <object_component id="oc-163">
         <name>.text.DL_Timer_initFourCCPWMMode</name>
         <load_address>0x890</load_address>
         <readonly>true</readonly>
         <executable>true</executable>
         <run_address>0x890</run_address>
         <size>0x104</size>
         <alignment>0x4</alignment>
         <input_file_ref idref="fl-19"/>
      </object_component>
      <object_component id="oc-95">
         <name>.text.control</name>
         <load_address>0x994</load_address>
         <readonly>true</readonly>
         <executable>true</executable>
         <run_address>0x994</run_address>
         <size>0xfc</size>
         <alignment>0x4</alignment>
         <input_file_ref idref="fl-4"/>
      </object_component>
      <object_component id="oc-16b">
         <name>.text.DL_Timer_initTimerMode</name>
         <load_address>0xa90</load_address>
         <readonly>true</readonly>
         <executable>true</executable>
         <run_address>0xa90</run_address>
         <size>0xe8</size>
         <alignment>0x4</alignment>
         <input_file_ref idref="fl-19"/>
      </object_component>
      <object_component id="oc-158">
         <name>.text.DL_SYSCTL_configSYSPLL</name>
         <load_address>0xb78</load_address>
         <readonly>true</readonly>
         <executable>true</executable>
         <run_address>0xb78</run_address>
         <size>0xdc</size>
         <alignment>0x4</alignment>
         <input_file_ref idref="fl-1b"/>
      </object_component>
      <object_component id="oc-4a">
         <name>.text.UART1_IRQHandler</name>
         <load_address>0xc54</load_address>
         <readonly>true</readonly>
         <executable>true</executable>
         <run_address>0xc54</run_address>
         <size>0xdc</size>
         <alignment>0x4</alignment>
         <input_file_ref idref="fl-a"/>
      </object_component>
      <object_component id="oc-a5">
         <name>.text.main</name>
         <load_address>0xd30</load_address>
         <readonly>true</readonly>
         <executable>true</executable>
         <run_address>0xd30</run_address>
         <size>0xa4</size>
         <alignment>0x4</alignment>
         <input_file_ref idref="fl-1"/>
      </object_component>
      <object_component id="oc-11d">
         <name>.text.SYSCFG_DL_initPower</name>
         <load_address>0xdd4</load_address>
         <readonly>true</readonly>
         <executable>true</executable>
         <run_address>0xdd4</run_address>
         <size>0xa0</size>
         <alignment>0x4</alignment>
         <input_file_ref idref="fl-2"/>
      </object_component>
      <object_component id="oc-120">
         <name>.text.SYSCFG_DL_PWM_ENCODER_init</name>
         <load_address>0xe74</load_address>
         <readonly>true</readonly>
         <executable>true</executable>
         <run_address>0xe74</run_address>
         <size>0x90</size>
         <alignment>0x4</alignment>
         <input_file_ref idref="fl-2"/>
      </object_component>
      <object_component id="oc-160">
         <name>.text.__NVIC_SetPriority</name>
         <load_address>0xf04</load_address>
         <readonly>true</readonly>
         <executable>true</executable>
         <run_address>0xf04</run_address>
         <size>0x84</size>
         <alignment>0x4</alignment>
         <input_file_ref idref="fl-2"/>
      </object_component>
      <object_component id="oc-1c">
         <name>.text:decompress:lzss</name>
         <load_address>0xf88</load_address>
         <readonly>true</readonly>
         <executable>true</executable>
         <run_address>0xf88</run_address>
         <size>0x7c</size>
         <alignment>0x4</alignment>
         <input_file_ref idref="fl-3b"/>
      </object_component>
      <object_component id="oc-179">
         <name>.text.DL_UART_setBaudRateDivisor</name>
         <load_address>0x1004</load_address>
         <readonly>true</readonly>
         <executable>true</executable>
         <run_address>0x1004</run_address>
         <size>0x4c</size>
         <alignment>0x4</alignment>
         <input_file_ref idref="fl-2"/>
      </object_component>
      <object_component id="oc-177">
         <name>.text.DL_UART_init</name>
         <load_address>0x1050</load_address>
         <readonly>true</readonly>
         <executable>true</executable>
         <run_address>0x1050</run_address>
         <size>0x48</size>
         <alignment>0x4</alignment>
         <input_file_ref idref="fl-1a"/>
      </object_component>
      <object_component id="oc-11f">
         <name>.text.SYSCFG_DL_SYSCTL_init</name>
         <load_address>0x1098</load_address>
         <readonly>true</readonly>
         <executable>true</executable>
         <run_address>0x1098</run_address>
         <size>0x48</size>
         <alignment>0x4</alignment>
         <input_file_ref idref="fl-2"/>
      </object_component>
      <object_component id="oc-123">
         <name>.text.SYSCFG_DL_UART_TJC_init</name>
         <load_address>0x10e0</load_address>
         <readonly>true</readonly>
         <executable>true</executable>
         <run_address>0x10e0</run_address>
         <size>0x48</size>
         <alignment>0x4</alignment>
         <input_file_ref idref="fl-2"/>
      </object_component>
      <object_component id="oc-d5">
         <name>.text.SYSCFG_DL_init</name>
         <load_address>0x1128</load_address>
         <readonly>true</readonly>
         <executable>true</executable>
         <run_address>0x1128</run_address>
         <size>0x48</size>
         <alignment>0x4</alignment>
         <input_file_ref idref="fl-2"/>
      </object_component>
      <object_component id="oc-15f">
         <name>.text.DL_SYSCTL_switchMCLKfromSYSOSCtoHSCLK</name>
         <load_address>0x1170</load_address>
         <readonly>true</readonly>
         <executable>true</executable>
         <run_address>0x1170</run_address>
         <size>0x44</size>
         <alignment>0x4</alignment>
         <input_file_ref idref="fl-1b"/>
      </object_component>
      <object_component id="oc-125">
         <name>.text.SYSCFG_DL_UART_CV_init</name>
         <load_address>0x11b4</load_address>
         <readonly>true</readonly>
         <executable>true</executable>
         <run_address>0x11b4</run_address>
         <size>0x40</size>
         <alignment>0x4</alignment>
         <input_file_ref idref="fl-2"/>
      </object_component>
      <object_component id="oc-124">
         <name>.text.SYSCFG_DL_UART_STM_init</name>
         <load_address>0x11f4</load_address>
         <readonly>true</readonly>
         <executable>true</executable>
         <run_address>0x11f4</run_address>
         <size>0x40</size>
         <alignment>0x4</alignment>
         <input_file_ref idref="fl-2"/>
      </object_component>
      <object_component id="oc-80">
         <name>.text.__aeabi_uidivmod</name>
         <load_address>0x1234</load_address>
         <readonly>true</readonly>
         <executable>true</executable>
         <run_address>0x1234</run_address>
         <size>0x40</size>
         <alignment>0x4</alignment>
         <input_file_ref idref="fl-e4"/>
      </object_component>
      <object_component id="oc-164">
         <name>.text.DL_Timer_setCounterControl</name>
         <load_address>0x1274</load_address>
         <readonly>true</readonly>
         <executable>true</executable>
         <run_address>0x1274</run_address>
         <size>0x3c</size>
         <alignment>0x4</alignment>
         <input_file_ref idref="fl-2"/>
      </object_component>
      <object_component id="oc-121">
         <name>.text.SYSCFG_DL_TIMER_LOGIC_init</name>
         <load_address>0x12b0</load_address>
         <readonly>true</readonly>
         <executable>true</executable>
         <run_address>0x12b0</run_address>
         <size>0x3c</size>
         <alignment>0x4</alignment>
         <input_file_ref idref="fl-2"/>
      </object_component>
      <object_component id="oc-e8">
         <name>.text:__TI_auto_init_nobinit_nopinit</name>
         <load_address>0x12ec</load_address>
         <readonly>true</readonly>
         <executable>true</executable>
         <run_address>0x12ec</run_address>
         <size>0x3c</size>
         <alignment>0x4</alignment>
         <input_file_ref idref="fl-36"/>
      </object_component>
      <object_component id="oc-14d">
         <name>.text.DL_GPIO_initDigitalInputFeatures</name>
         <load_address>0x1328</load_address>
         <readonly>true</readonly>
         <executable>true</executable>
         <run_address>0x1328</run_address>
         <size>0x34</size>
         <alignment>0x4</alignment>
         <input_file_ref idref="fl-2"/>
      </object_component>
      <object_component id="oc-122">
         <name>.text.SYSCFG_DL_TIMER_BUTTON_init</name>
         <load_address>0x135c</load_address>
         <readonly>true</readonly>
         <executable>true</executable>
         <run_address>0x135c</run_address>
         <size>0x34</size>
         <alignment>0x4</alignment>
         <input_file_ref idref="fl-2"/>
      </object_component>
      <object_component id="oc-da">
         <name>.text.__NVIC_ClearPendingIRQ</name>
         <load_address>0x1390</load_address>
         <readonly>true</readonly>
         <executable>true</executable>
         <run_address>0x1390</run_address>
         <size>0x2c</size>
         <alignment>0x4</alignment>
         <input_file_ref idref="fl-1"/>
      </object_component>
      <object_component id="oc-db">
         <name>.text.__NVIC_EnableIRQ</name>
         <load_address>0x13bc</load_address>
         <readonly>true</readonly>
         <executable>true</executable>
         <run_address>0x13bc</run_address>
         <size>0x2c</size>
         <alignment>0x4</alignment>
         <input_file_ref idref="fl-1"/>
      </object_component>
      <object_component id="oc-190">
         <name>.text.DL_Common_updateReg</name>
         <load_address>0x13e8</load_address>
         <readonly>true</readonly>
         <executable>true</executable>
         <run_address>0x13e8</run_address>
         <size>0x28</size>
         <alignment>0x2</alignment>
         <input_file_ref idref="fl-2"/>
      </object_component>
      <object_component id="oc-76">
         <name>.text:_c_int00_noargs</name>
         <load_address>0x1410</load_address>
         <readonly>true</readonly>
         <executable>true</executable>
         <run_address>0x1410</run_address>
         <size>0x28</size>
         <alignment>0x4</alignment>
         <input_file_ref idref="fl-34"/>
      </object_component>
      <object_component id="oc-53">
         <name>.text.TIMA1_IRQHandler</name>
         <load_address>0x1438</load_address>
         <readonly>true</readonly>
         <executable>true</executable>
         <run_address>0x1438</run_address>
         <size>0x24</size>
         <alignment>0x4</alignment>
         <input_file_ref idref="fl-5"/>
      </object_component>
      <object_component id="oc-14b">
         <name>.text.DL_GPIO_initPeripheralInputFunction</name>
         <load_address>0x145c</load_address>
         <readonly>true</readonly>
         <executable>true</executable>
         <run_address>0x145c</run_address>
         <size>0x20</size>
         <alignment>0x4</alignment>
         <input_file_ref idref="fl-2"/>
      </object_component>
      <object_component id="oc-154">
         <name>.text.DL_SYSCTL_setFlashWaitState</name>
         <load_address>0x147c</load_address>
         <readonly>true</readonly>
         <executable>true</executable>
         <run_address>0x147c</run_address>
         <size>0x20</size>
         <alignment>0x4</alignment>
         <input_file_ref idref="fl-2"/>
      </object_component>
      <object_component id="oc-178">
         <name>.text.DL_UART_setOversampling</name>
         <load_address>0x149c</load_address>
         <readonly>true</readonly>
         <executable>true</executable>
         <run_address>0x149c</run_address>
         <size>0x1e</size>
         <alignment>0x2</alignment>
         <input_file_ref idref="fl-2"/>
      </object_component>
      <object_component id="oc-b4">
         <name>.text.__aeabi_idiv0</name>
         <load_address>0x14ba</load_address>
         <readonly>true</readonly>
         <executable>true</executable>
         <run_address>0x14ba</run_address>
         <size>0x2</size>
         <alignment>0x2</alignment>
         <input_file_ref idref="fl-e7"/>
      </object_component>
      <object_component id="oc-86">
         <name>.text.DL_GPIO_clearInterruptStatus</name>
         <load_address>0x14bc</load_address>
         <readonly>true</readonly>
         <executable>true</executable>
         <run_address>0x14bc</run_address>
         <size>0x1c</size>
         <alignment>0x4</alignment>
         <input_file_ref idref="fl-6"/>
      </object_component>
      <object_component id="oc-151">
         <name>.text.DL_GPIO_clearInterruptStatus</name>
         <load_address>0x14d8</load_address>
         <readonly>true</readonly>
         <executable>true</executable>
         <run_address>0x14d8</run_address>
         <size>0x1c</size>
         <alignment>0x4</alignment>
         <input_file_ref idref="fl-2"/>
      </object_component>
      <object_component id="oc-152">
         <name>.text.DL_GPIO_enableInterrupt</name>
         <load_address>0x14f4</load_address>
         <readonly>true</readonly>
         <executable>true</executable>
         <run_address>0x14f4</run_address>
         <size>0x1c</size>
         <alignment>0x4</alignment>
         <input_file_ref idref="fl-2"/>
      </object_component>
      <object_component id="oc-149">
         <name>.text.DL_GPIO_initPeripheralOutputFunction</name>
         <load_address>0x1510</load_address>
         <readonly>true</readonly>
         <executable>true</executable>
         <run_address>0x1510</run_address>
         <size>0x1c</size>
         <alignment>0x4</alignment>
         <input_file_ref idref="fl-2"/>
      </object_component>
      <object_component id="oc-14f">
         <name>.text.DL_GPIO_setLowerPinsPolarity</name>
         <load_address>0x152c</load_address>
         <readonly>true</readonly>
         <executable>true</executable>
         <run_address>0x152c</run_address>
         <size>0x1c</size>
         <alignment>0x4</alignment>
         <input_file_ref idref="fl-2"/>
      </object_component>
      <object_component id="oc-155">
         <name>.text.DL_SYSCTL_setSYSOSCFreq</name>
         <load_address>0x1548</load_address>
         <readonly>true</readonly>
         <executable>true</executable>
         <run_address>0x1548</run_address>
         <size>0x1c</size>
         <alignment>0x4</alignment>
         <input_file_ref idref="fl-2"/>
      </object_component>
      <object_component id="oc-15e">
         <name>.text.DL_SYSCTL_setULPCLKDivider</name>
         <load_address>0x1564</load_address>
         <readonly>true</readonly>
         <executable>true</executable>
         <run_address>0x1564</run_address>
         <size>0x1c</size>
         <alignment>0x4</alignment>
         <input_file_ref idref="fl-2"/>
      </object_component>
      <object_component id="oc-dc">
         <name>.text.DL_Timer_enableInterrupt</name>
         <load_address>0x1580</load_address>
         <readonly>true</readonly>
         <executable>true</executable>
         <run_address>0x1580</run_address>
         <size>0x1c</size>
         <alignment>0x4</alignment>
         <input_file_ref idref="fl-1"/>
      </object_component>
      <object_component id="oc-16c">
         <name>.text.DL_Timer_enableInterrupt</name>
         <load_address>0x159c</load_address>
         <readonly>true</readonly>
         <executable>true</executable>
         <run_address>0x159c</run_address>
         <size>0x1c</size>
         <alignment>0x4</alignment>
         <input_file_ref idref="fl-2"/>
      </object_component>
      <object_component id="oc-166">
         <name>.text.DL_Timer_setCaptCompUpdateMethod</name>
         <load_address>0x15b8</load_address>
         <readonly>true</readonly>
         <executable>true</executable>
         <run_address>0x15b8</run_address>
         <size>0x1c</size>
         <alignment>0x4</alignment>
         <input_file_ref idref="fl-19"/>
      </object_component>
      <object_component id="oc-162">
         <name>.text.DL_Timer_setClockConfig</name>
         <load_address>0x15d4</load_address>
         <readonly>true</readonly>
         <executable>true</executable>
         <run_address>0x15d4</run_address>
         <size>0x1c</size>
         <alignment>0x4</alignment>
         <input_file_ref idref="fl-19"/>
      </object_component>
      <object_component id="oc-17a">
         <name>.text.DL_UART_enableInterrupt</name>
         <load_address>0x15f0</load_address>
         <readonly>true</readonly>
         <executable>true</executable>
         <run_address>0x15f0</run_address>
         <size>0x1c</size>
         <alignment>0x4</alignment>
         <input_file_ref idref="fl-2"/>
      </object_component>
      <object_component id="oc-14a">
         <name>.text.DL_GPIO_enableOutput</name>
         <load_address>0x160c</load_address>
         <readonly>true</readonly>
         <executable>true</executable>
         <run_address>0x160c</run_address>
         <size>0x18</size>
         <alignment>0x4</alignment>
         <input_file_ref idref="fl-2"/>
      </object_component>
      <object_component id="oc-142">
         <name>.text.DL_GPIO_enablePower</name>
         <load_address>0x1624</load_address>
         <readonly>true</readonly>
         <executable>true</executable>
         <run_address>0x1624</run_address>
         <size>0x18</size>
         <alignment>0x4</alignment>
         <input_file_ref idref="fl-2"/>
      </object_component>
      <object_component id="oc-7f">
         <name>.text.DL_GPIO_getEnabledInterruptStatus</name>
         <load_address>0x163c</load_address>
         <readonly>true</readonly>
         <executable>true</executable>
         <run_address>0x163c</run_address>
         <size>0x18</size>
         <alignment>0x4</alignment>
         <input_file_ref idref="fl-6"/>
      </object_component>
      <object_component id="oc-14c">
         <name>.text.DL_GPIO_initDigitalOutput</name>
         <load_address>0x1654</load_address>
         <readonly>true</readonly>
         <executable>true</executable>
         <run_address>0x1654</run_address>
         <size>0x18</size>
         <alignment>0x4</alignment>
         <input_file_ref idref="fl-2"/>
      </object_component>
      <object_component id="oc-13f">
         <name>.text.DL_GPIO_reset</name>
         <load_address>0x166c</load_address>
         <readonly>true</readonly>
         <executable>true</executable>
         <run_address>0x166c</run_address>
         <size>0x18</size>
         <alignment>0x4</alignment>
         <input_file_ref idref="fl-2"/>
      </object_component>
      <object_component id="oc-de">
         <name>.text.DL_GPIO_setPins</name>
         <load_address>0x1684</load_address>
         <readonly>true</readonly>
         <executable>true</executable>
         <run_address>0x1684</run_address>
         <size>0x18</size>
         <alignment>0x4</alignment>
         <input_file_ref idref="fl-1"/>
      </object_component>
      <object_component id="oc-84">
         <name>.text.DL_GPIO_setPins</name>
         <load_address>0x169c</load_address>
         <readonly>true</readonly>
         <executable>true</executable>
         <run_address>0x169c</run_address>
         <size>0x18</size>
         <alignment>0x4</alignment>
         <input_file_ref idref="fl-6"/>
      </object_component>
      <object_component id="oc-10b">
         <name>.text.DL_GPIO_setPins</name>
         <load_address>0x16b4</load_address>
         <readonly>true</readonly>
         <executable>true</executable>
         <run_address>0x16b4</run_address>
         <size>0x18</size>
         <alignment>0x4</alignment>
         <input_file_ref idref="fl-8"/>
      </object_component>
      <object_component id="oc-150">
         <name>.text.DL_GPIO_setUpperPinsPolarity</name>
         <load_address>0x16cc</load_address>
         <readonly>true</readonly>
         <executable>true</executable>
         <run_address>0x16cc</run_address>
         <size>0x18</size>
         <alignment>0x2</alignment>
         <input_file_ref idref="fl-2"/>
      </object_component>
      <object_component id="oc-153">
         <name>.text.DL_SYSCTL_setBORThreshold</name>
         <load_address>0x16e4</load_address>
         <readonly>true</readonly>
         <executable>true</executable>
         <run_address>0x16e4</run_address>
         <size>0x18</size>
         <alignment>0x4</alignment>
         <input_file_ref idref="fl-2"/>
      </object_component>
      <object_component id="oc-94">
         <name>.text.DL_Timer_clearInterruptStatus</name>
         <load_address>0x16fc</load_address>
         <readonly>true</readonly>
         <executable>true</executable>
         <run_address>0x16fc</run_address>
         <size>0x18</size>
         <alignment>0x4</alignment>
         <input_file_ref idref="fl-5"/>
      </object_component>
      <object_component id="oc-143">
         <name>.text.DL_Timer_enablePower</name>
         <load_address>0x1714</load_address>
         <readonly>true</readonly>
         <executable>true</executable>
         <run_address>0x1714</run_address>
         <size>0x18</size>
         <alignment>0x4</alignment>
         <input_file_ref idref="fl-2"/>
      </object_component>
      <object_component id="oc-140">
         <name>.text.DL_Timer_reset</name>
         <load_address>0x172c</load_address>
         <readonly>true</readonly>
         <executable>true</executable>
         <run_address>0x172c</run_address>
         <size>0x18</size>
         <alignment>0x4</alignment>
         <input_file_ref idref="fl-2"/>
      </object_component>
      <object_component id="oc-165">
         <name>.text.DL_Timer_setCaptureCompareOutCtl</name>
         <load_address>0x1744</load_address>
         <readonly>true</readonly>
         <executable>true</executable>
         <run_address>0x1744</run_address>
         <size>0x18</size>
         <alignment>0x4</alignment>
         <input_file_ref idref="fl-19"/>
      </object_component>
      <object_component id="oc-113">
         <name>.text.DL_Timer_startCounter</name>
         <load_address>0x175c</load_address>
         <readonly>true</readonly>
         <executable>true</executable>
         <run_address>0x175c</run_address>
         <size>0x18</size>
         <alignment>0x4</alignment>
         <input_file_ref idref="fl-8"/>
      </object_component>
      <object_component id="oc-108">
         <name>.text.DL_Timer_stopCounter</name>
         <load_address>0x1774</load_address>
         <readonly>true</readonly>
         <executable>true</executable>
         <run_address>0x1774</run_address>
         <size>0x18</size>
         <alignment>0x4</alignment>
         <input_file_ref idref="fl-8"/>
      </object_component>
      <object_component id="oc-144">
         <name>.text.DL_UART_enablePower</name>
         <load_address>0x178c</load_address>
         <readonly>true</readonly>
         <executable>true</executable>
         <run_address>0x178c</run_address>
         <size>0x18</size>
         <alignment>0x4</alignment>
         <input_file_ref idref="fl-2"/>
      </object_component>
      <object_component id="oc-141">
         <name>.text.DL_UART_reset</name>
         <load_address>0x17a4</load_address>
         <readonly>true</readonly>
         <executable>true</executable>
         <run_address>0x17a4</run_address>
         <size>0x18</size>
         <alignment>0x4</alignment>
         <input_file_ref idref="fl-2"/>
      </object_component>
      <object_component id="oc-13b">
         <name>.text.DL_GPIO_readPins</name>
         <load_address>0x17bc</load_address>
         <readonly>true</readonly>
         <executable>true</executable>
         <run_address>0x17bc</run_address>
         <size>0x16</size>
         <alignment>0x2</alignment>
         <input_file_ref idref="fl-7"/>
      </object_component>
      <object_component id="oc-17b">
         <name>.text.DL_UART_enable</name>
         <load_address>0x17d2</load_address>
         <readonly>true</readonly>
         <executable>true</executable>
         <run_address>0x17d2</run_address>
         <size>0x16</size>
         <alignment>0x2</alignment>
         <input_file_ref idref="fl-2"/>
      </object_component>
      <object_component id="oc-6d">
         <name>.text:decompress:ZI:__TI_zero_init_nomemset</name>
         <load_address>0x17e8</load_address>
         <readonly>true</readonly>
         <executable>true</executable>
         <run_address>0x17e8</run_address>
         <size>0x16</size>
         <alignment>0x2</alignment>
         <input_file_ref idref="fl-39"/>
      </object_component>
      <object_component id="oc-dd">
         <name>.text.DL_GPIO_clearPins</name>
         <load_address>0x17fe</load_address>
         <readonly>true</readonly>
         <executable>true</executable>
         <run_address>0x17fe</run_address>
         <size>0x14</size>
         <alignment>0x2</alignment>
         <input_file_ref idref="fl-1"/>
      </object_component>
      <object_component id="oc-85">
         <name>.text.DL_GPIO_clearPins</name>
         <load_address>0x1812</load_address>
         <readonly>true</readonly>
         <executable>true</executable>
         <run_address>0x1812</run_address>
         <size>0x14</size>
         <alignment>0x2</alignment>
         <input_file_ref idref="fl-6"/>
      </object_component>
      <object_component id="oc-10c">
         <name>.text.DL_GPIO_clearPins</name>
         <load_address>0x1826</load_address>
         <readonly>true</readonly>
         <executable>true</executable>
         <run_address>0x1826</run_address>
         <size>0x14</size>
         <alignment>0x2</alignment>
         <input_file_ref idref="fl-8"/>
      </object_component>
      <object_component id="oc-14e">
         <name>.text.DL_GPIO_clearPins</name>
         <load_address>0x183a</load_address>
         <readonly>true</readonly>
         <executable>true</executable>
         <run_address>0x183a</run_address>
         <size>0x14</size>
         <alignment>0x2</alignment>
         <input_file_ref idref="fl-2"/>
      </object_component>
      <object_component id="oc-157">
         <name>.text.DL_SYSCTL_disableSYSPLL</name>
         <load_address>0x1850</load_address>
         <readonly>true</readonly>
         <executable>true</executable>
         <run_address>0x1850</run_address>
         <size>0x14</size>
         <alignment>0x4</alignment>
         <input_file_ref idref="fl-2"/>
      </object_component>
      <object_component id="oc-167">
         <name>.text.DL_Timer_enableClock</name>
         <load_address>0x1864</load_address>
         <readonly>true</readonly>
         <executable>true</executable>
         <run_address>0x1864</run_address>
         <size>0x14</size>
         <alignment>0x4</alignment>
         <input_file_ref idref="fl-2"/>
      </object_component>
      <object_component id="oc-168">
         <name>.text.DL_Timer_setCCPDirection</name>
         <load_address>0x1878</load_address>
         <readonly>true</readonly>
         <executable>true</executable>
         <run_address>0x1878</run_address>
         <size>0x14</size>
         <alignment>0x2</alignment>
         <input_file_ref idref="fl-2"/>
      </object_component>
      <object_component id="oc-8e">
         <name>.text.DL_UART_receiveData</name>
         <load_address>0x188c</load_address>
         <readonly>true</readonly>
         <executable>true</executable>
         <run_address>0x188c</run_address>
         <size>0x14</size>
         <alignment>0x4</alignment>
         <input_file_ref idref="fl-a"/>
      </object_component>
      <object_component id="oc-93">
         <name>.text.DL_Timer_getPendingInterrupt</name>
         <load_address>0x18a0</load_address>
         <readonly>true</readonly>
         <executable>true</executable>
         <run_address>0x18a0</run_address>
         <size>0x12</size>
         <alignment>0x2</alignment>
         <input_file_ref idref="fl-5"/>
      </object_component>
      <object_component id="oc-8d">
         <name>.text.DL_UART_getPendingInterrupt</name>
         <load_address>0x18b2</load_address>
         <readonly>true</readonly>
         <executable>true</executable>
         <run_address>0x18b2</run_address>
         <size>0x12</size>
         <alignment>0x2</alignment>
         <input_file_ref idref="fl-a"/>
      </object_component>
      <object_component id="oc-171">
         <name>.text.DL_UART_setClockConfig</name>
         <load_address>0x18c4</load_address>
         <readonly>true</readonly>
         <executable>true</executable>
         <run_address>0x18c4</run_address>
         <size>0x12</size>
         <alignment>0x2</alignment>
         <input_file_ref idref="fl-1a"/>
      </object_component>
      <object_component id="oc-cb">
         <name>.text:TI_memcpy_small</name>
         <load_address>0x18d6</load_address>
         <readonly>true</readonly>
         <executable>true</executable>
         <run_address>0x18d6</run_address>
         <size>0x12</size>
         <alignment>0x1</alignment>
         <input_file_ref idref="fl-e8"/>
      </object_component>
      <object_component id="oc-20">
         <name>.text:decompress:none</name>
         <load_address>0x18e8</load_address>
         <readonly>true</readonly>
         <executable>true</executable>
         <run_address>0x18e8</run_address>
         <size>0x12</size>
         <alignment>0x2</alignment>
         <input_file_ref idref="fl-3a"/>
      </object_component>
      <object_component id="oc-156">
         <name>.text.DL_SYSCTL_disableHFXT</name>
         <load_address>0x18fc</load_address>
         <readonly>true</readonly>
         <executable>true</executable>
         <run_address>0x18fc</run_address>
         <size>0x10</size>
         <alignment>0x4</alignment>
         <input_file_ref idref="fl-2"/>
      </object_component>
      <object_component id="oc-10d">
         <name>.text.DL_Timer_setCaptureCompareValue</name>
         <load_address>0x190c</load_address>
         <readonly>true</readonly>
         <executable>true</executable>
         <run_address>0x190c</run_address>
         <size>0x10</size>
         <alignment>0x4</alignment>
         <input_file_ref idref="fl-19"/>
      </object_component>
      <object_component id="oc-c1">
         <name>.text.Motor_Disable</name>
         <load_address>0x191c</load_address>
         <readonly>true</readonly>
         <executable>true</executable>
         <run_address>0x191c</run_address>
         <size>0x10</size>
         <alignment>0x4</alignment>
         <input_file_ref idref="fl-8"/>
      </object_component>
      <object_component id="oc-145">
         <name>.text.DL_Common_delayCycles</name>
         <load_address>0x192c</load_address>
         <readonly>true</readonly>
         <executable>true</executable>
         <run_address>0x192c</run_address>
         <size>0xa</size>
         <alignment>0x2</alignment>
         <input_file_ref idref="fl-18"/>
      </object_component>
      <object_component id="oc-66">
         <name>.text.__aeabi_memcpy</name>
         <load_address>0x1938</load_address>
         <readonly>true</readonly>
         <executable>true</executable>
         <run_address>0x1938</run_address>
         <size>0x8</size>
         <alignment>0x4</alignment>
         <input_file_ref idref="fl-e2"/>
      </object_component>
      <object_component id="oc-e1">
         <name>.text:abort</name>
         <load_address>0x1940</load_address>
         <readonly>true</readonly>
         <executable>true</executable>
         <run_address>0x1940</run_address>
         <size>0x6</size>
         <alignment>0x2</alignment>
         <input_file_ref idref="fl-3c"/>
      </object_component>
      <object_component id="oc-44">
         <name>.text.ADC0_IRQHandler</name>
         <load_address>0x1946</load_address>
         <readonly>true</readonly>
         <executable>true</executable>
         <run_address>0x1946</run_address>
         <size>0x4</size>
         <alignment>0x2</alignment>
         <input_file_ref idref="fl-5"/>
      </object_component>
      <object_component id="oc-45">
         <name>.text.ADC1_IRQHandler</name>
         <load_address>0x194a</load_address>
         <readonly>true</readonly>
         <executable>true</executable>
         <run_address>0x194a</run_address>
         <size>0x4</size>
         <alignment>0x2</alignment>
         <input_file_ref idref="fl-5"/>
      </object_component>
      <object_component id="oc-58">
         <name>.text.AES_IRQHandler</name>
         <load_address>0x194e</load_address>
         <readonly>true</readonly>
         <executable>true</executable>
         <run_address>0x194e</run_address>
         <size>0x4</size>
         <alignment>0x2</alignment>
         <input_file_ref idref="fl-5"/>
      </object_component>
      <object_component id="oc-46">
         <name>.text.CANFD0_IRQHandler</name>
         <load_address>0x1952</load_address>
         <readonly>true</readonly>
         <executable>true</executable>
         <run_address>0x1952</run_address>
         <size>0x4</size>
         <alignment>0x2</alignment>
         <input_file_ref idref="fl-5"/>
      </object_component>
      <object_component id="oc-47">
         <name>.text.DAC0_IRQHandler</name>
         <load_address>0x1956</load_address>
         <readonly>true</readonly>
         <executable>true</executable>
         <run_address>0x1956</run_address>
         <size>0x4</size>
         <alignment>0x2</alignment>
         <input_file_ref idref="fl-5"/>
      </object_component>
      <object_component id="oc-5a">
         <name>.text.DMA_IRQHandler</name>
         <load_address>0x195a</load_address>
         <readonly>true</readonly>
         <executable>true</executable>
         <run_address>0x195a</run_address>
         <size>0x4</size>
         <alignment>0x2</alignment>
         <input_file_ref idref="fl-5"/>
      </object_component>
      <object_component id="oc-51">
         <name>.text.Default_Handler</name>
         <load_address>0x195e</load_address>
         <readonly>true</readonly>
         <executable>true</executable>
         <run_address>0x195e</run_address>
         <size>0x4</size>
         <alignment>0x2</alignment>
         <input_file_ref idref="fl-3"/>
      </object_component>
      <object_component id="oc-3c">
         <name>.text.GROUP0_IRQHandler</name>
         <load_address>0x1962</load_address>
         <readonly>true</readonly>
         <executable>true</executable>
         <run_address>0x1962</run_address>
         <size>0x4</size>
         <alignment>0x2</alignment>
         <input_file_ref idref="fl-5"/>
      </object_component>
      <object_component id="oc-12b">
         <name>.text.HOSTexit</name>
         <load_address>0x1966</load_address>
         <readonly>true</readonly>
         <executable>true</executable>
         <run_address>0x1966</run_address>
         <size>0x4</size>
         <alignment>0x2</alignment>
         <input_file_ref idref="fl-de"/>
      </object_component>
      <object_component id="oc-38">
         <name>.text.HardFault_Handler</name>
         <load_address>0x196a</load_address>
         <readonly>true</readonly>
         <executable>true</executable>
         <run_address>0x196a</run_address>
         <size>0x4</size>
         <alignment>0x2</alignment>
         <input_file_ref idref="fl-5"/>
      </object_component>
      <object_component id="oc-56">
         <name>.text.I2C0_IRQHandler</name>
         <load_address>0x196e</load_address>
         <readonly>true</readonly>
         <executable>true</executable>
         <run_address>0x196e</run_address>
         <size>0x4</size>
         <alignment>0x2</alignment>
         <input_file_ref idref="fl-5"/>
      </object_component>
      <object_component id="oc-57">
         <name>.text.I2C1_IRQHandler</name>
         <load_address>0x1972</load_address>
         <readonly>true</readonly>
         <executable>true</executable>
         <run_address>0x1972</run_address>
         <size>0x4</size>
         <alignment>0x2</alignment>
         <input_file_ref idref="fl-5"/>
      </object_component>
      <object_component id="oc-33">
         <name>.text.NMI_Handler</name>
         <load_address>0x1976</load_address>
         <readonly>true</readonly>
         <executable>true</executable>
         <run_address>0x1976</run_address>
         <size>0x4</size>
         <alignment>0x2</alignment>
         <input_file_ref idref="fl-5"/>
      </object_component>
      <object_component id="oc-3a">
         <name>.text.PendSV_Handler</name>
         <load_address>0x197a</load_address>
         <readonly>true</readonly>
         <executable>true</executable>
         <run_address>0x197a</run_address>
         <size>0x4</size>
         <alignment>0x2</alignment>
         <input_file_ref idref="fl-5"/>
      </object_component>
      <object_component id="oc-59">
         <name>.text.RTC_IRQHandler</name>
         <load_address>0x197e</load_address>
         <readonly>true</readonly>
         <executable>true</executable>
         <run_address>0x197e</run_address>
         <size>0x4</size>
         <alignment>0x2</alignment>
         <input_file_ref idref="fl-5"/>
      </object_component>
      <object_component id="oc-2f">
         <name>.text.Reset_Handler</name>
         <load_address>0x1982</load_address>
         <readonly>true</readonly>
         <executable>true</executable>
         <run_address>0x1982</run_address>
         <size>0x4</size>
         <alignment>0x2</alignment>
         <input_file_ref idref="fl-3"/>
      </object_component>
      <object_component id="oc-48">
         <name>.text.SPI0_IRQHandler</name>
         <load_address>0x1986</load_address>
         <readonly>true</readonly>
         <executable>true</executable>
         <run_address>0x1986</run_address>
         <size>0x4</size>
         <alignment>0x2</alignment>
         <input_file_ref idref="fl-5"/>
      </object_component>
      <object_component id="oc-49">
         <name>.text.SPI1_IRQHandler</name>
         <load_address>0x198a</load_address>
         <readonly>true</readonly>
         <executable>true</executable>
         <run_address>0x198a</run_address>
         <size>0x4</size>
         <alignment>0x2</alignment>
         <input_file_ref idref="fl-5"/>
      </object_component>
      <object_component id="oc-39">
         <name>.text.SVC_Handler</name>
         <load_address>0x198e</load_address>
         <readonly>true</readonly>
         <executable>true</executable>
         <run_address>0x198e</run_address>
         <size>0x4</size>
         <alignment>0x2</alignment>
         <input_file_ref idref="fl-5"/>
      </object_component>
      <object_component id="oc-3b">
         <name>.text.SysTick_Handler</name>
         <load_address>0x1992</load_address>
         <readonly>true</readonly>
         <executable>true</executable>
         <run_address>0x1992</run_address>
         <size>0x4</size>
         <alignment>0x2</alignment>
         <input_file_ref idref="fl-5"/>
      </object_component>
      <object_component id="oc-55">
         <name>.text.TIMG12_IRQHandler</name>
         <load_address>0x1996</load_address>
         <readonly>true</readonly>
         <executable>true</executable>
         <run_address>0x1996</run_address>
         <size>0x4</size>
         <alignment>0x2</alignment>
         <input_file_ref idref="fl-5"/>
      </object_component>
      <object_component id="oc-52">
         <name>.text.TIMG6_IRQHandler</name>
         <load_address>0x199a</load_address>
         <readonly>true</readonly>
         <executable>true</executable>
         <run_address>0x199a</run_address>
         <size>0x4</size>
         <alignment>0x2</alignment>
         <input_file_ref idref="fl-5"/>
      </object_component>
      <object_component id="oc-54">
         <name>.text.TIMG7_IRQHandler</name>
         <load_address>0x199e</load_address>
         <readonly>true</readonly>
         <executable>true</executable>
         <run_address>0x199e</run_address>
         <size>0x4</size>
         <alignment>0x2</alignment>
         <input_file_ref idref="fl-5"/>
      </object_component>
      <object_component id="oc-42">
         <name>.text.TIMG8_IRQHandler</name>
         <load_address>0x19a2</load_address>
         <readonly>true</readonly>
         <executable>true</executable>
         <run_address>0x19a2</run_address>
         <size>0x4</size>
         <alignment>0x2</alignment>
         <input_file_ref idref="fl-5"/>
      </object_component>
      <object_component id="oc-50">
         <name>.text.UART0_IRQHandler</name>
         <load_address>0x19a6</load_address>
         <readonly>true</readonly>
         <executable>true</executable>
         <run_address>0x19a6</run_address>
         <size>0x4</size>
         <alignment>0x2</alignment>
         <input_file_ref idref="fl-5"/>
      </object_component>
      <object_component id="oc-4f">
         <name>.text.UART2_IRQHandler</name>
         <load_address>0x19aa</load_address>
         <readonly>true</readonly>
         <executable>true</executable>
         <run_address>0x19aa</run_address>
         <size>0x4</size>
         <alignment>0x2</alignment>
         <input_file_ref idref="fl-5"/>
      </object_component>
      <object_component id="oc-43">
         <name>.text.UART3_IRQHandler</name>
         <load_address>0x19ae</load_address>
         <readonly>true</readonly>
         <executable>true</executable>
         <run_address>0x19ae</run_address>
         <size>0x4</size>
         <alignment>0x2</alignment>
         <input_file_ref idref="fl-5"/>
      </object_component>
      <object_component id="oc-a1">
         <name>.text._system_pre_init</name>
         <load_address>0x19b2</load_address>
         <readonly>true</readonly>
         <executable>true</executable>
         <run_address>0x19b2</run_address>
         <size>0x4</size>
         <alignment>0x2</alignment>
         <input_file_ref idref="fl-37"/>
      </object_component>
      <object_component id="oc-1d4">
         <name>__TI_handler_table</name>
         <load_address>0x1a40</load_address>
         <readonly>true</readonly>
         <run_address>0x1a40</run_address>
         <size>0xc</size>
         <alignment>0x4</alignment>
      </object_component>
      <object_component id="oc-1d7">
         <name>.cinit..bss.load</name>
         <load_address>0x1a4c</load_address>
         <readonly>true</readonly>
         <run_address>0x1a4c</run_address>
         <size>0x8</size>
         <alignment>0x4</alignment>
      </object_component>
      <object_component id="oc-1d6">
         <name>.cinit..data.load</name>
         <load_address>0x1a54</load_address>
         <readonly>true</readonly>
         <run_address>0x1a54</run_address>
         <size>0x7</size>
         <alignment>0x1</alignment>
      </object_component>
      <object_component id="oc-1d5">
         <name>__TI_cinit_table</name>
         <load_address>0x1a5c</load_address>
         <readonly>true</readonly>
         <run_address>0x1a5c</run_address>
         <size>0x10</size>
         <alignment>0x4</alignment>
      </object_component>
      <object_component id="oc-161">
         <name>.rodata.gSYSPLLConfig</name>
         <load_address>0x19b8</load_address>
         <readonly>true</readonly>
         <run_address>0x19b8</run_address>
         <size>0x28</size>
         <alignment>0x4</alignment>
         <input_file_ref idref="fl-2"/>
      </object_component>
      <object_component id="oc-170">
         <name>.rodata.gTIMER_BUTTONTimerConfig</name>
         <load_address>0x19e0</load_address>
         <readonly>true</readonly>
         <run_address>0x19e0</run_address>
         <size>0x14</size>
         <alignment>0x4</alignment>
         <input_file_ref idref="fl-2"/>
      </object_component>
      <object_component id="oc-16e">
         <name>.rodata.gTIMER_LOGICTimerConfig</name>
         <load_address>0x19f4</load_address>
         <readonly>true</readonly>
         <run_address>0x19f4</run_address>
         <size>0x14</size>
         <alignment>0x4</alignment>
         <input_file_ref idref="fl-2"/>
      </object_component>
      <object_component id="oc-181">
         <name>.rodata.gUART_CVConfig</name>
         <load_address>0x1a08</load_address>
         <readonly>true</readonly>
         <run_address>0x1a08</run_address>
         <size>0xa</size>
         <alignment>0x2</alignment>
         <input_file_ref idref="fl-2"/>
      </object_component>
      <object_component id="oc-17f">
         <name>.rodata.gUART_STMConfig</name>
         <load_address>0x1a12</load_address>
         <readonly>true</readonly>
         <run_address>0x1a12</run_address>
         <size>0xa</size>
         <alignment>0x2</alignment>
         <input_file_ref idref="fl-2"/>
      </object_component>
      <object_component id="oc-17d">
         <name>.rodata.gUART_TJCConfig</name>
         <load_address>0x1a1c</load_address>
         <readonly>true</readonly>
         <run_address>0x1a1c</run_address>
         <size>0xa</size>
         <alignment>0x2</alignment>
         <input_file_ref idref="fl-2"/>
      </object_component>
      <object_component id="oc-180">
         <name>.rodata.gUART_CVClockConfig</name>
         <load_address>0x1a26</load_address>
         <readonly>true</readonly>
         <run_address>0x1a26</run_address>
         <size>0x2</size>
         <alignment>0x1</alignment>
         <input_file_ref idref="fl-2"/>
      </object_component>
      <object_component id="oc-16a">
         <name>.rodata.gPWM_ENCODERConfig</name>
         <load_address>0x1a28</load_address>
         <readonly>true</readonly>
         <run_address>0x1a28</run_address>
         <size>0x8</size>
         <alignment>0x4</alignment>
         <input_file_ref idref="fl-2"/>
      </object_component>
      <object_component id="oc-169">
         <name>.rodata.gPWM_ENCODERClockConfig</name>
         <load_address>0x1a30</load_address>
         <readonly>true</readonly>
         <run_address>0x1a30</run_address>
         <size>0x3</size>
         <alignment>0x1</alignment>
         <input_file_ref idref="fl-2"/>
      </object_component>
      <object_component id="oc-16f">
         <name>.rodata.gTIMER_BUTTONClockConfig</name>
         <load_address>0x1a33</load_address>
         <readonly>true</readonly>
         <run_address>0x1a33</run_address>
         <size>0x3</size>
         <alignment>0x1</alignment>
         <input_file_ref idref="fl-2"/>
      </object_component>
      <object_component id="oc-16d">
         <name>.rodata.gTIMER_LOGICClockConfig</name>
         <load_address>0x1a36</load_address>
         <readonly>true</readonly>
         <run_address>0x1a36</run_address>
         <size>0x3</size>
         <alignment>0x1</alignment>
         <input_file_ref idref="fl-2"/>
      </object_component>
      <object_component id="oc-17e">
         <name>.rodata.gUART_STMClockConfig</name>
         <load_address>0x1a39</load_address>
         <readonly>true</readonly>
         <run_address>0x1a39</run_address>
         <size>0x2</size>
         <alignment>0x1</alignment>
         <input_file_ref idref="fl-2"/>
      </object_component>
      <object_component id="oc-17c">
         <name>.rodata.gUART_TJCClockConfig</name>
         <load_address>0x1a3b</load_address>
         <readonly>true</readonly>
         <run_address>0x1a3b</run_address>
         <size>0x2</size>
         <alignment>0x1</alignment>
         <input_file_ref idref="fl-2"/>
      </object_component>
      <object_component id="oc-19e">
         <name>.binit</name>
         <load_address>0x0</load_address>
         <readonly>true</readonly>
         <run_address>0x0</run_address>
         <size>0x0</size>
         <alignment>0x4</alignment>
      </object_component>
      <object_component id="oc-c8">
         <name>.data.corner_count</name>
         <load_address>0x202001c0</load_address>
         <readwrite>true</readwrite>
         <run_address>0x202001c0</run_address>
         <size>0x1</size>
         <alignment>0x1</alignment>
         <input_file_ref idref="fl-4"/>
      </object_component>
      <object_component id="oc-c9">
         <name>.data.cur_circle</name>
         <load_address>0x202001c1</load_address>
         <readwrite>true</readwrite>
         <run_address>0x202001c1</run_address>
         <size>0x1</size>
         <alignment>0x1</alignment>
         <input_file_ref idref="fl-4"/>
      </object_component>
      <object_component id="oc-89">
         <name>.data.current_state</name>
         <load_address>0x202001c2</load_address>
         <readwrite>true</readwrite>
         <run_address>0x202001c2</run_address>
         <size>0x1</size>
         <alignment>0x1</alignment>
         <input_file_ref idref="fl-4"/>
      </object_component>
      <object_component id="oc-88">
         <name>.data.tar_circle</name>
         <load_address>0x202001c5</load_address>
         <readwrite>true</readwrite>
         <run_address>0x202001c5</run_address>
         <size>0x1</size>
         <alignment>0x1</alignment>
         <input_file_ref idref="fl-6"/>
      </object_component>
      <object_component id="oc-ca">
         <name>.data.Line_Num</name>
         <load_address>0x202001bc</load_address>
         <readwrite>true</readwrite>
         <run_address>0x202001bc</run_address>
         <size>0x4</size>
         <alignment>0x4</alignment>
         <input_file_ref idref="fl-7"/>
      </object_component>
      <object_component id="oc-8f">
         <name>.data.receive_state</name>
         <load_address>0x202001c3</load_address>
         <readwrite>true</readwrite>
         <run_address>0x202001c3</run_address>
         <size>0x1</size>
         <alignment>0x1</alignment>
         <input_file_ref idref="fl-a"/>
      </object_component>
      <object_component id="oc-90">
         <name>.data.received_number</name>
         <load_address>0x202001c4</load_address>
         <readwrite>true</readwrite>
         <run_address>0x202001c4</run_address>
         <size>0x1</size>
         <alignment>0x1</alignment>
         <input_file_ref idref="fl-a"/>
      </object_component>
      <object_component id="oc-114">
         <name>.bss.Motor_SetSpeed.speed1_out</name>
         <uninitialized>true</uninitialized>
         <readwrite>true</readwrite>
         <run_address>0x202001ac</run_address>
         <size>0x2</size>
         <alignment>0x2</alignment>
         <input_file_ref idref="fl-8"/>
      </object_component>
      <object_component id="oc-115">
         <name>.bss.Motor_SetSpeed.speed2_out</name>
         <uninitialized>true</uninitialized>
         <readwrite>true</readwrite>
         <run_address>0x202001ae</run_address>
         <size>0x2</size>
         <alignment>0x2</alignment>
         <input_file_ref idref="fl-8"/>
      </object_component>
      <object_component id="oc-126">
         <name>.common:gPWM_ENCODERBackup</name>
         <uninitialized>true</uninitialized>
         <readwrite>true</readwrite>
         <run_address>0x20200000</run_address>
         <size>0xbc</size>
         <alignment>0x4</alignment>
      </object_component>
      <object_component id="oc-127">
         <name>.common:gTIMER_LOGICBackup</name>
         <uninitialized>true</uninitialized>
         <readwrite>true</readwrite>
         <run_address>0x202000bc</run_address>
         <size>0xbc</size>
         <alignment>0x4</alignment>
      </object_component>
      <object_component id="oc-128">
         <name>.common:gUART_STMBackup</name>
         <uninitialized>true</uninitialized>
         <readwrite>true</readwrite>
         <run_address>0x20200178</run_address>
         <size>0x30</size>
         <alignment>0x4</alignment>
      </object_component>
      <object_component id="oc-c7">
         <name>.common:wait_time</name>
         <uninitialized>true</uninitialized>
         <readwrite>true</readwrite>
         <run_address>0x202001b0</run_address>
         <size>0x2</size>
         <alignment>0x2</alignment>
      </object_component>
      <object_component id="oc-87">
         <name>.common:gpio_interrupt_key</name>
         <uninitialized>true</uninitialized>
         <readwrite>true</readwrite>
         <run_address>0x202001a8</run_address>
         <size>0x4</size>
         <alignment>0x4</alignment>
      </object_component>
      <object_component id="oc-fe">
         <name>.common:L3_Val</name>
         <uninitialized>true</uninitialized>
         <readwrite>true</readwrite>
         <run_address>0x202001b4</run_address>
         <size>0x1</size>
         <alignment>0x1</alignment>
      </object_component>
      <object_component id="oc-ff">
         <name>.common:L2_Val</name>
         <uninitialized>true</uninitialized>
         <readwrite>true</readwrite>
         <run_address>0x202001b3</run_address>
         <size>0x1</size>
         <alignment>0x1</alignment>
      </object_component>
      <object_component id="oc-100">
         <name>.common:R3_Val</name>
         <uninitialized>true</uninitialized>
         <readwrite>true</readwrite>
         <run_address>0x202001b8</run_address>
         <size>0x1</size>
         <alignment>0x1</alignment>
      </object_component>
      <object_component id="oc-101">
         <name>.common:L1_Val</name>
         <uninitialized>true</uninitialized>
         <readwrite>true</readwrite>
         <run_address>0x202001b2</run_address>
         <size>0x1</size>
         <alignment>0x1</alignment>
      </object_component>
      <object_component id="oc-102">
         <name>.common:M_Val</name>
         <uninitialized>true</uninitialized>
         <readwrite>true</readwrite>
         <run_address>0x202001b5</run_address>
         <size>0x1</size>
         <alignment>0x1</alignment>
      </object_component>
      <object_component id="oc-103">
         <name>.common:R1_Val</name>
         <uninitialized>true</uninitialized>
         <readwrite>true</readwrite>
         <run_address>0x202001b6</run_address>
         <size>0x1</size>
         <alignment>0x1</alignment>
      </object_component>
      <object_component id="oc-104">
         <name>.common:R2_Val</name>
         <uninitialized>true</uninitialized>
         <readwrite>true</readwrite>
         <run_address>0x202001b7</run_address>
         <size>0x1</size>
         <alignment>0x1</alignment>
      </object_component>
      <object_component id="oc-105">
         <name>.common:sensor_state</name>
         <uninitialized>true</uninitialized>
         <readwrite>true</readwrite>
         <run_address>0x202001b9</run_address>
         <size>0x1</size>
         <alignment>0x1</alignment>
      </object_component>
      <object_component id="oc-1a">
         <name>.stack</name>
         <uninitialized>true</uninitialized>
         <readwrite>true</readwrite>
         <run_address>0x20207e00</run_address>
         <size>0x4</size>
         <alignment>0x4</alignment>
         <input_file_ref idref="fl-34"/>
      </object_component>
      <object_component id="oc-1d9">
         <name>.stack</name>
         <uninitialized>true</uninitialized>
         <readwrite>true</readwrite>
         <run_address>0x20207e00</run_address>
         <size>0x0</size>
         <alignment>0x8</alignment>
      </object_component>
      <object_component id="oc-df">
         <name>.debug_abbrev</name>
         <load_address>0x0</load_address>
         <run_address>0x0</run_address>
         <size>0x134</size>
         <alignment>0x1</alignment>
         <input_file_ref idref="fl-1"/>
      </object_component>
      <object_component id="oc-129">
         <name>.debug_abbrev</name>
         <load_address>0x134</load_address>
         <run_address>0x134</run_address>
         <size>0x1fc</size>
         <alignment>0x1</alignment>
         <input_file_ref idref="fl-2"/>
      </object_component>
      <object_component id="oc-5b">
         <name>.debug_abbrev</name>
         <load_address>0x330</load_address>
         <run_address>0x330</run_address>
         <size>0x6d</size>
         <alignment>0x1</alignment>
         <input_file_ref idref="fl-3"/>
      </object_component>
      <object_component id="oc-ba">
         <name>.debug_abbrev</name>
         <load_address>0x39d</load_address>
         <run_address>0x39d</run_address>
         <size>0x8f</size>
         <alignment>0x1</alignment>
         <input_file_ref idref="fl-4"/>
      </object_component>
      <object_component id="oc-7d">
         <name>.debug_abbrev</name>
         <load_address>0x42c</load_address>
         <run_address>0x42c</run_address>
         <size>0x135</size>
         <alignment>0x1</alignment>
         <input_file_ref idref="fl-5"/>
      </object_component>
      <object_component id="oc-8b">
         <name>.debug_abbrev</name>
         <load_address>0x561</load_address>
         <run_address>0x561</run_address>
         <size>0x121</size>
         <alignment>0x1</alignment>
         <input_file_ref idref="fl-6"/>
      </object_component>
      <object_component id="oc-106">
         <name>.debug_abbrev</name>
         <load_address>0x682</load_address>
         <run_address>0x682</run_address>
         <size>0x10b</size>
         <alignment>0x1</alignment>
         <input_file_ref idref="fl-7"/>
      </object_component>
      <object_component id="oc-109">
         <name>.debug_abbrev</name>
         <load_address>0x78d</load_address>
         <run_address>0x78d</run_address>
         <size>0x13f</size>
         <alignment>0x1</alignment>
         <input_file_ref idref="fl-8"/>
      </object_component>
      <object_component id="oc-91">
         <name>.debug_abbrev</name>
         <load_address>0x8cc</load_address>
         <run_address>0x8cc</run_address>
         <size>0x167</size>
         <alignment>0x1</alignment>
         <input_file_ref idref="fl-a"/>
      </object_component>
      <object_component id="oc-18d">
         <name>.debug_abbrev</name>
         <load_address>0xa33</load_address>
         <run_address>0xa33</run_address>
         <size>0x62</size>
         <alignment>0x1</alignment>
         <input_file_ref idref="fl-18"/>
      </object_component>
      <object_component id="oc-13c">
         <name>.debug_abbrev</name>
         <load_address>0xa95</load_address>
         <run_address>0xa95</run_address>
         <size>0x286</size>
         <alignment>0x1</alignment>
         <input_file_ref idref="fl-19"/>
      </object_component>
      <object_component id="oc-193">
         <name>.debug_abbrev</name>
         <load_address>0xd1b</load_address>
         <run_address>0xd1b</run_address>
         <size>0x29b</size>
         <alignment>0x1</alignment>
         <input_file_ref idref="fl-1a"/>
      </object_component>
      <object_component id="oc-191">
         <name>.debug_abbrev</name>
         <load_address>0xfb6</load_address>
         <run_address>0xfb6</run_address>
         <size>0x218</size>
         <alignment>0x1</alignment>
         <input_file_ref idref="fl-1b"/>
      </object_component>
      <object_component id="oc-5d">
         <name>.debug_abbrev</name>
         <load_address>0x11ce</load_address>
         <run_address>0x11ce</run_address>
         <size>0xaf</size>
         <alignment>0x1</alignment>
         <input_file_ref idref="fl-34"/>
      </object_component>
      <object_component id="oc-135">
         <name>.debug_abbrev</name>
         <load_address>0x127d</load_address>
         <run_address>0x127d</run_address>
         <size>0x170</size>
         <alignment>0x1</alignment>
         <input_file_ref idref="fl-36"/>
      </object_component>
      <object_component id="oc-d3">
         <name>.debug_abbrev</name>
         <load_address>0x13ed</load_address>
         <run_address>0x13ed</run_address>
         <size>0x39</size>
         <alignment>0x1</alignment>
         <input_file_ref idref="fl-37"/>
      </object_component>
      <object_component id="oc-9a">
         <name>.debug_abbrev</name>
         <load_address>0x1426</load_address>
         <run_address>0x1426</run_address>
         <size>0xc2</size>
         <alignment>0x1</alignment>
         <input_file_ref idref="fl-39"/>
      </object_component>
      <object_component id="oc-6a">
         <name>.debug_abbrev</name>
         <load_address>0x14e8</load_address>
         <run_address>0x14e8</run_address>
         <size>0x70</size>
         <alignment>0x1</alignment>
         <input_file_ref idref="fl-3a"/>
      </object_component>
      <object_component id="oc-62">
         <name>.debug_abbrev</name>
         <load_address>0x1558</load_address>
         <run_address>0x1558</run_address>
         <size>0x8d</size>
         <alignment>0x1</alignment>
         <input_file_ref idref="fl-3b"/>
      </object_component>
      <object_component id="oc-12f">
         <name>.debug_abbrev</name>
         <load_address>0x15e5</load_address>
         <run_address>0x15e5</run_address>
         <size>0x98</size>
         <alignment>0x1</alignment>
         <input_file_ref idref="fl-3c"/>
      </object_component>
      <object_component id="oc-182">
         <name>.debug_abbrev</name>
         <load_address>0x167d</load_address>
         <run_address>0x167d</run_address>
         <size>0x2c</size>
         <alignment>0x1</alignment>
         <input_file_ref idref="fl-de"/>
      </object_component>
      <object_component id="oc-99">
         <name>.debug_abbrev</name>
         <load_address>0x16a9</load_address>
         <run_address>0x16a9</run_address>
         <size>0x27</size>
         <alignment>0x1</alignment>
         <input_file_ref idref="fl-e2"/>
      </object_component>
      <object_component id="oc-b9">
         <name>.debug_abbrev</name>
         <load_address>0x16d0</load_address>
         <run_address>0x16d0</run_address>
         <size>0x27</size>
         <alignment>0x1</alignment>
         <input_file_ref idref="fl-e4"/>
      </object_component>
      <object_component id="oc-fa">
         <name>.debug_abbrev</name>
         <load_address>0x16f7</load_address>
         <run_address>0x16f7</run_address>
         <size>0x59</size>
         <alignment>0x1</alignment>
         <input_file_ref idref="fl-e7"/>
      </object_component>
      <object_component id="oc-116">
         <name>.debug_abbrev</name>
         <load_address>0x1750</load_address>
         <run_address>0x1750</run_address>
         <size>0x25</size>
         <alignment>0x1</alignment>
         <input_file_ref idref="fl-e8"/>
      </object_component>
      <object_component id="oc-1db">
         <name>.debug_abbrev</name>
         <load_address>0x1775</load_address>
         <run_address>0x1775</run_address>
         <size>0xf</size>
         <alignment>0x0</alignment>
      </object_component>
      <object_component id="oc-a6">
         <name>.debug_info</name>
         <load_address>0x0</load_address>
         <run_address>0x0</run_address>
         <size>0x1037</size>
         <alignment>0x1</alignment>
         <input_file_ref idref="fl-1"/>
      </object_component>
      <object_component id="oc-d6">
         <name>.debug_info</name>
         <load_address>0x1037</load_address>
         <run_address>0x1037</run_address>
         <size>0x323a</size>
         <alignment>0x1</alignment>
         <input_file_ref idref="fl-2"/>
      </object_component>
      <object_component id="oc-19">
         <name>.debug_info</name>
         <load_address>0x4271</load_address>
         <run_address>0x4271</run_address>
         <size>0x80</size>
         <alignment>0x1</alignment>
         <input_file_ref idref="fl-3"/>
      </object_component>
      <object_component id="oc-8a">
         <name>.debug_info</name>
         <load_address>0x42f1</load_address>
         <run_address>0x42f1</run_address>
         <size>0x1fb</size>
         <alignment>0x1</alignment>
         <input_file_ref idref="fl-4"/>
      </object_component>
      <object_component id="oc-35">
         <name>.debug_info</name>
         <load_address>0x44ec</load_address>
         <run_address>0x44ec</run_address>
         <size>0x971</size>
         <alignment>0x1</alignment>
         <input_file_ref idref="fl-5"/>
      </object_component>
      <object_component id="oc-40">
         <name>.debug_info</name>
         <load_address>0x4e5d</load_address>
         <run_address>0x4e5d</run_address>
         <size>0x968</size>
         <alignment>0x1</alignment>
         <input_file_ref idref="fl-6"/>
      </object_component>
      <object_component id="oc-bd">
         <name>.debug_info</name>
         <load_address>0x57c5</load_address>
         <run_address>0x57c5</run_address>
         <size>0x8b0</size>
         <alignment>0x1</alignment>
         <input_file_ref idref="fl-7"/>
      </object_component>
      <object_component id="oc-c2">
         <name>.debug_info</name>
         <load_address>0x6075</load_address>
         <run_address>0x6075</run_address>
         <size>0xf19</size>
         <alignment>0x1</alignment>
         <input_file_ref idref="fl-8"/>
      </object_component>
      <object_component id="oc-4b">
         <name>.debug_info</name>
         <load_address>0x6f8e</load_address>
         <run_address>0x6f8e</run_address>
         <size>0x84e</size>
         <alignment>0x1</alignment>
         <input_file_ref idref="fl-a"/>
      </object_component>
      <object_component id="oc-147">
[...]
               <size>0x7c3a</size>
            </available_space>
            <allocated_space>
               <start_address>0x20207e00</start_address>
               <size>0x200</size>
               <logical_group_ref idref="lg-11"/>
            </allocated_space>
         </usage_details>
      </memory_area>
      <memory_area display="yes" color="green">
         <name>BCR_CONFIG</name>
         <page_id>0x0</page_id>
         <origin>0x41c00000</origin>
         <length>0xff</length>
         <used_space>0x0</used_space>
         <unused_space>0xff</unused_space>
         <attributes>R</attributes>
         <usage_details>
         </usage_details>
      </memory_area>
      <memory_area display="yes" color="green">
         <name>BSL_CONFIG</name>
         <page_id>0x0</page_id>
         <origin>0x41c00100</origin>
         <length>0x80</length>
         <used_space>0x0</used_space>
         <unused_space>0x80</unused_space>
         <attributes>R</attributes>
         <usage_details>
         </usage_details>
      </memory_area>
   </placement_map>
   <cptbl_list>
      <cptbl>
         <name>__TI_cinit_table</name>
         <cprec>
            <name>.bss</name>
            <load_address>0x1a4c</load_address>
            <load_size>0x8</load_size>
            <run_address>0x20200000</run_address>
            <run_size>0x1ba</run_size>
            <compression>zero_init</compression>
         </cprec>
         <cprec>
            <name>.data</name>
            <load_address>0x1a54</load_address>
            <load_size>0x7</load_size>
            <run_address>0x202001bc</run_address>
            <run_size>0xa</run_size>
            <compression>lzss</compression>
         </cprec>
      </cptbl>
   </cptbl_list>
   <handler_table>
      <handler_table_name>__TI_handler_table</handler_table_name>
      <handler>
         <index>0x0</index>
         <name>__TI_decompress_lzss</name>
      </handler>
      <handler>
         <index>0x1</index>
         <name>__TI_decompress_none</name>
      </handler>
      <handler>
         <index>0x2</index>
         <name>__TI_zero_init</name>
      </handler>
   </handler_table>
   <symbol_table>
      <symbol id="sm-1">
         <name>__start___llvm_prf_cnts</name>
         <value>0x20200000</value>
      </symbol>
      <symbol id="sm-2">
         <name>__stop___llvm_prf_cnts</name>
         <value>0x20200000</value>
      </symbol>
      <symbol id="sm-3">
         <name>__start___llvm_prf_bits</name>
         <value>0x20200000</value>
      </symbol>
      <symbol id="sm-4">
         <name>__stop___llvm_prf_bits</name>
         <value>0x20200000</value>
      </symbol>
      <symbol id="sm-5">
         <name>__TI_CINIT_Base</name>
         <value>0x1a5c</value>
      </symbol>
      <symbol id="sm-6">
         <name>__TI_CINIT_Limit</name>
         <value>0x1a6c</value>
      </symbol>
      <symbol id="sm-7">
         <name>__TI_CINIT_Warm</name>
         <value>0x1a6c</value>
      </symbol>
      <symbol id="sm-8">
         <name>__TI_Handler_Table_Base</name>
         <value>0x1a40</value>
      </symbol>
      <symbol id="sm-9">
         <name>__TI_Handler_Table_Limit</name>
         <value>0x1a4c</value>
      </symbol>
      <symbol id="sm-a">
         <name>binit</name>
         <value>0xffffffff</value>
      </symbol>
      <symbol id="sm-b">
         <name>__binit__</name>
         <value>0xffffffff</value>
      </symbol>
      <symbol id="sm-c">
         <name>__STACK_SIZE</name>
         <value>0x200</value>
      </symbol>
      <symbol id="sm-d">
         <name>__STACK_END</name>
         <value>0x20208000</value>
      </symbol>
      <symbol id="sm-e">
         <name>__TI_pprof_out_hndl</name>
         <value>0xffffffff</value>
      </symbol>
      <symbol id="sm-f">
         <name>__TI_prof_data_start</name>
         <value>0xffffffff</value>
      </symbol>
      <symbol id="sm-10">
         <name>__TI_prof_data_size</name>
         <value>0xffffffff</value>
      </symbol>
      <symbol id="sm-4f">
         <name>main</name>
         <value>0xd31</value>
         <object_component_ref idref="oc-a5"/>
      </symbol>
      <symbol id="sm-108">
         <name>SYSCFG_DL_init</name>
         <value>0x1129</value>
         <object_component_ref idref="oc-d5"/>
      </symbol>
      <symbol id="sm-109">
         <name>SYSCFG_DL_initPower</name>
         <value>0xdd5</value>
         <object_component_ref idref="oc-11d"/>
      </symbol>
      <symbol id="sm-10a">
         <name>SYSCFG_DL_GPIO_init</name>
         <value>0x329</value>
         <object_component_ref idref="oc-11e"/>
      </symbol>
      <symbol id="sm-10b">
         <name>SYSCFG_DL_SYSCTL_init</name>
         <value>0x1099</value>
         <object_component_ref idref="oc-11f"/>
      </symbol>
      <symbol id="sm-10c">
         <name>SYSCFG_DL_PWM_ENCODER_init</name>
         <value>0xe75</value>
         <object_component_ref idref="oc-120"/>
      </symbol>
      <symbol id="sm-10d">
         <name>SYSCFG_DL_TIMER_LOGIC_init</name>
         <value>0x12b1</value>
         <object_component_ref idref="oc-121"/>
      </symbol>
      <symbol id="sm-10e">
         <name>SYSCFG_DL_TIMER_BUTTON_init</name>
         <value>0x135d</value>
         <object_component_ref idref="oc-122"/>
      </symbol>
      <symbol id="sm-10f">
         <name>SYSCFG_DL_UART_TJC_init</name>
         <value>0x10e1</value>
         <object_component_ref idref="oc-123"/>
      </symbol>
      <symbol id="sm-110">
         <name>SYSCFG_DL_UART_STM_init</name>
         <value>0x11f5</value>
         <object_component_ref idref="oc-124"/>
      </symbol>
      <symbol id="sm-111">
         <name>SYSCFG_DL_UART_CV_init</name>
         <value>0x11b5</value>
         <object_component_ref idref="oc-125"/>
      </symbol>
      <symbol id="sm-112">
         <name>gPWM_ENCODERBackup</name>
         <value>0x20200000</value>
      </symbol>
      <symbol id="sm-113">
         <name>gTIMER_LOGICBackup</name>
         <value>0x202000bc</value>
      </symbol>
      <symbol id="sm-114">
         <name>gUART_STMBackup</name>
         <value>0x20200178</value>
      </symbol>
      <symbol id="sm-11f">
         <name>Default_Handler</name>
         <value>0x195f</value>
         <object_component_ref idref="oc-51"/>
      </symbol>
      <symbol id="sm-120">
         <name>Reset_Handler</name>
         <value>0x1983</value>
         <object_component_ref idref="oc-2f"/>
      </symbol>
      <symbol id="sm-121">
         <name>interruptVectors</name>
         <value>0x0</value>
         <object_component_ref idref="oc-18"/>
      </symbol>
      <symbol id="sm-122">
         <name>TIMG0_IRQHandler</name>
         <value>0x195f</value>
         <object_component_ref idref="oc-51"/>
      </symbol>
      <symbol id="sm-123">
         <name>TIMA0_IRQHandler</name>
         <value>0x195f</value>
         <object_component_ref idref="oc-51"/>
      </symbol>
      <symbol id="sm-12e">
         <name>control</name>
         <value>0x995</value>
         <object_component_ref idref="oc-95"/>
      </symbol>
      <symbol id="sm-12f">
         <name>current_state</name>
         <value>0x202001c2</value>
         <object_component_ref idref="oc-89"/>
      </symbol>
      <symbol id="sm-130">
         <name>wait_time</name>
         <value>0x202001b0</value>
      </symbol>
      <symbol id="sm-131">
         <name>corner_count</name>
         <value>0x202001c0</value>
         <object_component_ref idref="oc-c8"/>
      </symbol>
      <symbol id="sm-132">
         <name>cur_circle</name>
         <value>0x202001c1</value>
         <object_component_ref idref="oc-c9"/>
      </symbol>
      <symbol id="sm-173">
         <name>TIMA1_IRQHandler</name>
         <value>0x1439</value>
         <object_component_ref idref="oc-53"/>
      </symbol>
      <symbol id="sm-174">
         <name>NMI_Handler</name>
         <value>0x1977</value>
         <object_component_ref idref="oc-33"/>
      </symbol>
      <symbol id="sm-175">
         <name>HardFault_Handler</name>
         <value>0x196b</value>
         <object_component_ref idref="oc-38"/>
      </symbol>
      <symbol id="sm-176">
         <name>SVC_Handler</name>
         <value>0x198f</value>
         <object_component_ref idref="oc-39"/>
      </symbol>
      <symbol id="sm-177">
         <name>PendSV_Handler</name>
         <value>0x197b</value>
         <object_component_ref idref="oc-3a"/>
      </symbol>
      <symbol id="sm-178">
         <name>SysTick_Handler</name>
         <value>0x1993</value>
         <object_component_ref idref="oc-3b"/>
      </symbol>
      <symbol id="sm-179">
         <name>GROUP0_IRQHandler</name>
         <value>0x1963</value>
         <object_component_ref idref="oc-3c"/>
      </symbol>
      <symbol id="sm-17a">
         <name>TIMG8_IRQHandler</name>
         <value>0x19a3</value>
         <object_component_ref idref="oc-42"/>
      </symbol>
      <symbol id="sm-17b">
         <name>UART3_IRQHandler</name>
         <value>0x19af</value>
         <object_component_ref idref="oc-43"/>
      </symbol>
      <symbol id="sm-17c">
         <name>ADC0_IRQHandler</name>
         <value>0x1947</value>
         <object_component_ref idref="oc-44"/>
      </symbol>
      <symbol id="sm-17d">
         <name>ADC1_IRQHandler</name>
         <value>0x194b</value>
         <object_component_ref idref="oc-45"/>
      </symbol>
      <symbol id="sm-17e">
         <name>CANFD0_IRQHandler</name>
         <value>0x1953</value>
         <object_component_ref idref="oc-46"/>
      </symbol>
      <symbol id="sm-17f">
         <name>DAC0_IRQHandler</name>
         <value>0x1957</value>
         <object_component_ref idref="oc-47"/>
      </symbol>
      <symbol id="sm-180">
         <name>SPI0_IRQHandler</name>
         <value>0x1987</value>
         <object_component_ref idref="oc-48"/>
      </symbol>
      <symbol id="sm-181">
         <name>SPI1_IRQHandler</name>
         <value>0x198b</value>
         <object_component_ref idref="oc-49"/>
      </symbol>
      <symbol id="sm-182">
         <name>UART2_IRQHandler</name>
         <value>0x19ab</value>
         <object_component_ref idref="oc-4f"/>
      </symbol>
      <symbol id="sm-183">
         <name>UART0_IRQHandler</name>
         <value>0x19a7</value>
         <object_component_ref idref="oc-50"/>
      </symbol>
      <symbol id="sm-184">
         <name>TIMG6_IRQHandler</name>
         <value>0x199b</value>
         <object_component_ref idref="oc-52"/>
      </symbol>
      <symbol id="sm-185">
         <name>TIMG7_IRQHandler</name>
         <value>0x199f</value>
         <object_component_ref idref="oc-54"/>
      </symbol>
      <symbol id="sm-186">
         <name>TIMG12_IRQHandler</name>
         <value>0x1997</value>
         <object_component_ref idref="oc-55"/>
      </symbol>
      <symbol id="sm-187">
         <name>I2C0_IRQHandler</name>
         <value>0x196f</value>
         <object_component_ref idref="oc-56"/>
      </symbol>
      <symbol id="sm-188">
         <name>I2C1_IRQHandler</name>
         <value>0x1973</value>
         <object_component_ref idref="oc-57"/>
      </symbol>
      <symbol id="sm-189">
         <name>AES_IRQHandler</name>
         <value>0x194f</value>
         <object_component_ref idref="oc-58"/>
      </symbol>
      <symbol id="sm-18a">
         <name>RTC_IRQHandler</name>
         <value>0x197f</value>
         <object_component_ref idref="oc-59"/>
      </symbol>
      <symbol id="sm-18b">
         <name>DMA_IRQHandler</name>
         <value>0x195b</value>
         <object_component_ref idref="oc-5a"/>
      </symbol>
      <symbol id="sm-1a6">
         <name>GROUP1_IRQHandler</name>
         <value>0x4f1</value>
         <object_component_ref idref="oc-3d"/>
      </symbol>
      <symbol id="sm-1a7">
         <name>gpio_interrupt_key</name>
         <value>0x202001a8</value>
      </symbol>
      <symbol id="sm-1a8">
         <name>tar_circle</name>
         <value>0x202001c5</value>
         <object_component_ref idref="oc-88"/>
      </symbol>
      <symbol id="sm-1b8">
         <name>Light_GoStraight_control</name>
         <value>0xc1</value>
         <object_component_ref idref="oc-bc"/>
      </symbol>
      <symbol id="sm-1b9">
         <name>Get_Light_TTL</name>
         <value>0x789</value>
         <object_component_ref idref="oc-fd"/>
      </symbol>
      <symbol id="sm-1ba">
         <name>L3_Val</name>
         <value>0x202001b4</value>
      </symbol>
      <symbol id="sm-1bb">
         <name>L2_Val</name>
         <value>0x202001b3</value>
      </symbol>
      <symbol id="sm-1bc">
         <name>R3_Val</name>
         <value>0x202001b8</value>
      </symbol>
      <symbol id="sm-1bd">
         <name>L1_Val</name>
         <value>0x202001b2</value>
      </symbol>
      <symbol id="sm-1be">
         <name>M_Val</name>
         <value>0x202001b5</value>
      </symbol>
      <symbol id="sm-1bf">
         <name>R1_Val</name>
         <value>0x202001b6</value>
      </symbol>
      <symbol id="sm-1c0">
         <name>R2_Val</name>
         <value>0x202001b7</value>
      </symbol>
      <symbol id="sm-1c1">
         <name>Line_Num</name>
         <value>0x202001bc</value>
         <object_component_ref idref="oc-ca"/>
      </symbol>
      <symbol id="sm-1c2">
         <name>sensor_state</name>
         <value>0x202001b9</value>
      </symbol>
      <symbol id="sm-1e2">
         <name>Motor_SetSpeed</name>
         <value>0x661</value>
         <object_component_ref idref="oc-c6"/>
      </symbol>
      <symbol id="sm-1e3">
         <name>Motor_Disable</name>
         <value>0x191d</value>
         <object_component_ref idref="oc-c1"/>
      </symbol>
      <symbol id="sm-1fb">
         <name>UART1_IRQHandler</name>
         <value>0xc55</value>
         <object_component_ref idref="oc-4a"/>
      </symbol>
      <symbol id="sm-1fc">
         <name>__TI_ATRegion0_src_addr</name>
         <value>0x0</value>
      </symbol>
      <symbol id="sm-1fd">
         <name>__TI_ATRegion0_trg_addr</name>
         <value>0x0</value>
      </symbol>
      <symbol id="sm-1fe">
         <name>__TI_ATRegion0_region_sz</name>
         <value>0x0</value>
      </symbol>
      <symbol id="sm-1ff">
         <name>__TI_ATRegion1_src_addr</name>
         <value>0x0</value>
      </symbol>
      <symbol id="sm-200">
         <name>__TI_ATRegion1_trg_addr</name>
         <value>0x0</value>
      </symbol>
      <symbol id="sm-201">
         <name>__TI_ATRegion1_region_sz</name>
         <value>0x0</value>
      </symbol>
      <symbol id="sm-202">
         <name>__TI_ATRegion2_src_addr</name>
         <value>0x0</value>
      </symbol>
      <symbol id="sm-203">
         <name>__TI_ATRegion2_trg_addr</name>
         <value>0x0</value>
      </symbol>
      <symbol id="sm-204">
         <name>__TI_ATRegion2_region_sz</name>
         <value>0x0</value>
      </symbol>
      <symbol id="sm-20d">
         <name>DL_Common_delayCycles</name>
         <value>0x192d</value>
         <object_component_ref idref="oc-145"/>
      </symbol>
      <symbol id="sm-229">
         <name>DL_Timer_setClockConfig</name>
         <value>0x15d5</value>
         <object_component_ref idref="oc-162"/>
      </symbol>
      <symbol id="sm-22a">
         <name>DL_Timer_initTimerMode</name>
         <value>0xa91</value>
         <object_component_ref idref="oc-16b"/>
      </symbol>
      <symbol id="sm-22b">
         <name>DL_Timer_setCaptureCompareValue</name>
         <value>0x190d</value>
         <object_component_ref idref="oc-10d"/>
      </symbol>
      <symbol id="sm-22c">
         <name>DL_Timer_setCaptCompUpdateMethod</name>
         <value>0x15b9</value>
         <object_component_ref idref="oc-166"/>
      </symbol>
      <symbol id="sm-22d">
         <name>DL_Timer_setCaptureCompareOutCtl</name>
         <value>0x1745</value>
         <object_component_ref idref="oc-165"/>
      </symbol>
      <symbol id="sm-22e">
         <name>DL_Timer_initFourCCPWMMode</name>
         <value>0x891</value>
         <object_component_ref idref="oc-163"/>
      </symbol>
      <symbol id="sm-23b">
         <name>DL_UART_init</name>
         <value>0x1051</value>
         <object_component_ref idref="oc-177"/>
      </symbol>
      <symbol id="sm-23c">
         <name>DL_UART_setClockConfig</name>
         <value>0x18c5</value>
         <object_component_ref idref="oc-171"/>
      </symbol>
      <symbol id="sm-24a">
         <name>DL_SYSCTL_configSYSPLL</name>
         <value>0xb79</value>
         <object_component_ref idref="oc-158"/>
      </symbol>
      <symbol id="sm-24b">
         <name>DL_SYSCTL_switchMCLKfromSYSOSCtoHSCLK</name>
         <value>0x1171</value>
         <object_component_ref idref="oc-15f"/>
      </symbol>
      <symbol id="sm-258">
         <name>_c_int00_noargs</name>
         <value>0x1411</value>
         <object_component_ref idref="oc-76"/>
      </symbol>
      <symbol id="sm-259">
         <name>__stack</name>
         <value>0x20207e00</value>
         <object_component_ref idref="oc-1a"/>
      </symbol>
      <symbol id="sm-265">
         <name>__TI_auto_init_nobinit_nopinit</name>
         <value>0x12ed</value>
         <object_component_ref idref="oc-e8"/>
      </symbol>
      <symbol id="sm-26d">
         <name>_system_pre_init</name>
         <value>0x19b3</value>
         <object_component_ref idref="oc-a1"/>
      </symbol>
      <symbol id="sm-278">
         <name>__TI_zero_init_nomemset</name>
         <value>0x17e9</value>
         <object_component_ref idref="oc-6d"/>
      </symbol>
      <symbol id="sm-281">
         <name>__TI_decompress_none</name>
         <value>0x18e9</value>
         <object_component_ref idref="oc-20"/>
      </symbol>
      <symbol id="sm-28c">
         <name>__TI_decompress_lzss</name>
         <value>0xf89</value>
         <object_component_ref idref="oc-1c"/>
      </symbol>
      <symbol id="sm-296">
         <name>abort</name>
         <value>0x1941</value>
         <object_component_ref idref="oc-e1"/>
      </symbol>
      <symbol id="sm-2a0">
         <name>HOSTexit</name>
         <value>0x1967</value>
         <object_component_ref idref="oc-12b"/>
      </symbol>
      <symbol id="sm-2a1">
         <name>C$$EXIT</name>
         <value>0x1966</value>
         <object_component_ref idref="oc-12b"/>
      </symbol>
      <symbol id="sm-2a7">
         <name>__aeabi_memcpy</name>
         <value>0x1939</value>
         <object_component_ref idref="oc-66"/>
      </symbol>
      <symbol id="sm-2a8">
         <name>__aeabi_memcpy4</name>
         <value>0x1939</value>
         <object_component_ref idref="oc-66"/>
      </symbol>
      <symbol id="sm-2a9">
         <name>__aeabi_memcpy8</name>
         <value>0x1939</value>
         <object_component_ref idref="oc-66"/>
      </symbol>
      <symbol id="sm-2af">
         <name>__aeabi_uidiv</name>
         <value>0x1235</value>
         <object_component_ref idref="oc-80"/>
      </symbol>
      <symbol id="sm-2b0">
         <name>__aeabi_uidivmod</name>
         <value>0x1235</value>
         <object_component_ref idref="oc-80"/>
      </symbol>
      <symbol id="sm-2ba">
         <name>__aeabi_idiv0</name>
         <value>0x14bb</value>
         <object_component_ref idref="oc-b4"/>
      </symbol>
      <symbol id="sm-2c3">
         <name>TI_memcpy_small</name>
         <value>0x18d7</value>
         <object_component_ref idref="oc-cb"/>
      </symbol>
      <symbol id="sm-2c4">
         <name>__TI_static_base__</name>
         <value>0x0</value>
      </symbol>
      <symbol id="sm-2c7">
         <name>__mpu_init</name>
         <value>0x0</value>
      </symbol>
      <symbol id="sm-2c8">
         <name>_system_post_cinit</name>
         <value>0x0</value>
      </symbol>
   </symbol_table>
   <title>Link successful</title>
</link_info>
