******************************************************************************
            TI ARM Clang Linker PC v4.0.3                      
******************************************************************************
>> Linked Thu Jul 31 17:19:09 2025

OUTPUT FILE NAME:   <empty_LP_MSPM0G3507_nortos_ticlang.out>
ENTRY POINT SYMBOL: "_c_int00_noargs"  address: 000012dd


MEMORY CONFIGURATION

         name            origin    length      used     unused   attr    fill
----------------------  --------  ---------  --------  --------  ----  --------
  FLASH                 00000000   00020000  00001920  0001e6e0  R  X
  SRAM                  20200000   00008000  000003f8  00007c08  RW X
  BCR_CONFIG            41c00000   000000ff  00000000  000000ff  R   
  BSL_CONFIG            41c00100   00000080  00000000  00000080  R   


SEGMENT ALLOCATION MAP

run origin  load origin   length   init length attrs members
----------  ----------- ---------- ----------- ----- -------
00000000    00000000    00001920   00001920    r-x
  00000000    00000000    000000c0   000000c0    r-- .intvecs
  000000c0    000000c0    000017c0   000017c0    r-x .text
  00001880    00001880    00000070   00000070    r-- .rodata
  000018f0    000018f0    00000030   00000030    r-- .cinit
20200000    20200000    000001f8   00000000    rw-
  20200000    20200000    000001e8   00000000    rw- .bss
  202001e8    202001e8    00000010   00000000    rw- .data
20207e00    20207e00    00000200   00000000    rw-
  20207e00    20207e00    00000200   00000000    rw- .stack


SECTION ALLOCATION MAP

 output                                  attributes/
section   page    origin      length       input sections
--------  ----  ----------  ----------   ----------------
.intvecs   0    00000000    000000c0     
                  00000000    000000c0     startup_mspm0g350x_ticlang.o (.intvecs)

.text      0    000000c0    000017c0     
                  000000c0    000001bc     ti_msp_dl_config.o (.text.SYSCFG_DL_GPIO_init)
                  0000027c    000001b8     encoder.o (.text.GROUP1_IRQHandler)
                  00000434    00000178     grey_sensor.o (.text.Light_GoStraight_control)
                  000005ac    0000013c     control.o (.text.control)
                  000006e8    00000104     driverlib.a : dl_timer.o (.text.DL_Timer_initFourCCPWMMode)
                  000007ec    00000104     grey_sensor.o (.text.Get_Light_TTL)
                  000008f0    000000e8     driverlib.a : dl_timer.o (.text.DL_Timer_initTimerMode)
                  000009d8    000000dc                 : dl_sysctl_mspm0g1x0x_g3x0x.o (.text.DL_SYSCTL_configSYSPLL)
                  00000ab4    000000dc     uart.o (.text.UART1_IRQHandler)
                  00000b90    000000c8     empty.o (.text.main)
                  00000c58    00000094     motor.o (.text.Motor_SetSpeed)
                  00000cec    00000090     ti_msp_dl_config.o (.text.SYSCFG_DL_PWM_ENCODER_init)
                  00000d7c    00000084     ti_msp_dl_config.o (.text.__NVIC_SetPriority)
                  00000e00    0000007c     ti_msp_dl_config.o (.text.SYSCFG_DL_initPower)
                  00000e7c    0000007c     control_logic.o (.text.TIMA1_IRQHandler)
                  00000ef8    0000007c     libc.a : copy_decompress_lzss.c.obj (.text:decompress:lzss)
                  00000f74    0000004c     ti_msp_dl_config.o (.text.DL_UART_setBaudRateDivisor)
                  00000fc0    00000048     driverlib.a : dl_uart.o (.text.DL_UART_init)
                  00001008    00000048     ti_msp_dl_config.o (.text.SYSCFG_DL_SYSCTL_init)
                  00001050    00000048     ti_msp_dl_config.o (.text.SYSCFG_DL_UART_TJC_init)
                  00001098    00000044     driverlib.a : dl_sysctl_mspm0g1x0x_g3x0x.o (.text.DL_SYSCTL_switchMCLKfromSYSOSCtoHSCLK)
                  000010dc    0000003c     ti_msp_dl_config.o (.text.DL_Timer_setCounterControl)
                  00001118    0000003c     ti_msp_dl_config.o (.text.SYSCFG_DL_TIMER_LOGIC_init)
                  00001154    0000003c     libc.a : autoinit.c.obj (.text:__TI_auto_init_nobinit_nopinit)
                  00001190    00000034     ti_msp_dl_config.o (.text.DL_GPIO_initDigitalInputFeatures)
                  000011c4    00000034     ti_msp_dl_config.o (.text.SYSCFG_DL_TIMER_BUTTON_init)
                  000011f8    00000034     ti_msp_dl_config.o (.text.SYSCFG_DL_init)
                  0000122c    00000030     ti_msp_dl_config.o (.text.DL_GPIO_initDigitalOutputFeatures)
                  0000125c    0000002c     empty.o (.text.__NVIC_ClearPendingIRQ)
                  00001288    0000002c     empty.o (.text.__NVIC_EnableIRQ)
                  000012b4    00000028     ti_msp_dl_config.o (.text.DL_Common_updateReg)
                  000012dc    00000028     libc.a : boot_cortex_m.c.obj (.text:_c_int00_noargs)
                  00001304    00000022     pid.o (.text.set_p_i_d)
                  00001326    00000002     --HOLE-- [fill = 0]
                  00001328    00000020     ti_msp_dl_config.o (.text.DL_GPIO_initPeripheralInputFunction)
                  00001348    00000020     ti_msp_dl_config.o (.text.DL_SYSCTL_setFlashWaitState)
                  00001368    0000001e     ti_msp_dl_config.o (.text.DL_UART_setOversampling)
                  00001386    00000002     --HOLE-- [fill = 0]
                  00001388    0000001c     encoder.o (.text.DL_GPIO_clearInterruptStatus)
                  000013a4    0000001c     ti_msp_dl_config.o (.text.DL_GPIO_clearInterruptStatus)
                  000013c0    0000001c     ti_msp_dl_config.o (.text.DL_GPIO_enableInterrupt)
                  000013dc    0000001c     ti_msp_dl_config.o (.text.DL_GPIO_initPeripheralOutputFunction)
                  000013f8    0000001c     ti_msp_dl_config.o (.text.DL_GPIO_setLowerPinsPolarity)
                  00001414    0000001c     ti_msp_dl_config.o (.text.DL_SYSCTL_setSYSOSCFreq)
                  00001430    0000001c     ti_msp_dl_config.o (.text.DL_SYSCTL_setULPCLKDivider)
                  0000144c    0000001c     empty.o (.text.DL_Timer_enableInterrupt)
                  00001468    0000001c     ti_msp_dl_config.o (.text.DL_Timer_enableInterrupt)
                  00001484    0000001c     driverlib.a : dl_timer.o (.text.DL_Timer_setCaptCompUpdateMethod)
                  000014a0    0000001c                 : dl_timer.o (.text.DL_Timer_setClockConfig)
                  000014bc    0000001c     ti_msp_dl_config.o (.text.DL_UART_enableInterrupt)
                  000014d8    00000018     ti_msp_dl_config.o (.text.DL_GPIO_enableOutput)
                  000014f0    00000018     ti_msp_dl_config.o (.text.DL_GPIO_enablePower)
                  00001508    00000018     encoder.o (.text.DL_GPIO_getEnabledInterruptStatus)
                  00001520    00000018     ti_msp_dl_config.o (.text.DL_GPIO_initDigitalOutput)
                  00001538    00000018     ti_msp_dl_config.o (.text.DL_GPIO_reset)
                  00001550    00000018     empty.o (.text.DL_GPIO_setPins)
                  00001568    00000018     ti_msp_dl_config.o (.text.DL_GPIO_setUpperPinsPolarity)
                  00001580    00000018     ti_msp_dl_config.o (.text.DL_SYSCTL_setBORThreshold)
                  00001598    00000018     control_logic.o (.text.DL_Timer_clearInterruptStatus)
                  000015b0    00000018     ti_msp_dl_config.o (.text.DL_Timer_enablePower)
                  000015c8    00000018     ti_msp_dl_config.o (.text.DL_Timer_reset)
                  000015e0    00000018     driverlib.a : dl_timer.o (.text.DL_Timer_setCaptureCompareOutCtl)
                  000015f8    00000018     encoder.o (.text.DL_Timer_startCounter)
                  00001610    00000018     motor.o (.text.DL_Timer_startCounter)
                  00001628    00000018     control_logic.o (.text.DL_Timer_stopCounter)
                  00001640    00000018     encoder.o (.text.DL_Timer_stopCounter)
                  00001658    00000018     motor.o (.text.DL_Timer_stopCounter)
                  00001670    00000018     ti_msp_dl_config.o (.text.DL_UART_enablePower)
                  00001688    00000018     ti_msp_dl_config.o (.text.DL_UART_reset)
                  000016a0    00000016     encoder.o (.text.DL_GPIO_readPins)
                  000016b6    00000016     grey_sensor.o (.text.DL_GPIO_readPins)
                  000016cc    00000016     ti_msp_dl_config.o (.text.DL_UART_enable)
                  000016e2    00000016     libc.a : copy_zero_init.c.obj (.text:decompress:ZI:__TI_zero_init_nomemset)
                  000016f8    00000014     empty.o (.text.DL_GPIO_clearPins)
                  0000170c    00000014     ti_msp_dl_config.o (.text.DL_GPIO_clearPins)
                  00001720    00000014     ti_msp_dl_config.o (.text.DL_SYSCTL_disableSYSPLL)
                  00001734    00000014     ti_msp_dl_config.o (.text.DL_Timer_enableClock)
                  00001748    00000014     ti_msp_dl_config.o (.text.DL_Timer_setCCPDirection)
                  0000175c    00000014     uart.o (.text.DL_UART_receiveData)
                  00001770    00000012     control_logic.o (.text.DL_Timer_getPendingInterrupt)
                  00001782    00000012     uart.o (.text.DL_UART_getPendingInterrupt)
                  00001794    00000012     driverlib.a : dl_uart.o (.text.DL_UART_setClockConfig)
                  000017a6    00000012     libc.a : memcpy16.S.obj (.text:TI_memcpy_small)
                  000017b8    00000012            : copy_decompress_none.c.obj (.text:decompress:none)
                  000017ca    00000002     --HOLE-- [fill = 0]
                  000017cc    00000010     ti_msp_dl_config.o (.text.DL_SYSCTL_disableHFXT)
                  000017dc    00000010     driverlib.a : dl_timer.o (.text.DL_Timer_setCaptureCompareValue)
                  000017ec    0000000a                 : dl_common.o (.text.DL_Common_delayCycles)
                  000017f6    00000002     --HOLE-- [fill = 0]
                  000017f8    00000008     libclang_rt.builtins.a : aeabi_memcpy.S.obj (.text.__aeabi_memcpy)
                  00001800    00000006     libc.a : exit.c.obj (.text:abort)
                  00001806    00000004     control_logic.o (.text.ADC0_IRQHandler)
                  0000180a    00000004     control_logic.o (.text.ADC1_IRQHandler)
                  0000180e    00000004     control_logic.o (.text.AES_IRQHandler)
                  00001812    00000004     control_logic.o (.text.CANFD0_IRQHandler)
                  00001816    00000004     control_logic.o (.text.DAC0_IRQHandler)
                  0000181a    00000004     control_logic.o (.text.DMA_IRQHandler)
                  0000181e    00000004     startup_mspm0g350x_ticlang.o (.text.Default_Handler)
                  00001822    00000004     control_logic.o (.text.GROUP0_IRQHandler)
                  00001826    00000004     libsysbm.a : hostexit.c.obj (.text.HOSTexit)
                  0000182a    00000004     control_logic.o (.text.HardFault_Handler)
                  0000182e    00000004     control_logic.o (.text.I2C0_IRQHandler)
                  00001832    00000004     control_logic.o (.text.I2C1_IRQHandler)
                  00001836    00000004     control_logic.o (.text.NMI_Handler)
                  0000183a    00000004     control_logic.o (.text.PendSV_Handler)
                  0000183e    00000004     control_logic.o (.text.RTC_IRQHandler)
                  00001842    00000004     startup_mspm0g350x_ticlang.o (.text.Reset_Handler)
                  00001846    00000004     control_logic.o (.text.SPI0_IRQHandler)
                  0000184a    00000004     control_logic.o (.text.SPI1_IRQHandler)
                  0000184e    00000004     control_logic.o (.text.SVC_Handler)
                  00001852    00000004     control_logic.o (.text.SysTick_Handler)
                  00001856    00000004     control_logic.o (.text.TIMG0_IRQHandler)
                  0000185a    00000004     control_logic.o (.text.TIMG12_IRQHandler)
                  0000185e    00000004     control_logic.o (.text.TIMG6_IRQHandler)
                  00001862    00000004     control_logic.o (.text.TIMG7_IRQHandler)
                  00001866    00000004     control_logic.o (.text.TIMG8_IRQHandler)
                  0000186a    00000004     control_logic.o (.text.UART0_IRQHandler)
                  0000186e    00000004     control_logic.o (.text.UART2_IRQHandler)
                  00001872    00000004     control_logic.o (.text.UART3_IRQHandler)
                  00001876    00000004     libc.a : pre_init.c.obj (.text._system_pre_init)
                  0000187a    00000006     --HOLE-- [fill = 0]

.cinit     0    000018f0    00000030     
                  000018f0    0000000c     (__TI_handler_table)
                  000018fc    00000008     (.cinit..bss.load) [load image, compression = zero_init]
                  00001904    00000007     (.cinit..data.load) [load image, compression = lzss]
                  0000190b    00000001     --HOLE-- [fill = 0]
                  0000190c    00000010     (__TI_cinit_table)
                  0000191c    00000004     --HOLE-- [fill = 0]

.rodata    0    00001880    00000070     
                  00001880    00000028     ti_msp_dl_config.o (.rodata.gSYSPLLConfig)
                  000018a8    00000014     ti_msp_dl_config.o (.rodata.gTIMER_BUTTONTimerConfig)
                  000018bc    00000014     ti_msp_dl_config.o (.rodata.gTIMER_LOGICTimerConfig)
                  000018d0    0000000a     ti_msp_dl_config.o (.rodata.gUART_TJCConfig)
                  000018da    00000002     ti_msp_dl_config.o (.rodata.gUART_TJCClockConfig)
                  000018dc    00000008     ti_msp_dl_config.o (.rodata.gPWM_ENCODERConfig)
                  000018e4    00000003     ti_msp_dl_config.o (.rodata.gPWM_ENCODERClockConfig)
                  000018e7    00000003     ti_msp_dl_config.o (.rodata.gTIMER_BUTTONClockConfig)
                  000018ea    00000003     ti_msp_dl_config.o (.rodata.gTIMER_LOGICClockConfig)
                  000018ed    00000003     --HOLE-- [fill = 0]

.init_array 
*          0    00000000    00000000     UNINITIALIZED

.binit     0    00000000    00000000     

.bss       0    20200000    000001e8     UNINITIALIZED
                  20200000    000000bc     (.common:gPWM_ENCODERBackup)
                  202000bc    000000bc     (.common:gTIMER_LOGICBackup)
                  20200178    00000024     (.common:pid_speedX)
                  2020019c    00000024     (.common:pid_speedY)
                  202001c0    00000004     (.common:Get_Encoder_countA)
                  202001c4    00000004     (.common:Get_Encoder_countB)
                  202001c8    00000004     (.common:Line_Num)
                  202001cc    00000004     (.common:gpio_interrup1)
                  202001d0    00000004     (.common:gpio_interrup2)
                  202001d4    00000004     (.common:gpio_interrupt_key)
                  202001d8    00000002     motor.o (.bss.Motor_SetSpeed.speed1_out)
                  202001da    00000002     motor.o (.bss.Motor_SetSpeed.speed2_out)
                  202001dc    00000002     control.o (.bss.control.actual_speedX)
                  202001de    00000002     control.o (.bss.control.actual_speedY)
                  202001e0    00000001     (.common:L1_Val)
                  202001e1    00000001     (.common:L2_Val)
                  202001e2    00000001     (.common:L3_Val)
                  202001e3    00000001     (.common:M_Val)
                  202001e4    00000001     (.common:R1_Val)
                  202001e5    00000001     (.common:R2_Val)
                  202001e6    00000001     (.common:R3_Val)
                  202001e7    00000001     (.common:sensor_state)

.data      0    202001e8    00000010     UNINITIALIZED
                  202001e8    00000004     encoder.o (.data.pressDurationMs)
                  202001ec    00000004     control.o (.data.total_pulse_x)
                  202001f0    00000004     control.o (.data.total_pulse_y)
                  202001f4    00000001     encoder.o (.data.buttonState)
                  202001f5    00000001     control.o (.data.current_state)
                  202001f6    00000001     uart.o (.data.receive_state)
                  202001f7    00000001     uart.o (.data.received_number)

.stack     0    20207e00    00000200     UNINITIALIZED
                  20207e00    00000004     libc.a : boot_cortex_m.c.obj (.stack)
                  20207e04    000001fc     --HOLE--

__llvm_prf_cnts 
*          0    20200000    00000000     UNINITIALIZED

__llvm_prf_bits 
*          0    20200000    00000000     UNINITIALIZED

MODULE SUMMARY

       Module                         code   ro data   rw data
       ------                         ----   -------   -------
    .\
       ti_msp_dl_config.o             2104   109       376    
       empty.o                        360    0         0      
       startup_mspm0g350x_ticlang.o   8      192       0      
    +--+------------------------------+------+---------+---------+
       Total:                         2472   301       376    
                                                              
    .\User\
       grey_sensor.o                  658    0         12     
       encoder.o                      562    0         25     
       control.o                      316    0         13     
       control_logic.o                290    0         0      
       uart.o                         258    0         2      
       motor.o                        196    0         4      
       pid.o                          34     0         72     
    +--+------------------------------+------+---------+---------+
       Total:                         2314   0         128    
                                                              
    C:/ti/mspm0_sdk_2_05_01_00/source/ti/driverlib/lib/ticlang/m0p/mspm0g1x0x_g3x0x/driverlib.a
       dl_timer.o                     588    0         0      
       dl_sysctl_mspm0g1x0x_g3x0x.o   288    0         0      
       dl_uart.o                      90     0         0      
       dl_common.o                    10     0         0      
    +--+------------------------------+------+---------+---------+
       Total:                         976    0         0      
                                                              
    C:\ti\ccs2020\ccs\tools\compiler\ti-cgt-armllvm_4.0.3.LTS\lib\armv6m-ti-none-eabi/c/libc.a
       copy_decompress_lzss.c.obj     124    0         0      
       autoinit.c.obj                 60     0         0      
       boot_cortex_m.c.obj            40     0         0      
       copy_zero_init.c.obj           22     0         0      
       copy_decompress_none.c.obj     18     0         0      
       memcpy16.S.obj                 18     0         0      
       exit.c.obj                     6      0         0      
       pre_init.c.obj                 4      0         0      
    +--+------------------------------+------+---------+---------+
       Total:                         292    0         0      
                                                              
    C:\ti\ccs2020\ccs\tools\compiler\ti-cgt-armllvm_4.0.3.LTS\lib\armv6m-ti-none-eabi/c/libsysbm.a
       hostexit.c.obj                 4      0         0      
    +--+------------------------------+------+---------+---------+
       Total:                         4      0         0      
                                                              
    C:\ti\ccs2020\ccs\tools\compiler\ti-cgt-armllvm_4.0.3.LTS\lib\armv6m-ti-none-eabi/libclang_rt.builtins.a
       aeabi_memcpy.S.obj             8      0         0      
    +--+------------------------------+------+---------+---------+
       Total:                         8      0         0      
                                                              
       Stack:                         0      0         512    
       Linker Generated:              0      43        0      
    +--+------------------------------+------+---------+---------+
       Grand Total:                   6066   344       1016   


LINKER GENERATED COPY TABLES

__TI_cinit_table @ 0000190c records: 2, size/record: 8, table size: 16
	.bss: load addr=000018fc, load size=00000008 bytes, run addr=20200000, run size=000001e8 bytes, compression=zero_init
	.data: load addr=00001904, load size=00000007 bytes, run addr=202001e8, run size=00000010 bytes, compression=lzss


LINKER GENERATED HANDLER TABLE

__TI_handler_table @ 000018f0 records: 3, size/record: 4, table size: 12
	index: 0, handler: __TI_decompress_lzss
	index: 1, handler: __TI_decompress_none
	index: 2, handler: __TI_zero_init


GLOBAL SYMBOLS: SORTED ALPHABETICALLY BY Name 

address   name                                 
-------   ----                                 
00001807  ADC0_IRQHandler                      
0000180b  ADC1_IRQHandler                      
0000180f  AES_IRQHandler                       
00001826  C$$EXIT                              
00001813  CANFD0_IRQHandler                    
00001817  DAC0_IRQHandler                      
000017ed  DL_Common_delayCycles                
000009d9  DL_SYSCTL_configSYSPLL               
00001099  DL_SYSCTL_switchMCLKfromSYSOSCtoHSCLK
000006e9  DL_Timer_initFourCCPWMMode           
000008f1  DL_Timer_initTimerMode               
00001485  DL_Timer_setCaptCompUpdateMethod     
000015e1  DL_Timer_setCaptureCompareOutCtl     
000017dd  DL_Timer_setCaptureCompareValue      
000014a1  DL_Timer_setClockConfig              
00000fc1  DL_UART_init                         
00001795  DL_UART_setClockConfig               
0000181b  DMA_IRQHandler                       
0000181f  Default_Handler                      
00001823  GROUP0_IRQHandler                    
0000027d  GROUP1_IRQHandler                    
202001c0  Get_Encoder_countA                   
202001c4  Get_Encoder_countB                   
000007ed  Get_Light_TTL                        
00001827  HOSTexit                             
0000182b  HardFault_Handler                    
0000182f  I2C0_IRQHandler                      
00001833  I2C1_IRQHandler                      
202001e0  L1_Val                               
202001e1  L2_Val                               
202001e2  L3_Val                               
00000435  Light_GoStraight_control             
202001c8  Line_Num                             
202001e3  M_Val                                
00000c59  Motor_SetSpeed                       
00001837  NMI_Handler                          
0000183b  PendSV_Handler                       
202001e4  R1_Val                               
202001e5  R2_Val                               
202001e6  R3_Val                               
0000183f  RTC_IRQHandler                       
00001843  Reset_Handler                        
00001847  SPI0_IRQHandler                      
0000184b  SPI1_IRQHandler                      
0000184f  SVC_Handler                          
000000c1  SYSCFG_DL_GPIO_init                  
00000ced  SYSCFG_DL_PWM_ENCODER_init           
00001009  SYSCFG_DL_SYSCTL_init                
000011c5  SYSCFG_DL_TIMER_BUTTON_init          
00001119  SYSCFG_DL_TIMER_LOGIC_init           
00001051  SYSCFG_DL_UART_TJC_init              
000011f9  SYSCFG_DL_init                       
00000e01  SYSCFG_DL_initPower                  
00001853  SysTick_Handler                      
0000181f  TIMA0_IRQHandler                     
00000e7d  TIMA1_IRQHandler                     
00001857  TIMG0_IRQHandler                     
0000185b  TIMG12_IRQHandler                    
0000185f  TIMG6_IRQHandler                     
00001863  TIMG7_IRQHandler                     
00001867  TIMG8_IRQHandler                     
000017a7  TI_memcpy_small                      
0000186b  UART0_IRQHandler                     
00000ab5  UART1_IRQHandler                     
0000186f  UART2_IRQHandler                     
00001873  UART3_IRQHandler                     
20208000  __STACK_END                          
00000200  __STACK_SIZE                         
00000000  __TI_ATRegion0_region_sz             
00000000  __TI_ATRegion0_src_addr              
00000000  __TI_ATRegion0_trg_addr              
00000000  __TI_ATRegion1_region_sz             
00000000  __TI_ATRegion1_src_addr              
00000000  __TI_ATRegion1_trg_addr              
00000000  __TI_ATRegion2_region_sz             
00000000  __TI_ATRegion2_src_addr              
00000000  __TI_ATRegion2_trg_addr              
0000190c  __TI_CINIT_Base                      
0000191c  __TI_CINIT_Limit                     
0000191c  __TI_CINIT_Warm                      
000018f0  __TI_Handler_Table_Base              
000018fc  __TI_Handler_Table_Limit             
00001155  __TI_auto_init_nobinit_nopinit       
00000ef9  __TI_decompress_lzss                 
000017b9  __TI_decompress_none                 
ffffffff  __TI_pprof_out_hndl                  
ffffffff  __TI_prof_data_size                  
ffffffff  __TI_prof_data_start                 
00000000  __TI_static_base__                   
000016e3  __TI_zero_init_nomemset              
000017f9  __aeabi_memcpy                       
000017f9  __aeabi_memcpy4                      
000017f9  __aeabi_memcpy8                      
ffffffff  __binit__                            
UNDEFED   __mpu_init                           
20207e00  __stack                              
20200000  __start___llvm_prf_bits              
20200000  __start___llvm_prf_cnts              
20200000  __stop___llvm_prf_bits               
20200000  __stop___llvm_prf_cnts               
000012dd  _c_int00_noargs                      
UNDEFED   _system_post_cinit                   
00001877  _system_pre_init                     
00001801  abort                                
ffffffff  binit                                
202001f4  buttonState                          
000005ad  control                              
202001f5  current_state                        
20200000  gPWM_ENCODERBackup                   
202000bc  gTIMER_LOGICBackup                   
202001cc  gpio_interrup1                       
202001d0  gpio_interrup2                       
202001d4  gpio_interrupt_key                   
00000000  interruptVectors                     
00000b91  main                                 
20200178  pid_speedX                           
2020019c  pid_speedY                           
202001e8  pressDurationMs                      
202001e7  sensor_state                         
00001305  set_p_i_d                            
202001ec  total_pulse_x                        
202001f0  total_pulse_y                        


GLOBAL SYMBOLS: SORTED BY Symbol Address 

address   name                                 
-------   ----                                 
00000000  __TI_ATRegion0_region_sz             
00000000  __TI_ATRegion0_src_addr              
00000000  __TI_ATRegion0_trg_addr              
00000000  __TI_ATRegion1_region_sz             
00000000  __TI_ATRegion1_src_addr              
00000000  __TI_ATRegion1_trg_addr              
00000000  __TI_ATRegion2_region_sz             
00000000  __TI_ATRegion2_src_addr              
00000000  __TI_ATRegion2_trg_addr              
00000000  __TI_static_base__                   
00000000  interruptVectors                     
000000c1  SYSCFG_DL_GPIO_init                  
00000200  __STACK_SIZE                         
0000027d  GROUP1_IRQHandler                    
00000435  Light_GoStraight_control             
000005ad  control                              
000006e9  DL_Timer_initFourCCPWMMode           
000007ed  Get_Light_TTL                        
000008f1  DL_Timer_initTimerMode               
000009d9  DL_SYSCTL_configSYSPLL               
00000ab5  UART1_IRQHandler                     
00000b91  main                                 
00000c59  Motor_SetSpeed                       
00000ced  SYSCFG_DL_PWM_ENCODER_init           
00000e01  SYSCFG_DL_initPower                  
00000e7d  TIMA1_IRQHandler                     
00000ef9  __TI_decompress_lzss                 
00000fc1  DL_UART_init                         
00001009  SYSCFG_DL_SYSCTL_init                
00001051  SYSCFG_DL_UART_TJC_init              
00001099  DL_SYSCTL_switchMCLKfromSYSOSCtoHSCLK
00001119  SYSCFG_DL_TIMER_LOGIC_init           
00001155  __TI_auto_init_nobinit_nopinit       
000011c5  SYSCFG_DL_TIMER_BUTTON_init          
000011f9  SYSCFG_DL_init                       
000012dd  _c_int00_noargs                      
00001305  set_p_i_d                            
00001485  DL_Timer_setCaptCompUpdateMethod     
000014a1  DL_Timer_setClockConfig              
000015e1  DL_Timer_setCaptureCompareOutCtl     
000016e3  __TI_zero_init_nomemset              
00001795  DL_UART_setClockConfig               
000017a7  TI_memcpy_small                      
000017b9  __TI_decompress_none                 
000017dd  DL_Timer_setCaptureCompareValue      
000017ed  DL_Common_delayCycles                
000017f9  __aeabi_memcpy                       
000017f9  __aeabi_memcpy4                      
000017f9  __aeabi_memcpy8                      
00001801  abort                                
00001807  ADC0_IRQHandler                      
0000180b  ADC1_IRQHandler                      
0000180f  AES_IRQHandler                       
00001813  CANFD0_IRQHandler                    
00001817  DAC0_IRQHandler                      
0000181b  DMA_IRQHandler                       
0000181f  Default_Handler                      
0000181f  TIMA0_IRQHandler                     
00001823  GROUP0_IRQHandler                    
00001826  C$$EXIT                              
00001827  HOSTexit                             
0000182b  HardFault_Handler                    
0000182f  I2C0_IRQHandler                      
00001833  I2C1_IRQHandler                      
00001837  NMI_Handler                          
0000183b  PendSV_Handler                       
0000183f  RTC_IRQHandler                       
00001843  Reset_Handler                        
00001847  SPI0_IRQHandler                      
0000184b  SPI1_IRQHandler                      
0000184f  SVC_Handler                          
00001853  SysTick_Handler                      
00001857  TIMG0_IRQHandler                     
0000185b  TIMG12_IRQHandler                    
0000185f  TIMG6_IRQHandler                     
00001863  TIMG7_IRQHandler                     
00001867  TIMG8_IRQHandler                     
0000186b  UART0_IRQHandler                     
0000186f  UART2_IRQHandler                     
00001873  UART3_IRQHandler                     
00001877  _system_pre_init                     
000018f0  __TI_Handler_Table_Base              
000018fc  __TI_Handler_Table_Limit             
0000190c  __TI_CINIT_Base                      
0000191c  __TI_CINIT_Limit                     
0000191c  __TI_CINIT_Warm                      
20200000  __start___llvm_prf_bits              
20200000  __start___llvm_prf_cnts              
20200000  __stop___llvm_prf_bits               
20200000  __stop___llvm_prf_cnts               
20200000  gPWM_ENCODERBackup                   
202000bc  gTIMER_LOGICBackup                   
20200178  pid_speedX                           
2020019c  pid_speedY                           
202001c0  Get_Encoder_countA                   
202001c4  Get_Encoder_countB                   
202001c8  Line_Num                             
202001cc  gpio_interrup1                       
202001d0  gpio_interrup2                       
202001d4  gpio_interrupt_key                   
202001e0  L1_Val                               
202001e1  L2_Val                               
202001e2  L3_Val                               
202001e3  M_Val                                
202001e4  R1_Val                               
202001e5  R2_Val                               
202001e6  R3_Val                               
202001e7  sensor_state                         
202001e8  pressDurationMs                      
202001ec  total_pulse_x                        
202001f0  total_pulse_y                        
202001f4  buttonState                          
202001f5  current_state                        
20207e00  __stack                              
20208000  __STACK_END                          
ffffffff  __TI_pprof_out_hndl                  
ffffffff  __TI_prof_data_size                  
ffffffff  __TI_prof_data_start                 
ffffffff  __binit__                            
ffffffff  binit                                
UNDEFED   __mpu_init                           
UNDEFED   _system_post_cinit                   

[122 symbols]
