******************************************************************************
            TI ARM Clang Linker PC v4.0.3                      
******************************************************************************
>> Linked Fri Aug  1 06:12:08 2025

OUTPUT FILE NAME:   <empty_LP_MSPM0G3507_nortos_ticlang.out>
ENTRY POINT SYMBOL: "_c_int00_noargs"  address: 00001445


MEMORY CONFIGURATION

         name            origin    length      used     unused   attr    fill
----------------------  --------  ---------  --------  --------  ----  --------
  FLASH                 00000000   00020000  00001ad0  0001e530  R  X
  SRAM                  20200000   00008000  000003d7  00007c29  RW X
  BCR_CONFIG            41c00000   000000ff  00000000  000000ff  R   
  BSL_CONFIG            41c00100   00000080  00000000  00000080  R   


SEGMENT ALLOCATION MAP

run origin  load origin   length   init length attrs members
----------  ----------- ---------- ----------- ----- -------
00000000    00000000    00001ad0   00001ad0    r-x
  00000000    00000000    000000c0   000000c0    r-- .intvecs
  000000c0    000000c0    00001958   00001958    r-x .text
  00001a18    00001a18    00000088   00000088    r-- .rodata
  00001aa0    00001aa0    00000030   00000030    r-- .cinit
20200000    20200000    000001d7   00000000    rw-
  20200000    20200000    000001c8   00000000    rw- .bss
  202001c8    202001c8    0000000f   00000000    rw- .data
20207e00    20207e00    00000200   00000000    rw-
  20207e00    20207e00    00000200   00000000    rw- .stack


SECTION ALLOCATION MAP

 output                                  attributes/
section   page    origin      length       input sections
--------  ----  ----------  ----------   ----------------
.intvecs   0    00000000    000000c0     
                  00000000    000000c0     startup_mspm0g350x_ticlang.o (.intvecs)

.text      0    000000c0    00001958     
                  000000c0    00000254     grey_sensor.o (.text.Light_GoStraight_control)
                  00000314    000001d4     encoder.o (.text.GROUP1_IRQHandler)
                  000004e8    000001bc     ti_msp_dl_config.o (.text.SYSCFG_DL_GPIO_init)
                  000006a4    00000128     motor.o (.text.Motor_SetSpeed)
                  000007cc    00000108     grey_sensor.o (.text.Get_Light_TTL)
                  000008d4    00000104     driverlib.a : dl_timer.o (.text.DL_Timer_initFourCCPWMMode)
                  000009d8    000000e8                 : dl_timer.o (.text.DL_Timer_initTimerMode)
                  00000ac0    000000dc                 : dl_sysctl_mspm0g1x0x_g3x0x.o (.text.DL_SYSCTL_configSYSPLL)
                  00000b9c    000000dc     uart.o (.text.UART1_IRQHandler)
                  00000c78    000000c0     control.o (.text.control)
                  00000d38    000000ac     empty.o (.text.main)
                  00000de4    000000a0     ti_msp_dl_config.o (.text.SYSCFG_DL_initPower)
                  00000e84    00000090     ti_msp_dl_config.o (.text.SYSCFG_DL_PWM_ENCODER_init)
                  00000f14    00000084     ti_msp_dl_config.o (.text.__NVIC_SetPriority)
                  00000f98    0000007c     libc.a : copy_decompress_lzss.c.obj (.text:decompress:lzss)
                  00001014    00000064     control_logic.o (.text.TIMG0_IRQHandler)
                  00001078    0000004c     ti_msp_dl_config.o (.text.DL_UART_setBaudRateDivisor)
                  000010c4    00000048     driverlib.a : dl_uart.o (.text.DL_UART_init)
                  0000110c    00000048     ti_msp_dl_config.o (.text.SYSCFG_DL_SYSCTL_init)
                  00001154    00000048     ti_msp_dl_config.o (.text.SYSCFG_DL_UART_TJC_init)
                  0000119c    00000048     ti_msp_dl_config.o (.text.SYSCFG_DL_init)
                  000011e4    00000044     driverlib.a : dl_sysctl_mspm0g1x0x_g3x0x.o (.text.DL_SYSCTL_switchMCLKfromSYSOSCtoHSCLK)
                  00001228    00000040     ti_msp_dl_config.o (.text.SYSCFG_DL_UART_CV_init)
                  00001268    00000040     ti_msp_dl_config.o (.text.SYSCFG_DL_UART_STM_init)
                  000012a8    0000003c     ti_msp_dl_config.o (.text.DL_Timer_setCounterControl)
                  000012e4    0000003c     ti_msp_dl_config.o (.text.SYSCFG_DL_TIMER_LOGIC_init)
                  00001320    0000003c     libc.a : autoinit.c.obj (.text:__TI_auto_init_nobinit_nopinit)
                  0000135c    00000034     ti_msp_dl_config.o (.text.DL_GPIO_initDigitalInputFeatures)
                  00001390    00000034     ti_msp_dl_config.o (.text.SYSCFG_DL_TIMER_BUTTON_init)
                  000013c4    0000002c     empty.o (.text.__NVIC_ClearPendingIRQ)
                  000013f0    0000002c     empty.o (.text.__NVIC_EnableIRQ)
                  0000141c    00000028     ti_msp_dl_config.o (.text.DL_Common_updateReg)
                  00001444    00000028     libc.a : boot_cortex_m.c.obj (.text:_c_int00_noargs)
                  0000146c    00000020     ti_msp_dl_config.o (.text.DL_GPIO_initPeripheralInputFunction)
                  0000148c    00000020     ti_msp_dl_config.o (.text.DL_SYSCTL_setFlashWaitState)
                  000014ac    00000020     control_logic.o (.text.TIMA1_IRQHandler)
                  000014cc    0000001e     ti_msp_dl_config.o (.text.DL_UART_setOversampling)
                  000014ea    00000002     --HOLE-- [fill = 0]
                  000014ec    0000001c     encoder.o (.text.DL_GPIO_clearInterruptStatus)
                  00001508    0000001c     ti_msp_dl_config.o (.text.DL_GPIO_clearInterruptStatus)
                  00001524    0000001c     ti_msp_dl_config.o (.text.DL_GPIO_enableInterrupt)
                  00001540    0000001c     ti_msp_dl_config.o (.text.DL_GPIO_initPeripheralOutputFunction)
                  0000155c    0000001c     ti_msp_dl_config.o (.text.DL_GPIO_setLowerPinsPolarity)
                  00001578    0000001c     ti_msp_dl_config.o (.text.DL_SYSCTL_setSYSOSCFreq)
                  00001594    0000001c     ti_msp_dl_config.o (.text.DL_SYSCTL_setULPCLKDivider)
                  000015b0    0000001c     empty.o (.text.DL_Timer_enableInterrupt)
                  000015cc    0000001c     ti_msp_dl_config.o (.text.DL_Timer_enableInterrupt)
                  000015e8    0000001c     driverlib.a : dl_timer.o (.text.DL_Timer_setCaptCompUpdateMethod)
                  00001604    0000001c                 : dl_timer.o (.text.DL_Timer_setClockConfig)
                  00001620    0000001c     ti_msp_dl_config.o (.text.DL_UART_enableInterrupt)
                  0000163c    00000018     ti_msp_dl_config.o (.text.DL_GPIO_enableOutput)
                  00001654    00000018     ti_msp_dl_config.o (.text.DL_GPIO_enablePower)
                  0000166c    00000018     encoder.o (.text.DL_GPIO_getEnabledInterruptStatus)
                  00001684    00000018     ti_msp_dl_config.o (.text.DL_GPIO_initDigitalOutput)
                  0000169c    00000018     ti_msp_dl_config.o (.text.DL_GPIO_reset)
                  000016b4    00000018     empty.o (.text.DL_GPIO_setPins)
                  000016cc    00000018     motor.o (.text.DL_GPIO_setPins)
                  000016e4    00000018     ti_msp_dl_config.o (.text.DL_GPIO_setUpperPinsPolarity)
                  000016fc    00000018     ti_msp_dl_config.o (.text.DL_SYSCTL_setBORThreshold)
                  00001714    00000018     control_logic.o (.text.DL_Timer_clearInterruptStatus)
                  0000172c    00000018     ti_msp_dl_config.o (.text.DL_Timer_enablePower)
                  00001744    00000018     ti_msp_dl_config.o (.text.DL_Timer_reset)
                  0000175c    00000018     driverlib.a : dl_timer.o (.text.DL_Timer_setCaptureCompareOutCtl)
                  00001774    00000018     encoder.o (.text.DL_Timer_startCounter)
                  0000178c    00000018     motor.o (.text.DL_Timer_startCounter)
                  000017a4    00000018     control_logic.o (.text.DL_Timer_stopCounter)
                  000017bc    00000018     encoder.o (.text.DL_Timer_stopCounter)
                  000017d4    00000018     motor.o (.text.DL_Timer_stopCounter)
                  000017ec    00000018     ti_msp_dl_config.o (.text.DL_UART_enablePower)
                  00001804    00000018     ti_msp_dl_config.o (.text.DL_UART_reset)
                  0000181c    00000016     encoder.o (.text.DL_GPIO_readPins)
                  00001832    00000016     grey_sensor.o (.text.DL_GPIO_readPins)
                  00001848    00000016     ti_msp_dl_config.o (.text.DL_UART_enable)
                  0000185e    00000016     libc.a : copy_zero_init.c.obj (.text:decompress:ZI:__TI_zero_init_nomemset)
                  00001874    00000014     empty.o (.text.DL_GPIO_clearPins)
                  00001888    00000014     motor.o (.text.DL_GPIO_clearPins)
                  0000189c    00000014     ti_msp_dl_config.o (.text.DL_GPIO_clearPins)
                  000018b0    00000014     ti_msp_dl_config.o (.text.DL_SYSCTL_disableSYSPLL)
                  000018c4    00000014     ti_msp_dl_config.o (.text.DL_Timer_enableClock)
                  000018d8    00000014     ti_msp_dl_config.o (.text.DL_Timer_setCCPDirection)
                  000018ec    00000014     uart.o (.text.DL_UART_receiveData)
                  00001900    00000012     control_logic.o (.text.DL_Timer_getPendingInterrupt)
                  00001912    00000012     uart.o (.text.DL_UART_getPendingInterrupt)
                  00001924    00000012     driverlib.a : dl_uart.o (.text.DL_UART_setClockConfig)
                  00001936    00000012     libc.a : memcpy16.S.obj (.text:TI_memcpy_small)
                  00001948    00000012            : copy_decompress_none.c.obj (.text:decompress:none)
                  0000195a    00000002     --HOLE-- [fill = 0]
                  0000195c    00000010     ti_msp_dl_config.o (.text.DL_SYSCTL_disableHFXT)
                  0000196c    00000010     driverlib.a : dl_timer.o (.text.DL_Timer_setCaptureCompareValue)
                  0000197c    00000010     motor.o (.text.Motor_Disable)
                  0000198c    0000000a     driverlib.a : dl_common.o (.text.DL_Common_delayCycles)
                  00001996    00000002     --HOLE-- [fill = 0]
                  00001998    00000008     libclang_rt.builtins.a : aeabi_memcpy.S.obj (.text.__aeabi_memcpy)
                  000019a0    00000006     libc.a : exit.c.obj (.text:abort)
                  000019a6    00000004     control_logic.o (.text.ADC0_IRQHandler)
                  000019aa    00000004     control_logic.o (.text.ADC1_IRQHandler)
                  000019ae    00000004     control_logic.o (.text.AES_IRQHandler)
                  000019b2    00000004     control_logic.o (.text.CANFD0_IRQHandler)
                  000019b6    00000004     control_logic.o (.text.DAC0_IRQHandler)
                  000019ba    00000004     control_logic.o (.text.DMA_IRQHandler)
                  000019be    00000004     startup_mspm0g350x_ticlang.o (.text.Default_Handler)
                  000019c2    00000004     control_logic.o (.text.GROUP0_IRQHandler)
                  000019c6    00000004     libsysbm.a : hostexit.c.obj (.text.HOSTexit)
                  000019ca    00000004     control_logic.o (.text.HardFault_Handler)
                  000019ce    00000004     control_logic.o (.text.I2C0_IRQHandler)
                  000019d2    00000004     control_logic.o (.text.I2C1_IRQHandler)
                  000019d6    00000004     control_logic.o (.text.NMI_Handler)
                  000019da    00000004     control_logic.o (.text.PendSV_Handler)
                  000019de    00000004     control_logic.o (.text.RTC_IRQHandler)
                  000019e2    00000004     startup_mspm0g350x_ticlang.o (.text.Reset_Handler)
                  000019e6    00000004     control_logic.o (.text.SPI0_IRQHandler)
                  000019ea    00000004     control_logic.o (.text.SPI1_IRQHandler)
                  000019ee    00000004     control_logic.o (.text.SVC_Handler)
                  000019f2    00000004     control_logic.o (.text.SysTick_Handler)
                  000019f6    00000004     control_logic.o (.text.TIMG12_IRQHandler)
                  000019fa    00000004     control_logic.o (.text.TIMG6_IRQHandler)
                  000019fe    00000004     control_logic.o (.text.TIMG7_IRQHandler)
                  00001a02    00000004     control_logic.o (.text.TIMG8_IRQHandler)
                  00001a06    00000004     control_logic.o (.text.UART0_IRQHandler)
                  00001a0a    00000004     control_logic.o (.text.UART2_IRQHandler)
                  00001a0e    00000004     control_logic.o (.text.UART3_IRQHandler)
                  00001a12    00000004     libc.a : pre_init.c.obj (.text._system_pre_init)
                  00001a16    00000002     --HOLE-- [fill = 0]

.cinit     0    00001aa0    00000030     
                  00001aa0    0000000c     (__TI_handler_table)
                  00001aac    0000000b     (.cinit..data.load) [load image, compression = lzss]
                  00001ab7    00000001     --HOLE-- [fill = 0]
                  00001ab8    00000008     (.cinit..bss.load) [load image, compression = zero_init]
                  00001ac0    00000010     (__TI_cinit_table)

.rodata    0    00001a18    00000088     
                  00001a18    00000028     ti_msp_dl_config.o (.rodata.gSYSPLLConfig)
                  00001a40    00000014     ti_msp_dl_config.o (.rodata.gTIMER_BUTTONTimerConfig)
                  00001a54    00000014     ti_msp_dl_config.o (.rodata.gTIMER_LOGICTimerConfig)
                  00001a68    0000000a     ti_msp_dl_config.o (.rodata.gUART_CVConfig)
                  00001a72    0000000a     ti_msp_dl_config.o (.rodata.gUART_STMConfig)
                  00001a7c    0000000a     ti_msp_dl_config.o (.rodata.gUART_TJCConfig)
                  00001a86    00000002     ti_msp_dl_config.o (.rodata.gUART_CVClockConfig)
                  00001a88    00000008     ti_msp_dl_config.o (.rodata.gPWM_ENCODERConfig)
                  00001a90    00000003     ti_msp_dl_config.o (.rodata.gPWM_ENCODERClockConfig)
                  00001a93    00000003     ti_msp_dl_config.o (.rodata.gTIMER_BUTTONClockConfig)
                  00001a96    00000003     ti_msp_dl_config.o (.rodata.gTIMER_LOGICClockConfig)
                  00001a99    00000002     ti_msp_dl_config.o (.rodata.gUART_STMClockConfig)
                  00001a9b    00000002     ti_msp_dl_config.o (.rodata.gUART_TJCClockConfig)
                  00001a9d    00000003     --HOLE-- [fill = 0]

.init_array 
*          0    00000000    00000000     UNINITIALIZED

.binit     0    00000000    00000000     

.bss       0    20200000    000001c8     UNINITIALIZED
                  20200000    000000bc     (.common:gPWM_ENCODERBackup)
                  202000bc    000000bc     (.common:gTIMER_LOGICBackup)
                  20200178    00000030     (.common:gUART_STMBackup)
                  202001a8    00000004     (.common:Get_Encoder_countA)
                  202001ac    00000004     (.common:Get_Encoder_countB)
                  202001b0    00000004     (.common:gpio_interrup1)
                  202001b4    00000004     (.common:gpio_interrup2)
                  202001b8    00000004     (.common:gpio_interrupt_key)
                  202001bc    00000002     motor.o (.bss.Motor_SetSpeed.speed1_out)
                  202001be    00000002     motor.o (.bss.Motor_SetSpeed.speed2_out)
                  202001c0    00000001     (.common:L1_Val)
                  202001c1    00000001     (.common:L2_Val)
                  202001c2    00000001     (.common:L3_Val)
                  202001c3    00000001     (.common:M_Val)
                  202001c4    00000001     (.common:R1_Val)
                  202001c5    00000001     (.common:R2_Val)
                  202001c6    00000001     (.common:R3_Val)
                  202001c7    00000001     (.common:sensor_state)

.data      0    202001c8    0000000f     UNINITIALIZED
                  202001c8    00000004     grey_sensor.o (.data.Line_Num)
                  202001cc    00000004     encoder.o (.data.pressDurationMs)
                  202001d0    00000001     encoder.o (.data.buttonState)
                  202001d1    00000001     control.o (.data.corner_count)
                  202001d2    00000001     control.o (.data.cur_circle)
                  202001d3    00000001     control.o (.data.current_state)
                  202001d4    00000001     uart.o (.data.receive_state)
                  202001d5    00000001     uart.o (.data.received_number)
                  202001d6    00000001     encoder.o (.data.tar_circle)

.stack     0    20207e00    00000200     UNINITIALIZED
                  20207e00    00000004     libc.a : boot_cortex_m.c.obj (.stack)
                  20207e04    000001fc     --HOLE--

__llvm_prf_cnts 
*          0    20200000    00000000     UNINITIALIZED

__llvm_prf_bits 
*          0    20200000    00000000     UNINITIALIZED

MODULE SUMMARY

       Module                         code   ro data   rw data
       ------                         ----   -------   -------
    .\
       ti_msp_dl_config.o             2240   133       424    
       empty.o                        332    0         0      
       startup_mspm0g350x_ticlang.o   8      192       0      
    +--+------------------------------+------+---------+---------+
       Total:                         2580   325       424    
                                                              
    .\User\
       grey_sensor.o                  882    0         12     
       encoder.o                      590    0         26     
       motor.o                        404    0         4      
       control_logic.o                294    0         0      
       uart.o                         258    0         2      
       control.o                      192    0         3      
    +--+------------------------------+------+---------+---------+
       Total:                         2620   0         47     
                                                              
    C:/ti/mspm0_sdk_2_05_01_00/source/ti/driverlib/lib/ticlang/m0p/mspm0g1x0x_g3x0x/driverlib.a
       dl_timer.o                     588    0         0      
       dl_sysctl_mspm0g1x0x_g3x0x.o   288    0         0      
       dl_uart.o                      90     0         0      
       dl_common.o                    10     0         0      
    +--+------------------------------+------+---------+---------+
       Total:                         976    0         0      
                                                              
    C:\ti\ccs2020\ccs\tools\compiler\ti-cgt-armllvm_4.0.3.LTS\lib\armv6m-ti-none-eabi/c/libc.a
       copy_decompress_lzss.c.obj     124    0         0      
       autoinit.c.obj                 60     0         0      
       boot_cortex_m.c.obj            40     0         0      
       copy_zero_init.c.obj           22     0         0      
       copy_decompress_none.c.obj     18     0         0      
       memcpy16.S.obj                 18     0         0      
       exit.c.obj                     6      0         0      
       pre_init.c.obj                 4      0         0      
    +--+------------------------------+------+---------+---------+
       Total:                         292    0         0      
                                                              
    C:\ti\ccs2020\ccs\tools\compiler\ti-cgt-armllvm_4.0.3.LTS\lib\armv6m-ti-none-eabi/c/libsysbm.a
       hostexit.c.obj                 4      0         0      
    +--+------------------------------+------+---------+---------+
       Total:                         4      0         0      
                                                              
    C:\ti\ccs2020\ccs\tools\compiler\ti-cgt-armllvm_4.0.3.LTS\lib\armv6m-ti-none-eabi/libclang_rt.builtins.a
       aeabi_memcpy.S.obj             8      0         0      
    +--+------------------------------+------+---------+---------+
       Total:                         8      0         0      
                                                              
       Stack:                         0      0         512    
       Linker Generated:              0      47        0      
    +--+------------------------------+------+---------+---------+
       Grand Total:                   6480   372       983    


LINKER GENERATED COPY TABLES

__TI_cinit_table @ 00001ac0 records: 2, size/record: 8, table size: 16
	.data: load addr=00001aac, load size=0000000b bytes, run addr=202001c8, run size=0000000f bytes, compression=lzss
	.bss: load addr=00001ab8, load size=00000008 bytes, run addr=20200000, run size=000001c8 bytes, compression=zero_init


LINKER GENERATED HANDLER TABLE

__TI_handler_table @ 00001aa0 records: 3, size/record: 4, table size: 12
	index: 0, handler: __TI_decompress_lzss
	index: 1, handler: __TI_decompress_none
	index: 2, handler: __TI_zero_init


GLOBAL SYMBOLS: SORTED ALPHABETICALLY BY Name 

address   name                                 
-------   ----                                 
000019a7  ADC0_IRQHandler                      
000019ab  ADC1_IRQHandler                      
000019af  AES_IRQHandler                       
000019c6  C$$EXIT                              
000019b3  CANFD0_IRQHandler                    
000019b7  DAC0_IRQHandler                      
0000198d  DL_Common_delayCycles                
00000ac1  DL_SYSCTL_configSYSPLL               
000011e5  DL_SYSCTL_switchMCLKfromSYSOSCtoHSCLK
000008d5  DL_Timer_initFourCCPWMMode           
000009d9  DL_Timer_initTimerMode               
000015e9  DL_Timer_setCaptCompUpdateMethod     
0000175d  DL_Timer_setCaptureCompareOutCtl     
0000196d  DL_Timer_setCaptureCompareValue      
00001605  DL_Timer_setClockConfig              
000010c5  DL_UART_init                         
00001925  DL_UART_setClockConfig               
000019bb  DMA_IRQHandler                       
000019bf  Default_Handler                      
000019c3  GROUP0_IRQHandler                    
00000315  GROUP1_IRQHandler                    
202001a8  Get_Encoder_countA                   
202001ac  Get_Encoder_countB                   
000007cd  Get_Light_TTL                        
000019c7  HOSTexit                             
000019cb  HardFault_Handler                    
000019cf  I2C0_IRQHandler                      
000019d3  I2C1_IRQHandler                      
202001c0  L1_Val                               
202001c1  L2_Val                               
202001c2  L3_Val                               
000000c1  Light_GoStraight_control             
202001c8  Line_Num                             
202001c3  M_Val                                
0000197d  Motor_Disable                        
000006a5  Motor_SetSpeed                       
000019d7  NMI_Handler                          
000019db  PendSV_Handler                       
202001c4  R1_Val                               
202001c5  R2_Val                               
202001c6  R3_Val                               
000019df  RTC_IRQHandler                       
000019e3  Reset_Handler                        
000019e7  SPI0_IRQHandler                      
000019eb  SPI1_IRQHandler                      
000019ef  SVC_Handler                          
000004e9  SYSCFG_DL_GPIO_init                  
00000e85  SYSCFG_DL_PWM_ENCODER_init           
0000110d  SYSCFG_DL_SYSCTL_init                
00001391  SYSCFG_DL_TIMER_BUTTON_init          
000012e5  SYSCFG_DL_TIMER_LOGIC_init           
00001229  SYSCFG_DL_UART_CV_init               
00001269  SYSCFG_DL_UART_STM_init              
00001155  SYSCFG_DL_UART_TJC_init              
0000119d  SYSCFG_DL_init                       
00000de5  SYSCFG_DL_initPower                  
000019f3  SysTick_Handler                      
000019bf  TIMA0_IRQHandler                     
000014ad  TIMA1_IRQHandler                     
00001015  TIMG0_IRQHandler                     
000019f7  TIMG12_IRQHandler                    
000019fb  TIMG6_IRQHandler                     
000019ff  TIMG7_IRQHandler                     
00001a03  TIMG8_IRQHandler                     
00001937  TI_memcpy_small                      
00001a07  UART0_IRQHandler                     
00000b9d  UART1_IRQHandler                     
00001a0b  UART2_IRQHandler                     
00001a0f  UART3_IRQHandler                     
20208000  __STACK_END                          
00000200  __STACK_SIZE                         
00000000  __TI_ATRegion0_region_sz             
00000000  __TI_ATRegion0_src_addr              
00000000  __TI_ATRegion0_trg_addr              
00000000  __TI_ATRegion1_region_sz             
00000000  __TI_ATRegion1_src_addr              
00000000  __TI_ATRegion1_trg_addr              
00000000  __TI_ATRegion2_region_sz             
00000000  __TI_ATRegion2_src_addr              
00000000  __TI_ATRegion2_trg_addr              
00001ac0  __TI_CINIT_Base                      
00001ad0  __TI_CINIT_Limit                     
00001ad0  __TI_CINIT_Warm                      
00001aa0  __TI_Handler_Table_Base              
00001aac  __TI_Handler_Table_Limit             
00001321  __TI_auto_init_nobinit_nopinit       
00000f99  __TI_decompress_lzss                 
00001949  __TI_decompress_none                 
ffffffff  __TI_pprof_out_hndl                  
ffffffff  __TI_prof_data_size                  
ffffffff  __TI_prof_data_start                 
00000000  __TI_static_base__                   
0000185f  __TI_zero_init_nomemset              
00001999  __aeabi_memcpy                       
00001999  __aeabi_memcpy4                      
00001999  __aeabi_memcpy8                      
ffffffff  __binit__                            
UNDEFED   __mpu_init                           
20207e00  __stack                              
20200000  __start___llvm_prf_bits              
20200000  __start___llvm_prf_cnts              
20200000  __stop___llvm_prf_bits               
20200000  __stop___llvm_prf_cnts               
00001445  _c_int00_noargs                      
UNDEFED   _system_post_cinit                   
00001a13  _system_pre_init                     
000019a1  abort                                
ffffffff  binit                                
202001d0  buttonState                          
00000c79  control                              
202001d1  corner_count                         
202001d2  cur_circle                           
202001d3  current_state                        
20200000  gPWM_ENCODERBackup                   
202000bc  gTIMER_LOGICBackup                   
20200178  gUART_STMBackup                      
202001b0  gpio_interrup1                       
202001b4  gpio_interrup2                       
202001b8  gpio_interrupt_key                   
00000000  interruptVectors                     
00000d39  main                                 
202001cc  pressDurationMs                      
202001c7  sensor_state                         
202001d6  tar_circle                           


GLOBAL SYMBOLS: SORTED BY Symbol Address 

address   name                                 
-------   ----                                 
00000000  __TI_ATRegion0_region_sz             
00000000  __TI_ATRegion0_src_addr              
00000000  __TI_ATRegion0_trg_addr              
00000000  __TI_ATRegion1_region_sz             
00000000  __TI_ATRegion1_src_addr              
00000000  __TI_ATRegion1_trg_addr              
00000000  __TI_ATRegion2_region_sz             
00000000  __TI_ATRegion2_src_addr              
00000000  __TI_ATRegion2_trg_addr              
00000000  __TI_static_base__                   
00000000  interruptVectors                     
000000c1  Light_GoStraight_control             
00000200  __STACK_SIZE                         
00000315  GROUP1_IRQHandler                    
000004e9  SYSCFG_DL_GPIO_init                  
000006a5  Motor_SetSpeed                       
000007cd  Get_Light_TTL                        
000008d5  DL_Timer_initFourCCPWMMode           
000009d9  DL_Timer_initTimerMode               
00000ac1  DL_SYSCTL_configSYSPLL               
00000b9d  UART1_IRQHandler                     
00000c79  control                              
00000d39  main                                 
00000de5  SYSCFG_DL_initPower                  
00000e85  SYSCFG_DL_PWM_ENCODER_init           
00000f99  __TI_decompress_lzss                 
00001015  TIMG0_IRQHandler                     
000010c5  DL_UART_init                         
0000110d  SYSCFG_DL_SYSCTL_init                
00001155  SYSCFG_DL_UART_TJC_init              
0000119d  SYSCFG_DL_init                       
000011e5  DL_SYSCTL_switchMCLKfromSYSOSCtoHSCLK
00001229  SYSCFG_DL_UART_CV_init               
00001269  SYSCFG_DL_UART_STM_init              
000012e5  SYSCFG_DL_TIMER_LOGIC_init           
00001321  __TI_auto_init_nobinit_nopinit       
00001391  SYSCFG_DL_TIMER_BUTTON_init          
00001445  _c_int00_noargs                      
000014ad  TIMA1_IRQHandler                     
000015e9  DL_Timer_setCaptCompUpdateMethod     
00001605  DL_Timer_setClockConfig              
0000175d  DL_Timer_setCaptureCompareOutCtl     
0000185f  __TI_zero_init_nomemset              
00001925  DL_UART_setClockConfig               
00001937  TI_memcpy_small                      
00001949  __TI_decompress_none                 
0000196d  DL_Timer_setCaptureCompareValue      
0000197d  Motor_Disable                        
0000198d  DL_Common_delayCycles                
00001999  __aeabi_memcpy                       
00001999  __aeabi_memcpy4                      
00001999  __aeabi_memcpy8                      
000019a1  abort                                
000019a7  ADC0_IRQHandler                      
000019ab  ADC1_IRQHandler                      
000019af  AES_IRQHandler                       
000019b3  CANFD0_IRQHandler                    
000019b7  DAC0_IRQHandler                      
000019bb  DMA_IRQHandler                       
000019bf  Default_Handler                      
000019bf  TIMA0_IRQHandler                     
000019c3  GROUP0_IRQHandler                    
000019c6  C$$EXIT                              
000019c7  HOSTexit                             
000019cb  HardFault_Handler                    
000019cf  I2C0_IRQHandler                      
000019d3  I2C1_IRQHandler                      
000019d7  NMI_Handler                          
000019db  PendSV_Handler                       
000019df  RTC_IRQHandler                       
000019e3  Reset_Handler                        
000019e7  SPI0_IRQHandler                      
000019eb  SPI1_IRQHandler                      
000019ef  SVC_Handler                          
000019f3  SysTick_Handler                      
000019f7  TIMG12_IRQHandler                    
000019fb  TIMG6_IRQHandler                     
000019ff  TIMG7_IRQHandler                     
00001a03  TIMG8_IRQHandler                     
00001a07  UART0_IRQHandler                     
00001a0b  UART2_IRQHandler                     
00001a0f  UART3_IRQHandler                     
00001a13  _system_pre_init                     
00001aa0  __TI_Handler_Table_Base              
00001aac  __TI_Handler_Table_Limit             
00001ac0  __TI_CINIT_Base                      
00001ad0  __TI_CINIT_Limit                     
00001ad0  __TI_CINIT_Warm                      
20200000  __start___llvm_prf_bits              
20200000  __start___llvm_prf_cnts              
20200000  __stop___llvm_prf_bits               
20200000  __stop___llvm_prf_cnts               
20200000  gPWM_ENCODERBackup                   
202000bc  gTIMER_LOGICBackup                   
20200178  gUART_STMBackup                      
202001a8  Get_Encoder_countA                   
202001ac  Get_Encoder_countB                   
202001b0  gpio_interrup1                       
202001b4  gpio_interrup2                       
202001b8  gpio_interrupt_key                   
202001c0  L1_Val                               
202001c1  L2_Val                               
202001c2  L3_Val                               
202001c3  M_Val                                
202001c4  R1_Val                               
202001c5  R2_Val                               
202001c6  R3_Val                               
202001c7  sensor_state                         
202001c8  Line_Num                             
202001cc  pressDurationMs                      
202001d0  buttonState                          
202001d1  corner_count                         
202001d2  cur_circle                           
202001d3  current_state                        
202001d6  tar_circle                           
20207e00  __stack                              
20208000  __STACK_END                          
ffffffff  __TI_pprof_out_hndl                  
ffffffff  __TI_prof_data_size                  
ffffffff  __TI_prof_data_start                 
ffffffff  __binit__                            
ffffffff  binit                                
UNDEFED   __mpu_init                           
UNDEFED   _system_post_cinit                   

[124 symbols]
